  Determining projects to restore...
C:\WorkSpace\AquaAPI\src\BuildingBlocks\BuildingBlocks.Application\BuildingBlocks.Application.csproj : warning NU1504: Duplicate 'PackageReference' items found. Remove the duplicate items or use the Update functionality to ensure a consistent restore behavior. The duplicate 'PackageReference' items are: MediatR , MediatR ; FluentValidation.DependencyInjectionExtensions , FluentValidation.DependencyInjectionExtensions .
C:\WorkSpace\AquaAPI\src\Services\ControlService\Control.API.E2ETests\Control.API.E2ETests.csproj : warning NU1504: Duplicate 'PackageReference' items found. Remove the duplicate items or use the Update functionality to ensure a consistent restore behavior. The duplicate 'PackageReference' items are: Microsoft.NET.Test.Sdk , Microsoft.NET.Test.Sdk ; xunit , xunit ; xunit.runner.visualstudio , xunit.runner.visualstudio ; coverlet.collector , coverlet.collector ; FluentAssertions , FluentAssertions ; Microsoft.AspNetCore.Mvc.Testing , Microsoft.AspNetCore.Mvc.Testing .
C:\WorkSpace\AquaAPI\src\Services\ControlService\ControlService\Control.API.csproj : warning NU1506: Duplicate 'PackageVersion' items found. Remove the duplicate items or use the Update functionality to ensure a consistent restore behavior. The duplicate 'PackageVersion' items are: Microsoft.Extensions.Configuration.Abstractions 10.0.10, Microsoft.Extensions.Configuration.Abstractions 10.0.0.
C:\WorkSpace\AquaAPI\src\Services\ControlService\Control.TestShared\Control.TestShared.csproj : warning NU1506: Duplicate 'PackageVersion' items found. Remove the duplicate items or use the Update functionality to ensure a consistent restore behavior. The duplicate 'PackageVersion' items are: Microsoft.Extensions.Configuration.Abstractions 10.0.10, Microsoft.Extensions.Configuration.Abstractions 10.0.0.
C:\WorkSpace\AquaAPI\src\Services\ControlService\Control.Infrastructure.IntegrationTests\Control.Infrastructure.IntegrationTests.csproj : warning NU1506: Duplicate 'PackageVersion' items found. Remove the duplicate items or use the Update functionality to ensure a consistent restore behavior. The duplicate 'PackageVersion' items are: Microsoft.Extensions.Configuration.Abstractions 10.0.10, Microsoft.Extensions.Configuration.Abstractions 10.0.0.
C:\WorkSpace\AquaAPI\src\Services\ControlService\ControlService.Application\Control.Application.csproj : warning NU1506: Duplicate 'PackageVersion' items found. Remove the duplicate items or use the Update functionality to ensure a consistent restore behavior. The duplicate 'PackageVersion' items are: Microsoft.Extensions.Configuration.Abstractions 10.0.10, Microsoft.Extensions.Configuration.Abstractions 10.0.0.
C:\WorkSpace\AquaAPI\src\Services\ControlService\ControlService.Domain\Control.Domain.csproj : warning NU1506: Duplicate 'PackageVersion' items found. Remove the duplicate items or use the Update functionality to ensure a consistent restore behavior. The duplicate 'PackageVersion' items are: Microsoft.Extensions.Configuration.Abstractions 10.0.10, Microsoft.Extensions.Configuration.Abstractions 10.0.0.
C:\WorkSpace\AquaAPI\src\BuildingBlocks\BuildingBlocks.Application\BuildingBlocks.Application.csproj : warning NU1506: Duplicate 'PackageVersion' items found. Remove the duplicate items or use the Update functionality to ensure a consistent restore behavior. The duplicate 'PackageVersion' items are: Microsoft.Extensions.Configuration.Abstractions 10.0.10, Microsoft.Extensions.Configuration.Abstractions 10.0.0.
C:\WorkSpace\AquaAPI\src\BuildingBlocks\BuildingBlocks.Infrastructure\BuildingBlocks.Infrastructure.csproj : warning NU1506: Duplicate 'PackageVersion' items found. Remove the duplicate items or use the Update functionality to ensure a consistent restore behavior. The duplicate 'PackageVersion' items are: Microsoft.Extensions.Configuration.Abstractions 10.0.10, Microsoft.Extensions.Configuration.Abstractions 10.0.0.
C:\WorkSpace\AquaAPI\src\Services\ControlService\ControlService.Infrastructure\Control.Infrastructure.csproj : warning NU1506: Duplicate 'PackageVersion' items found. Remove the duplicate items or use the Update functionality to ensure a consistent restore behavior. The duplicate 'PackageVersion' items are: Microsoft.Extensions.Configuration.Abstractions 10.0.10, Microsoft.Extensions.Configuration.Abstractions 10.0.0.
C:\WorkSpace\AquaAPI\src\BuildingBlocks\BuildingBlocks.GrpcContracts\BuildingBlocks.GrpcContracts.csproj : warning NU1506: Duplicate 'PackageVersion' items found. Remove the duplicate items or use the Update functionality to ensure a consistent restore behavior. The duplicate 'PackageVersion' items are: Microsoft.Extensions.Configuration.Abstractions 10.0.10, Microsoft.Extensions.Configuration.Abstractions 10.0.0.
C:\WorkSpace\AquaAPI\src\Services\ControlService\Control.API.E2ETests\Control.API.E2ETests.csproj : warning NU1506: Duplicate 'PackageVersion' items found. Remove the duplicate items or use the Update functionality to ensure a consistent restore behavior. The duplicate 'PackageVersion' items are: Microsoft.Extensions.Configuration.Abstractions 10.0.10, Microsoft.Extensions.Configuration.Abstractions 10.0.0.
C:\WorkSpace\AquaAPI\src\BuildingBlocks\BuildingBlocks.Presentation\BuildingBlocks.Presentation.csproj : warning NU1506: Duplicate 'PackageVersion' items found. Remove the duplicate items or use the Update functionality to ensure a consistent restore behavior. The duplicate 'PackageVersion' items are: Microsoft.Extensions.Configuration.Abstractions 10.0.10, Microsoft.Extensions.Configuration.Abstractions 10.0.0.
C:\WorkSpace\AquaAPI\src\BuildingBlocks\BuildingBlocks.Domain\BuildingBlocks.Domain.csproj : warning NU1506: Duplicate 'PackageVersion' items found. Remove the duplicate items or use the Update functionality to ensure a consistent restore behavior. The duplicate 'PackageVersion' items are: Microsoft.Extensions.Configuration.Abstractions 10.0.10, Microsoft.Extensions.Configuration.Abstractions 10.0.0.
C:\WorkSpace\AquaAPI\src\BuildingBlocks\BuildingBlocks.IntegrationEvents\BuildingBlocks.IntegrationEvents.csproj : warning NU1506: Duplicate 'PackageVersion' items found. Remove the duplicate items or use the Update functionality to ensure a consistent restore behavior. The duplicate 'PackageVersion' items are: Microsoft.Extensions.Configuration.Abstractions 10.0.10, Microsoft.Extensions.Configuration.Abstractions 10.0.0.
  All projects are up-to-date for restore.
C:\WorkSpace\AquaAPI\src\Services\ControlService\Control.API.E2ETests\Control.API.E2ETests.csproj : warning NU1504: Duplicate 'PackageReference' items found. Remove the duplicate items or use the Update functionality to ensure a consistent restore behavior. The duplicate 'PackageReference' items are: Microsoft.NET.Test.Sdk , Microsoft.NET.Test.Sdk ; xunit , xunit ; xunit.runner.visualstudio , xunit.runner.visualstudio ; coverlet.collector , coverlet.collector ; FluentAssertions , FluentAssertions ; Microsoft.AspNetCore.Mvc.Testing , Microsoft.AspNetCore.Mvc.Testing .
C:\WorkSpace\AquaAPI\src\BuildingBlocks\BuildingBlocks.Application\BuildingBlocks.Application.csproj : warning NU1504: Duplicate 'PackageReference' items found. Remove the duplicate items or use the Update functionality to ensure a consistent restore behavior. The duplicate 'PackageReference' items are: MediatR , MediatR ; FluentValidation.DependencyInjectionExtensions , FluentValidation.DependencyInjectionExtensions .
  BuildingBlocks.Domain -> C:\WorkSpace\AquaAPI\src\BuildingBlocks\BuildingBlocks.Domain\bin\Debug\net8.0\BuildingBlocks.Domain.dll
  BuildingBlocks.GrpcContracts -> C:\WorkSpace\AquaAPI\src\BuildingBlocks\BuildingBlocks.GrpcContracts\bin\Debug\net8.0\BuildingBlocks.GrpcContracts.dll
  BuildingBlocks.Application -> C:\WorkSpace\AquaAPI\src\BuildingBlocks\BuildingBlocks.Application\bin\Debug\net8.0\BuildingBlocks.Application.dll
  Control.Domain -> C:\WorkSpace\AquaAPI\src\Services\ControlService\ControlService.Domain\bin\Debug\net8.0\Control.Domain.dll
  BuildingBlocks.IntegrationEvents -> C:\WorkSpace\AquaAPI\src\BuildingBlocks\BuildingBlocks.IntegrationEvents\bin\Debug\net8.0\BuildingBlocks.IntegrationEvents.dll
  BuildingBlocks.Presentation -> C:\WorkSpace\AquaAPI\src\BuildingBlocks\BuildingBlocks.Presentation\bin\Debug\net8.0\BuildingBlocks.Presentation.dll
  Control.TestShared -> C:\WorkSpace\AquaAPI\src\Services\ControlService\Control.TestShared\bin\Debug\net8.0\Control.TestShared.dll
  Control.Application -> C:\WorkSpace\AquaAPI\src\Services\ControlService\ControlService.Application\bin\Debug\net8.0\Control.Application.dll
  BuildingBlocks.Infrastructure -> C:\WorkSpace\AquaAPI\src\BuildingBlocks\BuildingBlocks.Infrastructure\bin\Debug\net8.0\BuildingBlocks.Infrastructure.dll
  Control.Infrastructure -> C:\WorkSpace\AquaAPI\src\Services\ControlService\ControlService.Infrastructure\bin\Debug\net8.0\Control.Infrastructure.dll
MSBUILD : error MSB4166: Child node "4" exited prematurely. Shutting down. Diagnostic information may be found in files in "C:\Users\Roman\AppData\Local\Temp\MSBuildTemp\" and will be named MSBuild_*.failure.txt. This location can be changed by setting the MSBUILDDEBUGPATH environment variable to a different directory.
MSBUILD : error MSB4166: Child node "6" exited prematurely. Shutting down. Diagnostic information may be found in files in "C:\Users\Roman\AppData\Local\Temp\MSBuildTemp\" and will be named MSBuild_*.failure.txt. This location can be changed by setting the MSBUILDDEBUGPATH environment variable to a different directory.
MSBUILD : error MSB4166: Child node "2" exited prematurely. Shutting down. Diagnostic information may be found in files in "C:\Users\Roman\AppData\Local\Temp\MSBuildTemp\" and will be named MSBuild_*.failure.txt. This location can be changed by setting the MSBUILDDEBUGPATH environment variable to a different directory.
MSBUILD : error MSB4166: Child node "3" exited prematurely. Shutting down. Diagnostic information may be found in files in "C:\Users\Roman\AppData\Local\Temp\MSBuildTemp\" and will be named MSBuild_*.failure.txt. This location can be changed by setting the MSBUILDDEBUGPATH environment variable to a different directory.
MSBUILD : error MSB4166: Child node "5" exited prematurely. Shutting down. Diagnostic information may be found in files in "C:\Users\Roman\AppData\Local\Temp\MSBuildTemp\" and will be named MSBuild_*.failure.txt. This location can be changed by setting the MSBUILDDEBUGPATH environment variable to a different directory.

Build FAILED.

C:\WorkSpace\AquaAPI\src\BuildingBlocks\BuildingBlocks.Application\BuildingBlocks.Application.csproj : warning NU1504: Duplicate 'PackageReference' items found. Remove the duplicate items or use the Update functionality to ensure a consistent restore behavior. The duplicate 'PackageReference' items are: MediatR , MediatR ; FluentValidation.DependencyInjectionExtensions , FluentValidation.DependencyInjectionExtensions .
C:\WorkSpace\AquaAPI\src\Services\ControlService\Control.API.E2ETests\Control.API.E2ETests.csproj : warning NU1504: Duplicate 'PackageReference' items found. Remove the duplicate items or use the Update functionality to ensure a consistent restore behavior. The duplicate 'PackageReference' items are: Microsoft.NET.Test.Sdk , Microsoft.NET.Test.Sdk ; xunit , xunit ; xunit.runner.visualstudio , xunit.runner.visualstudio ; coverlet.collector , coverlet.collector ; FluentAssertions , FluentAssertions ; Microsoft.AspNetCore.Mvc.Testing , Microsoft.AspNetCore.Mvc.Testing .
C:\WorkSpace\AquaAPI\src\Services\ControlService\ControlService\Control.API.csproj : warning NU1506: Duplicate 'PackageVersion' items found. Remove the duplicate items or use the Update functionality to ensure a consistent restore behavior. The duplicate 'PackageVersion' items are: Microsoft.Extensions.Configuration.Abstractions 10.0.10, Microsoft.Extensions.Configuration.Abstractions 10.0.0.
C:\WorkSpace\AquaAPI\src\Services\ControlService\Control.TestShared\Control.TestShared.csproj : warning NU1506: Duplicate 'PackageVersion' items found. Remove the duplicate items or use the Update functionality to ensure a consistent restore behavior. The duplicate 'PackageVersion' items are: Microsoft.Extensions.Configuration.Abstractions 10.0.10, Microsoft.Extensions.Configuration.Abstractions 10.0.0.
C:\WorkSpace\AquaAPI\src\Services\ControlService\Control.Infrastructure.IntegrationTests\Control.Infrastructure.IntegrationTests.csproj : warning NU1506: Duplicate 'PackageVersion' items found. Remove the duplicate items or use the Update functionality to ensure a consistent restore behavior. The duplicate 'PackageVersion' items are: Microsoft.Extensions.Configuration.Abstractions 10.0.10, Microsoft.Extensions.Configuration.Abstractions 10.0.0.
C:\WorkSpace\AquaAPI\src\Services\ControlService\ControlService.Application\Control.Application.csproj : warning NU1506: Duplicate 'PackageVersion' items found. Remove the duplicate items or use the Update functionality to ensure a consistent restore behavior. The duplicate 'PackageVersion' items are: Microsoft.Extensions.Configuration.Abstractions 10.0.10, Microsoft.Extensions.Configuration.Abstractions 10.0.0.
C:\WorkSpace\AquaAPI\src\Services\ControlService\ControlService.Domain\Control.Domain.csproj : warning NU1506: Duplicate 'PackageVersion' items found. Remove the duplicate items or use the Update functionality to ensure a consistent restore behavior. The duplicate 'PackageVersion' items are: Microsoft.Extensions.Configuration.Abstractions 10.0.10, Microsoft.Extensions.Configuration.Abstractions 10.0.0.
C:\WorkSpace\AquaAPI\src\BuildingBlocks\BuildingBlocks.Application\BuildingBlocks.Application.csproj : warning NU1506: Duplicate 'PackageVersion' items found. Remove the duplicate items or use the Update functionality to ensure a consistent restore behavior. The duplicate 'PackageVersion' items are: Microsoft.Extensions.Configuration.Abstractions 10.0.10, Microsoft.Extensions.Configuration.Abstractions 10.0.0.
C:\WorkSpace\AquaAPI\src\BuildingBlocks\BuildingBlocks.Infrastructure\BuildingBlocks.Infrastructure.csproj : warning NU1506: Duplicate 'PackageVersion' items found. Remove the duplicate items or use the Update functionality to ensure a consistent restore behavior. The duplicate 'PackageVersion' items are: Microsoft.Extensions.Configuration.Abstractions 10.0.10, Microsoft.Extensions.Configuration.Abstractions 10.0.0.
C:\WorkSpace\AquaAPI\src\Services\ControlService\ControlService.Infrastructure\Control.Infrastructure.csproj : warning NU1506: Duplicate 'PackageVersion' items found. Remove the duplicate items or use the Update functionality to ensure a consistent restore behavior. The duplicate 'PackageVersion' items are: Microsoft.Extensions.Configuration.Abstractions 10.0.10, Microsoft.Extensions.Configuration.Abstractions 10.0.0.
C:\WorkSpace\AquaAPI\src\BuildingBlocks\BuildingBlocks.GrpcContracts\BuildingBlocks.GrpcContracts.csproj : warning NU1506: Duplicate 'PackageVersion' items found. Remove the duplicate items or use the Update functionality to ensure a consistent restore behavior. The duplicate 'PackageVersion' items are: Microsoft.Extensions.Configuration.Abstractions 10.0.10, Microsoft.Extensions.Configuration.Abstractions 10.0.0.
C:\WorkSpace\AquaAPI\src\Services\ControlService\Control.API.E2ETests\Control.API.E2ETests.csproj : warning NU1506: Duplicate 'PackageVersion' items found. Remove the duplicate items or use the Update functionality to ensure a consistent restore behavior. The duplicate 'PackageVersion' items are: Microsoft.Extensions.Configuration.Abstractions 10.0.10, Microsoft.Extensions.Configuration.Abstractions 10.0.0.
C:\WorkSpace\AquaAPI\src\BuildingBlocks\BuildingBlocks.Presentation\BuildingBlocks.Presentation.csproj : warning NU1506: Duplicate 'PackageVersion' items found. Remove the duplicate items or use the Update functionality to ensure a consistent restore behavior. The duplicate 'PackageVersion' items are: Microsoft.Extensions.Configuration.Abstractions 10.0.10, Microsoft.Extensions.Configuration.Abstractions 10.0.0.
C:\WorkSpace\AquaAPI\src\BuildingBlocks\BuildingBlocks.Domain\BuildingBlocks.Domain.csproj : warning NU1506: Duplicate 'PackageVersion' items found. Remove the duplicate items or use the Update functionality to ensure a consistent restore behavior. The duplicate 'PackageVersion' items are: Microsoft.Extensions.Configuration.Abstractions 10.0.10, Microsoft.Extensions.Configuration.Abstractions 10.0.0.
C:\WorkSpace\AquaAPI\src\BuildingBlocks\BuildingBlocks.IntegrationEvents\BuildingBlocks.IntegrationEvents.csproj : warning NU1506: Duplicate 'PackageVersion' items found. Remove the duplicate items or use the Update functionality to ensure a consistent restore behavior. The duplicate 'PackageVersion' items are: Microsoft.Extensions.Configuration.Abstractions 10.0.10, Microsoft.Extensions.Configuration.Abstractions 10.0.0.
C:\WorkSpace\AquaAPI\src\Services\ControlService\Control.API.E2ETests\Control.API.E2ETests.csproj : warning NU1504: Duplicate 'PackageReference' items found. Remove the duplicate items or use the Update functionality to ensure a consistent restore behavior. The duplicate 'PackageReference' items are: Microsoft.NET.Test.Sdk , Microsoft.NET.Test.Sdk ; xunit , xunit ; xunit.runner.visualstudio , xunit.runner.visualstudio ; coverlet.collector , coverlet.collector ; FluentAssertions , FluentAssertions ; Microsoft.AspNetCore.Mvc.Testing , Microsoft.AspNetCore.Mvc.Testing .
C:\WorkSpace\AquaAPI\src\BuildingBlocks\BuildingBlocks.Application\BuildingBlocks.Application.csproj : warning NU1504: Duplicate 'PackageReference' items found. Remove the duplicate items or use the Update functionality to ensure a consistent restore behavior. The duplicate 'PackageReference' items are: MediatR , MediatR ; FluentValidation.DependencyInjectionExtensions , FluentValidation.DependencyInjectionExtensions .
MSBUILD : error MSB4166: Child node "4" exited prematurely. Shutting down. Diagnostic information may be found in files in "C:\Users\Roman\AppData\Local\Temp\MSBuildTemp\" and will be named MSBuild_*.failure.txt. This location can be changed by setting the MSBUILDDEBUGPATH environment variable to a different directory.
MSBUILD : error MSB4166: Child node "6" exited prematurely. Shutting down. Diagnostic information may be found in files in "C:\Users\Roman\AppData\Local\Temp\MSBuildTemp\" and will be named MSBuild_*.failure.txt. This location can be changed by setting the MSBUILDDEBUGPATH environment variable to a different directory.
MSBUILD : error MSB4166: Child node "2" exited prematurely. Shutting down. Diagnostic information may be found in files in "C:\Users\Roman\AppData\Local\Temp\MSBuildTemp\" and will be named MSBuild_*.failure.txt. This location can be changed by setting the MSBUILDDEBUGPATH environment variable to a different directory.
MSBUILD : error MSB4166: Child node "3" exited prematurely. Shutting down. Diagnostic information may be found in files in "C:\Users\Roman\AppData\Local\Temp\MSBuildTemp\" and will be named MSBuild_*.failure.txt. This location can be changed by setting the MSBUILDDEBUGPATH environment variable to a different directory.
MSBUILD : error MSB4166: Child node "5" exited prematurely. Shutting down. Diagnostic information may be found in files in "C:\Users\Roman\AppData\Local\Temp\MSBuildTemp\" and will be named MSBuild_*.failure.txt. This location can be changed by setting the MSBUILDDEBUGPATH environment variable to a different directory.
    17 Warning(s)
    5 Error(s)

Time Elapsed 00:00:04.01
  Determining projects to restore...
C:\WorkSpace\AquaAPI\src\BuildingBlocks\BuildingBlocks.Application\BuildingBlocks.Application.csproj : warning NU1504: Duplicate 'PackageReference' items found. Remove the duplicate items or use the Update functionality to ensure a consistent restore behavior. The duplicate 'PackageReference' items are: MediatR , MediatR ; FluentValidation.DependencyInjectionExtensions , FluentValidation.DependencyInjectionExtensions .
C:\WorkSpace\AquaAPI\src\Services\ControlService\ControlService.Application\Control.Application.csproj : warning NU1506: Duplicate 'PackageVersion' items found. Remove the duplicate items or use the Update functionality to ensure a consistent restore behavior. The duplicate 'PackageVersion' items are: Microsoft.Extensions.Configuration.Abstractions 10.0.10, Microsoft.Extensions.Configuration.Abstractions 10.0.0.
C:\WorkSpace\AquaAPI\src\BuildingBlocks\BuildingBlocks.Application\BuildingBlocks.Application.csproj : warning NU1506: Duplicate 'PackageVersion' items found. Remove the duplicate items or use the Update functionality to ensure a consistent restore behavior. The duplicate 'PackageVersion' items are: Microsoft.Extensions.Configuration.Abstractions 10.0.10, Microsoft.Extensions.Configuration.Abstractions 10.0.0.
C:\WorkSpace\AquaAPI\src\Services\ControlService\ControlService.Domain\Control.Domain.csproj : warning NU1506: Duplicate 'PackageVersion' items found. Remove the duplicate items or use the Update functionality to ensure a consistent restore behavior. The duplicate 'PackageVersion' items are: Microsoft.Extensions.Configuration.Abstractions 10.0.10, Microsoft.Extensions.Configuration.Abstractions 10.0.0.
C:\WorkSpace\AquaAPI\src\BuildingBlocks\BuildingBlocks.IntegrationEvents\BuildingBlocks.IntegrationEvents.csproj : warning NU1506: Duplicate 'PackageVersion' items found. Remove the duplicate items or use the Update functionality to ensure a consistent restore behavior. The duplicate 'PackageVersion' items are: Microsoft.Extensions.Configuration.Abstractions 10.0.10, Microsoft.Extensions.Configuration.Abstractions 10.0.0.
C:\WorkSpace\AquaAPI\src\Services\ControlService\Control.TestShared\Control.TestShared.csproj : warning NU1506: Duplicate 'PackageVersion' items found. Remove the duplicate items or use the Update functionality to ensure a consistent restore behavior. The duplicate 'PackageVersion' items are: Microsoft.Extensions.Configuration.Abstractions 10.0.10, Microsoft.Extensions.Configuration.Abstractions 10.0.0.
C:\WorkSpace\AquaAPI\src\BuildingBlocks\BuildingBlocks.Domain\BuildingBlocks.Domain.csproj : warning NU1506: Duplicate 'PackageVersion' items found. Remove the duplicate items or use the Update functionality to ensure a consistent restore behavior. The duplicate 'PackageVersion' items are: Microsoft.Extensions.Configuration.Abstractions 10.0.10, Microsoft.Extensions.Configuration.Abstractions 10.0.0.
C:\WorkSpace\AquaAPI\src\Services\ControlService\Control.Application.UnitTests\Control.Application.UnitTests.csproj : warning NU1506: Duplicate 'PackageVersion' items found. Remove the duplicate items or use the Update functionality to ensure a consistent restore behavior. The duplicate 'PackageVersion' items are: Microsoft.Extensions.Configuration.Abstractions 10.0.10, Microsoft.Extensions.Configuration.Abstractions 10.0.0.
  All projects are up-to-date for restore.
C:\WorkSpace\AquaAPI\src\BuildingBlocks\BuildingBlocks.Application\BuildingBlocks.Application.csproj : warning NU1504: Duplicate 'PackageReference' items found. Remove the duplicate items or use the Update functionality to ensure a consistent restore behavior. The duplicate 'PackageReference' items are: MediatR , MediatR ; FluentValidation.DependencyInjectionExtensions , FluentValidation.DependencyInjectionExtensions .
  BuildingBlocks.Domain -> C:\WorkSpace\AquaAPI\src\BuildingBlocks\BuildingBlocks.Domain\bin\Debug\net8.0\BuildingBlocks.Domain.dll
  Control.Domain -> C:\WorkSpace\AquaAPI\src\Services\ControlService\ControlService.Domain\bin\Debug\net8.0\Control.Domain.dll
  BuildingBlocks.Application -> C:\WorkSpace\AquaAPI\src\BuildingBlocks\BuildingBlocks.Application\bin\Debug\net8.0\BuildingBlocks.Application.dll
  BuildingBlocks.IntegrationEvents -> C:\WorkSpace\AquaAPI\src\BuildingBlocks\BuildingBlocks.IntegrationEvents\bin\Debug\net8.0\BuildingBlocks.IntegrationEvents.dll
  Control.TestShared -> C:\WorkSpace\AquaAPI\src\Services\ControlService\Control.TestShared\bin\Debug\net8.0\Control.TestShared.dll
  Control.Application -> C:\WorkSpace\AquaAPI\src\Services\ControlService\ControlService.Application\bin\Debug\net8.0\Control.Application.dll
  Control.Application.UnitTests -> C:\WorkSpace\AquaAPI\src\Services\ControlService\Control.Application.UnitTests\bin\Debug\net8.0\Control.Application.UnitTests.dll

Build succeeded.

C:\WorkSpace\AquaAPI\src\BuildingBlocks\BuildingBlocks.Application\BuildingBlocks.Application.csproj : warning NU1504: Duplicate 'PackageReference' items found. Remove the duplicate items or use the Update functionality to ensure a consistent restore behavior. The duplicate 'PackageReference' items are: MediatR , MediatR ; FluentValidation.DependencyInjectionExtensions , FluentValidation.DependencyInjectionExtensions .
C:\WorkSpace\AquaAPI\src\Services\ControlService\ControlService.Application\Control.Application.csproj : warning NU1506: Duplicate 'PackageVersion' items found. Remove the duplicate items or use the Update functionality to ensure a consistent restore behavior. The duplicate 'PackageVersion' items are: Microsoft.Extensions.Configuration.Abstractions 10.0.10, Microsoft.Extensions.Configuration.Abstractions 10.0.0.
C:\WorkSpace\AquaAPI\src\BuildingBlocks\BuildingBlocks.Application\BuildingBlocks.Application.csproj : warning NU1506: Duplicate 'PackageVersion' items found. Remove the duplicate items or use the Update functionality to ensure a consistent restore behavior. The duplicate 'PackageVersion' items are: Microsoft.Extensions.Configuration.Abstractions 10.0.10, Microsoft.Extensions.Configuration.Abstractions 10.0.0.
C:\WorkSpace\AquaAPI\src\Services\ControlService\ControlService.Domain\Control.Domain.csproj : warning NU1506: Duplicate 'PackageVersion' items found. Remove the duplicate items or use the Update functionality to ensure a consistent restore behavior. The duplicate 'PackageVersion' items are: Microsoft.Extensions.Configuration.Abstractions 10.0.10, Microsoft.Extensions.Configuration.Abstractions 10.0.0.
C:\WorkSpace\AquaAPI\src\BuildingBlocks\BuildingBlocks.IntegrationEvents\BuildingBlocks.IntegrationEvents.csproj : warning NU1506: Duplicate 'PackageVersion' items found. Remove the duplicate items or use the Update functionality to ensure a consistent restore behavior. The duplicate 'PackageVersion' items are: Microsoft.Extensions.Configuration.Abstractions 10.0.10, Microsoft.Extensions.Configuration.Abstractions 10.0.0.
C:\WorkSpace\AquaAPI\src\Services\ControlService\Control.TestShared\Control.TestShared.csproj : warning NU1506: Duplicate 'PackageVersion' items found. Remove the duplicate items or use the Update functionality to ensure a consistent restore behavior. The duplicate 'PackageVersion' items are: Microsoft.Extensions.Configuration.Abstractions 10.0.10, Microsoft.Extensions.Configuration.Abstractions 10.0.0.
C:\WorkSpace\AquaAPI\src\BuildingBlocks\BuildingBlocks.Domain\BuildingBlocks.Domain.csproj : warning NU1506: Duplicate 'PackageVersion' items found. Remove the duplicate items or use the Update functionality to ensure a consistent restore behavior. The duplicate 'PackageVersion' items are: Microsoft.Extensions.Configuration.Abstractions 10.0.10, Microsoft.Extensions.Configuration.Abstractions 10.0.0.
C:\WorkSpace\AquaAPI\src\Services\ControlService\Control.Application.UnitTests\Control.Application.UnitTests.csproj : warning NU1506: Duplicate 'PackageVersion' items found. Remove the duplicate items or use the Update functionality to ensure a consistent restore behavior. The duplicate 'PackageVersion' items are: Microsoft.Extensions.Configuration.Abstractions 10.0.10, Microsoft.Extensions.Configuration.Abstractions 10.0.0.
C:\WorkSpace\AquaAPI\src\BuildingBlocks\BuildingBlocks.Application\BuildingBlocks.Application.csproj : warning NU1504: Duplicate 'PackageReference' items found. Remove the duplicate items or use the Update functionality to ensure a consistent restore behavior. The duplicate 'PackageReference' items are: MediatR , MediatR ; FluentValidation.DependencyInjectionExtensions , FluentValidation.DependencyInjectionExtensions .
    9 Warning(s)
    0 Error(s)

Time Elapsed 00:00:01.94
  Determining projects to restore...
C:\WorkSpace\AquaAPI\src\BuildingBlocks\BuildingBlocks.Application\BuildingBlocks.Application.csproj : warning NU1504: Duplicate 'PackageReference' items found. Remove the duplicate items or use the Update functionality to ensure a consistent restore behavior. The duplicate 'PackageReference' items are: MediatR , MediatR ; FluentValidation.DependencyInjectionExtensions , FluentValidation.DependencyInjectionExtensions .
C:\WorkSpace\AquaAPI\src\Services\ControlService\ControlService.Application\Control.Application.csproj : warning NU1506: Duplicate 'PackageVersion' items found. Remove the duplicate items or use the Update functionality to ensure a consistent restore behavior. The duplicate 'PackageVersion' items are: Microsoft.Extensions.Configuration.Abstractions 10.0.10, Microsoft.Extensions.Configuration.Abstractions 10.0.0.
C:\WorkSpace\AquaAPI\src\Services\ControlService\ControlService.Domain\Control.Domain.csproj : warning NU1506: Duplicate 'PackageVersion' items found. Remove the duplicate items or use the Update functionality to ensure a consistent restore behavior. The duplicate 'PackageVersion' items are: Microsoft.Extensions.Configuration.Abstractions 10.0.10, Microsoft.Extensions.Configuration.Abstractions 10.0.0.
C:\WorkSpace\AquaAPI\src\Services\ControlService\ControlService.Infrastructure\Control.Infrastructure.csproj : warning NU1506: Duplicate 'PackageVersion' items found. Remove the duplicate items or use the Update functionality to ensure a consistent restore behavior. The duplicate 'PackageVersion' items are: Microsoft.Extensions.Configuration.Abstractions 10.0.10, Microsoft.Extensions.Configuration.Abstractions 10.0.0.
C:\WorkSpace\AquaAPI\src\Services\ControlService\ControlService\Control.API.csproj : warning NU1506: Duplicate 'PackageVersion' items found. Remove the duplicate items or use the Update functionality to ensure a consistent restore behavior. The duplicate 'PackageVersion' items are: Microsoft.Extensions.Configuration.Abstractions 10.0.10, Microsoft.Extensions.Configuration.Abstractions 10.0.0.
C:\WorkSpace\AquaAPI\src\BuildingBlocks\BuildingBlocks.Infrastructure\BuildingBlocks.Infrastructure.csproj : warning NU1506: Duplicate 'PackageVersion' items found. Remove the duplicate items or use the Update functionality to ensure a consistent restore behavior. The duplicate 'PackageVersion' items are: Microsoft.Extensions.Configuration.Abstractions 10.0.10, Microsoft.Extensions.Configuration.Abstractions 10.0.0.
C:\WorkSpace\AquaAPI\src\BuildingBlocks\BuildingBlocks.Presentation\BuildingBlocks.Presentation.csproj : warning NU1506: Duplicate 'PackageVersion' items found. Remove the duplicate items or use the Update functionality to ensure a consistent restore behavior. The duplicate 'PackageVersion' items are: Microsoft.Extensions.Configuration.Abstractions 10.0.10, Microsoft.Extensions.Configuration.Abstractions 10.0.0.
C:\WorkSpace\AquaAPI\src\BuildingBlocks\BuildingBlocks.Application\BuildingBlocks.Application.csproj : warning NU1506: Duplicate 'PackageVersion' items found. Remove the duplicate items or use the Update functionality to ensure a consistent restore behavior. The duplicate 'PackageVersion' items are: Microsoft.Extensions.Configuration.Abstractions 10.0.10, Microsoft.Extensions.Configuration.Abstractions 10.0.0.
C:\WorkSpace\AquaAPI\src\BuildingBlocks\BuildingBlocks.GrpcContracts\BuildingBlocks.GrpcContracts.csproj : warning NU1506: Duplicate 'PackageVersion' items found. Remove the duplicate items or use the Update functionality to ensure a consistent restore behavior. The duplicate 'PackageVersion' items are: Microsoft.Extensions.Configuration.Abstractions 10.0.10, Microsoft.Extensions.Configuration.Abstractions 10.0.0.
C:\WorkSpace\AquaAPI\src\BuildingBlocks\BuildingBlocks.IntegrationEvents\BuildingBlocks.IntegrationEvents.csproj : warning NU1506: Duplicate 'PackageVersion' items found. Remove the duplicate items or use the Update functionality to ensure a consistent restore behavior. The duplicate 'PackageVersion' items are: Microsoft.Extensions.Configuration.Abstractions 10.0.10, Microsoft.Extensions.Configuration.Abstractions 10.0.0.
C:\WorkSpace\AquaAPI\src\BuildingBlocks\BuildingBlocks.Domain\BuildingBlocks.Domain.csproj : warning NU1506: Duplicate 'PackageVersion' items found. Remove the duplicate items or use the Update functionality to ensure a consistent restore behavior. The duplicate 'PackageVersion' items are: Microsoft.Extensions.Configuration.Abstractions 10.0.10, Microsoft.Extensions.Configuration.Abstractions 10.0.0.
C:\WorkSpace\AquaAPI\src\Services\ControlService\Control.ArchitectureTests\Control.ArchitectureTests.csproj : warning NU1506: Duplicate 'PackageVersion' items found. Remove the duplicate items or use the Update functionality to ensure a consistent restore behavior. The duplicate 'PackageVersion' items are: Microsoft.Extensions.Configuration.Abstractions 10.0.10, Microsoft.Extensions.Configuration.Abstractions 10.0.0.
  All projects are up-to-date for restore.
C:\WorkSpace\AquaAPI\src\BuildingBlocks\BuildingBlocks.Application\BuildingBlocks.Application.csproj : warning NU1504: Duplicate 'PackageReference' items found. Remove the duplicate items or use the Update functionality to ensure a consistent restore behavior. The duplicate 'PackageReference' items are: MediatR , MediatR ; FluentValidation.DependencyInjectionExtensions , FluentValidation.DependencyInjectionExtensions .
  BuildingBlocks.GrpcContracts -> C:\WorkSpace\AquaAPI\src\BuildingBlocks\BuildingBlocks.GrpcContracts\bin\Debug\net8.0\BuildingBlocks.GrpcContracts.dll
  BuildingBlocks.Domain -> C:\WorkSpace\AquaAPI\src\BuildingBlocks\BuildingBlocks.Domain\bin\Debug\net8.0\BuildingBlocks.Domain.dll
  BuildingBlocks.Application -> C:\WorkSpace\AquaAPI\src\BuildingBlocks\BuildingBlocks.Application\bin\Debug\net8.0\BuildingBlocks.Application.dll
  Control.Domain -> C:\WorkSpace\AquaAPI\src\Services\ControlService\ControlService.Domain\bin\Debug\net8.0\Control.Domain.dll
  BuildingBlocks.IntegrationEvents -> C:\WorkSpace\AquaAPI\src\BuildingBlocks\BuildingBlocks.IntegrationEvents\bin\Debug\net8.0\BuildingBlocks.IntegrationEvents.dll
  BuildingBlocks.Presentation -> C:\WorkSpace\AquaAPI\src\BuildingBlocks\BuildingBlocks.Presentation\bin\Debug\net8.0\BuildingBlocks.Presentation.dll
  Control.Application -> C:\WorkSpace\AquaAPI\src\Services\ControlService\ControlService.Application\bin\Debug\net8.0\Control.Application.dll
  BuildingBlocks.Infrastructure -> C:\WorkSpace\AquaAPI\src\BuildingBlocks\BuildingBlocks.Infrastructure\bin\Debug\net8.0\BuildingBlocks.Infrastructure.dll
  Control.Infrastructure -> C:\WorkSpace\AquaAPI\src\Services\ControlService\ControlService.Infrastructure\bin\Debug\net8.0\Control.Infrastructure.dll
  Control.API -> C:\WorkSpace\AquaAPI\src\Services\ControlService\ControlService\bin\Debug\net8.0\Control.API.dll
  Control.ArchitectureTests -> C:\WorkSpace\AquaAPI\src\Services\ControlService\Control.ArchitectureTests\bin\Debug\net8.0\Control.ArchitectureTests.dll

Build succeeded.

C:\WorkSpace\AquaAPI\src\BuildingBlocks\BuildingBlocks.Application\BuildingBlocks.Application.csproj : warning NU1504: Duplicate 'PackageReference' items found. Remove the duplicate items or use the Update functionality to ensure a consistent restore behavior. The duplicate 'PackageReference' items are: MediatR , MediatR ; FluentValidation.DependencyInjectionExtensions , FluentValidation.DependencyInjectionExtensions .
C:\WorkSpace\AquaAPI\src\Services\ControlService\ControlService.Application\Control.Application.csproj : warning NU1506: Duplicate 'PackageVersion' items found. Remove the duplicate items or use the Update functionality to ensure a consistent restore behavior. The duplicate 'PackageVersion' items are: Microsoft.Extensions.Configuration.Abstractions 10.0.10, Microsoft.Extensions.Configuration.Abstractions 10.0.0.
C:\WorkSpace\AquaAPI\src\Services\ControlService\ControlService.Domain\Control.Domain.csproj : warning NU1506: Duplicate 'PackageVersion' items found. Remove the duplicate items or use the Update functionality to ensure a consistent restore behavior. The duplicate 'PackageVersion' items are: Microsoft.Extensions.Configuration.Abstractions 10.0.10, Microsoft.Extensions.Configuration.Abstractions 10.0.0.
C:\WorkSpace\AquaAPI\src\Services\ControlService\ControlService.Infrastructure\Control.Infrastructure.csproj : warning NU1506: Duplicate 'PackageVersion' items found. Remove the duplicate items or use the Update functionality to ensure a consistent restore behavior. The duplicate 'PackageVersion' items are: Microsoft.Extensions.Configuration.Abstractions 10.0.10, Microsoft.Extensions.Configuration.Abstractions 10.0.0.
C:\WorkSpace\AquaAPI\src\Services\ControlService\ControlService\Control.API.csproj : warning NU1506: Duplicate 'PackageVersion' items found. Remove the duplicate items or use the Update functionality to ensure a consistent restore behavior. The duplicate 'PackageVersion' items are: Microsoft.Extensions.Configuration.Abstractions 10.0.10, Microsoft.Extensions.Configuration.Abstractions 10.0.0.
C:\WorkSpace\AquaAPI\src\BuildingBlocks\BuildingBlocks.Infrastructure\BuildingBlocks.Infrastructure.csproj : warning NU1506: Duplicate 'PackageVersion' items found. Remove the duplicate items or use the Update functionality to ensure a consistent restore behavior. The duplicate 'PackageVersion' items are: Microsoft.Extensions.Configuration.Abstractions 10.0.10, Microsoft.Extensions.Configuration.Abstractions 10.0.0.
C:\WorkSpace\AquaAPI\src\BuildingBlocks\BuildingBlocks.Presentation\BuildingBlocks.Presentation.csproj : warning NU1506: Duplicate 'PackageVersion' items found. Remove the duplicate items or use the Update functionality to ensure a consistent restore behavior. The duplicate 'PackageVersion' items are: Microsoft.Extensions.Configuration.Abstractions 10.0.10, Microsoft.Extensions.Configuration.Abstractions 10.0.0.
C:\WorkSpace\AquaAPI\src\BuildingBlocks\BuildingBlocks.Application\BuildingBlocks.Application.csproj : warning NU1506: Duplicate 'PackageVersion' items found. Remove the duplicate items or use the Update functionality to ensure a consistent restore behavior. The duplicate 'PackageVersion' items are: Microsoft.Extensions.Configuration.Abstractions 10.0.10, Microsoft.Extensions.Configuration.Abstractions 10.0.0.
C:\WorkSpace\AquaAPI\src\BuildingBlocks\BuildingBlocks.GrpcContracts\BuildingBlocks.GrpcContracts.csproj : warning NU1506: Duplicate 'PackageVersion' items found. Remove the duplicate items or use the Update functionality to ensure a consistent restore behavior. The duplicate 'PackageVersion' items are: Microsoft.Extensions.Configuration.Abstractions 10.0.10, Microsoft.Extensions.Configuration.Abstractions 10.0.0.
C:\WorkSpace\AquaAPI\src\BuildingBlocks\BuildingBlocks.IntegrationEvents\BuildingBlocks.IntegrationEvents.csproj : warning NU1506: Duplicate 'PackageVersion' items found. Remove the duplicate items or use the Update functionality to ensure a consistent restore behavior. The duplicate 'PackageVersion' items are: Microsoft.Extensions.Configuration.Abstractions 10.0.10, Microsoft.Extensions.Configuration.Abstractions 10.0.0.
C:\WorkSpace\AquaAPI\src\BuildingBlocks\BuildingBlocks.Domain\BuildingBlocks.Domain.csproj : warning NU1506: Duplicate 'PackageVersion' items found. Remove the duplicate items or use the Update functionality to ensure a consistent restore behavior. The duplicate 'PackageVersion' items are: Microsoft.Extensions.Configuration.Abstractions 10.0.10, Microsoft.Extensions.Configuration.Abstractions 10.0.0.
C:\WorkSpace\AquaAPI\src\Services\ControlService\Control.ArchitectureTests\Control.ArchitectureTests.csproj : warning NU1506: Duplicate 'PackageVersion' items found. Remove the duplicate items or use the Update functionality to ensure a consistent restore behavior. The duplicate 'PackageVersion' items are: Microsoft.Extensions.Configuration.Abstractions 10.0.10, Microsoft.Extensions.Configuration.Abstractions 10.0.0.
C:\WorkSpace\AquaAPI\src\BuildingBlocks\BuildingBlocks.Application\BuildingBlocks.Application.csproj : warning NU1504: Duplicate 'PackageReference' items found. Remove the duplicate items or use the Update functionality to ensure a consistent restore behavior. The duplicate 'PackageReference' items are: MediatR , MediatR ; FluentValidation.DependencyInjectionExtensions , FluentValidation.DependencyInjectionExtensions .
    13 Warning(s)
    0 Error(s)

Time Elapsed 00:00:03.50
  Determining projects to restore...
C:\WorkSpace\AquaAPI\src\Services\ControlService\ControlService.Domain\Control.Domain.csproj : warning NU1506: Duplicate 'PackageVersion' items found. Remove the duplicate items or use the Update functionality to ensure a consistent restore behavior. The duplicate 'PackageVersion' items are: Microsoft.Extensions.Configuration.Abstractions 10.0.10, Microsoft.Extensions.Configuration.Abstractions 10.0.0.
C:\WorkSpace\AquaAPI\src\Services\ControlService\Control.TestShared\Control.TestShared.csproj : warning NU1506: Duplicate 'PackageVersion' items found. Remove the duplicate items or use the Update functionality to ensure a consistent restore behavior. The duplicate 'PackageVersion' items are: Microsoft.Extensions.Configuration.Abstractions 10.0.10, Microsoft.Extensions.Configuration.Abstractions 10.0.0.
C:\WorkSpace\AquaAPI\src\BuildingBlocks\BuildingBlocks.Domain\BuildingBlocks.Domain.csproj : warning NU1506: Duplicate 'PackageVersion' items found. Remove the duplicate items or use the Update functionality to ensure a consistent restore behavior. The duplicate 'PackageVersion' items are: Microsoft.Extensions.Configuration.Abstractions 10.0.10, Microsoft.Extensions.Configuration.Abstractions 10.0.0.
C:\WorkSpace\AquaAPI\src\Services\ControlService\Control.Domain.UnitTests\Control.Domain.UnitTests.csproj : warning NU1506: Duplicate 'PackageVersion' items found. Remove the duplicate items or use the Update functionality to ensure a consistent restore behavior. The duplicate 'PackageVersion' items are: Microsoft.Extensions.Configuration.Abstractions 10.0.10, Microsoft.Extensions.Configuration.Abstractions 10.0.0.
  All projects are up-to-date for restore.
  BuildingBlocks.Domain -> C:\WorkSpace\AquaAPI\src\BuildingBlocks\BuildingBlocks.Domain\bin\Debug\net8.0\BuildingBlocks.Domain.dll
  Control.Domain -> C:\WorkSpace\AquaAPI\src\Services\ControlService\ControlService.Domain\bin\Debug\net8.0\Control.Domain.dll
  Control.TestShared -> C:\WorkSpace\AquaAPI\src\Services\ControlService\Control.TestShared\bin\Debug\net8.0\Control.TestShared.dll
  Control.Domain.UnitTests -> C:\WorkSpace\AquaAPI\src\Services\ControlService\Control.Domain.UnitTests\bin\Debug\net8.0\Control.Domain.UnitTests.dll

Build succeeded.

C:\WorkSpace\AquaAPI\src\Services\ControlService\ControlService.Domain\Control.Domain.csproj : warning NU1506: Duplicate 'PackageVersion' items found. Remove the duplicate items or use the Update functionality to ensure a consistent restore behavior. The duplicate 'PackageVersion' items are: Microsoft.Extensions.Configuration.Abstractions 10.0.10, Microsoft.Extensions.Configuration.Abstractions 10.0.0.
C:\WorkSpace\AquaAPI\src\Services\ControlService\Control.TestShared\Control.TestShared.csproj : warning NU1506: Duplicate 'PackageVersion' items found. Remove the duplicate items or use the Update functionality to ensure a consistent restore behavior. The duplicate 'PackageVersion' items are: Microsoft.Extensions.Configuration.Abstractions 10.0.10, Microsoft.Extensions.Configuration.Abstractions 10.0.0.
C:\WorkSpace\AquaAPI\src\BuildingBlocks\BuildingBlocks.Domain\BuildingBlocks.Domain.csproj : warning NU1506: Duplicate 'PackageVersion' items found. Remove the duplicate items or use the Update functionality to ensure a consistent restore behavior. The duplicate 'PackageVersion' items are: Microsoft.Extensions.Configuration.Abstractions 10.0.10, Microsoft.Extensions.Configuration.Abstractions 10.0.0.
C:\WorkSpace\AquaAPI\src\Services\ControlService\Control.Domain.UnitTests\Control.Domain.UnitTests.csproj : warning NU1506: Duplicate 'PackageVersion' items found. Remove the duplicate items or use the Update functionality to ensure a consistent restore behavior. The duplicate 'PackageVersion' items are: Microsoft.Extensions.Configuration.Abstractions 10.0.10, Microsoft.Extensions.Configuration.Abstractions 10.0.0.
    4 Warning(s)
    0 Error(s)

Time Elapsed 00:00:01.62
  Determining projects to restore...
C:\WorkSpace\AquaAPI\src\BuildingBlocks\BuildingBlocks.Application\BuildingBlocks.Application.csproj : warning NU1504: Duplicate 'PackageReference' items found. Remove the duplicate items or use the Update functionality to ensure a consistent restore behavior. The duplicate 'PackageReference' items are: MediatR , MediatR ; FluentValidation.DependencyInjectionExtensions , FluentValidation.DependencyInjectionExtensions .
C:\WorkSpace\AquaAPI\src\Services\ControlService\ControlService.Infrastructure\Control.Infrastructure.csproj : warning NU1506: Duplicate 'PackageVersion' items found. Remove the duplicate items or use the Update functionality to ensure a consistent restore behavior. The duplicate 'PackageVersion' items are: Microsoft.Extensions.Configuration.Abstractions 10.0.10, Microsoft.Extensions.Configuration.Abstractions 10.0.0.
C:\WorkSpace\AquaAPI\src\BuildingBlocks\BuildingBlocks.IntegrationEvents\BuildingBlocks.IntegrationEvents.csproj : warning NU1506: Duplicate 'PackageVersion' items found. Remove the duplicate items or use the Update functionality to ensure a consistent restore behavior. The duplicate 'PackageVersion' items are: Microsoft.Extensions.Configuration.Abstractions 10.0.10, Microsoft.Extensions.Configuration.Abstractions 10.0.0.
C:\WorkSpace\AquaAPI\src\BuildingBlocks\BuildingBlocks.Presentation\BuildingBlocks.Presentation.csproj : warning NU1506: Duplicate 'PackageVersion' items found. Remove the duplicate items or use the Update functionality to ensure a consistent restore behavior. The duplicate 'PackageVersion' items are: Microsoft.Extensions.Configuration.Abstractions 10.0.10, Microsoft.Extensions.Configuration.Abstractions 10.0.0.
C:\WorkSpace\AquaAPI\src\BuildingBlocks\BuildingBlocks.Infrastructure\BuildingBlocks.Infrastructure.csproj : warning NU1506: Duplicate 'PackageVersion' items found. Remove the duplicate items or use the Update functionality to ensure a consistent restore behavior. The duplicate 'PackageVersion' items are: Microsoft.Extensions.Configuration.Abstractions 10.0.10, Microsoft.Extensions.Configuration.Abstractions 10.0.0.
C:\WorkSpace\AquaAPI\src\Services\ControlService\ControlService\Control.API.csproj : warning NU1506: Duplicate 'PackageVersion' items found. Remove the duplicate items or use the Update functionality to ensure a consistent restore behavior. The duplicate 'PackageVersion' items are: Microsoft.Extensions.Configuration.Abstractions 10.0.10, Microsoft.Extensions.Configuration.Abstractions 10.0.0.
C:\WorkSpace\AquaAPI\src\Services\ControlService\Control.TestShared\Control.TestShared.csproj : warning NU1506: Duplicate 'PackageVersion' items found. Remove the duplicate items or use the Update functionality to ensure a consistent restore behavior. The duplicate 'PackageVersion' items are: Microsoft.Extensions.Configuration.Abstractions 10.0.10, Microsoft.Extensions.Configuration.Abstractions 10.0.0.
C:\WorkSpace\AquaAPI\src\BuildingBlocks\BuildingBlocks.GrpcContracts\BuildingBlocks.GrpcContracts.csproj : warning NU1506: Duplicate 'PackageVersion' items found. Remove the duplicate items or use the Update functionality to ensure a consistent restore behavior. The duplicate 'PackageVersion' items are: Microsoft.Extensions.Configuration.Abstractions 10.0.10, Microsoft.Extensions.Configuration.Abstractions 10.0.0.
C:\WorkSpace\AquaAPI\src\BuildingBlocks\BuildingBlocks.Application\BuildingBlocks.Application.csproj : warning NU1506: Duplicate 'PackageVersion' items found. Remove the duplicate items or use the Update functionality to ensure a consistent restore behavior. The duplicate 'PackageVersion' items are: Microsoft.Extensions.Configuration.Abstractions 10.0.10, Microsoft.Extensions.Configuration.Abstractions 10.0.0.
C:\WorkSpace\AquaAPI\src\Services\ControlService\ControlService.Application\Control.Application.csproj : warning NU1506: Duplicate 'PackageVersion' items found. Remove the duplicate items or use the Update functionality to ensure a consistent restore behavior. The duplicate 'PackageVersion' items are: Microsoft.Extensions.Configuration.Abstractions 10.0.10, Microsoft.Extensions.Configuration.Abstractions 10.0.0.
C:\WorkSpace\AquaAPI\src\Services\ControlService\ControlService.Domain\Control.Domain.csproj : warning NU1506: Duplicate 'PackageVersion' items found. Remove the duplicate items or use the Update functionality to ensure a consistent restore behavior. The duplicate 'PackageVersion' items are: Microsoft.Extensions.Configuration.Abstractions 10.0.10, Microsoft.Extensions.Configuration.Abstractions 10.0.0.
C:\WorkSpace\AquaAPI\src\BuildingBlocks\BuildingBlocks.Domain\BuildingBlocks.Domain.csproj : warning NU1506: Duplicate 'PackageVersion' items found. Remove the duplicate items or use the Update functionality to ensure a consistent restore behavior. The duplicate 'PackageVersion' items are: Microsoft.Extensions.Configuration.Abstractions 10.0.10, Microsoft.Extensions.Configuration.Abstractions 10.0.0.
C:\WorkSpace\AquaAPI\src\Services\ControlService\Control.Infrastructure.IntegrationTests\Control.Infrastructure.IntegrationTests.csproj : warning NU1506: Duplicate 'PackageVersion' items found. Remove the duplicate items or use the Update functionality to ensure a consistent restore behavior. The duplicate 'PackageVersion' items are: Microsoft.Extensions.Configuration.Abstractions 10.0.10, Microsoft.Extensions.Configuration.Abstractions 10.0.0.
  All projects are up-to-date for restore.
C:\WorkSpace\AquaAPI\src\BuildingBlocks\BuildingBlocks.Application\BuildingBlocks.Application.csproj : warning NU1504: Duplicate 'PackageReference' items found. Remove the duplicate items or use the Update functionality to ensure a consistent restore behavior. The duplicate 'PackageReference' items are: MediatR , MediatR ; FluentValidation.DependencyInjectionExtensions , FluentValidation.DependencyInjectionExtensions .
  BuildingBlocks.GrpcContracts -> C:\WorkSpace\AquaAPI\src\BuildingBlocks\BuildingBlocks.GrpcContracts\bin\Debug\net8.0\BuildingBlocks.GrpcContracts.dll
  BuildingBlocks.Domain -> C:\WorkSpace\AquaAPI\src\BuildingBlocks\BuildingBlocks.Domain\bin\Debug\net8.0\BuildingBlocks.Domain.dll
  BuildingBlocks.IntegrationEvents -> C:\WorkSpace\AquaAPI\src\BuildingBlocks\BuildingBlocks.IntegrationEvents\bin\Debug\net8.0\BuildingBlocks.IntegrationEvents.dll
  BuildingBlocks.Application -> C:\WorkSpace\AquaAPI\src\BuildingBlocks\BuildingBlocks.Application\bin\Debug\net8.0\BuildingBlocks.Application.dll
  BuildingBlocks.Presentation -> C:\WorkSpace\AquaAPI\src\BuildingBlocks\BuildingBlocks.Presentation\bin\Debug\net8.0\BuildingBlocks.Presentation.dll
  Control.Domain -> C:\WorkSpace\AquaAPI\src\Services\ControlService\ControlService.Domain\bin\Debug\net8.0\Control.Domain.dll
  Control.TestShared -> C:\WorkSpace\AquaAPI\src\Services\ControlService\Control.TestShared\bin\Debug\net8.0\Control.TestShared.dll
  BuildingBlocks.Infrastructure -> C:\WorkSpace\AquaAPI\src\BuildingBlocks\BuildingBlocks.Infrastructure\bin\Debug\net8.0\BuildingBlocks.Infrastructure.dll
  Control.Application -> C:\WorkSpace\AquaAPI\src\Services\ControlService\ControlService.Application\bin\Debug\net8.0\Control.Application.dll
  Control.Infrastructure -> C:\WorkSpace\AquaAPI\src\Services\ControlService\ControlService.Infrastructure\bin\Debug\net8.0\Control.Infrastructure.dll
  Control.API -> C:\WorkSpace\AquaAPI\src\Services\ControlService\ControlService\bin\Debug\net8.0\Control.API.dll
  Control.Infrastructure.IntegrationTests -> C:\WorkSpace\AquaAPI\src\Services\ControlService\Control.Infrastructure.IntegrationTests\bin\Debug\net8.0\Control.Infrastructure.IntegrationTests.dll

Build succeeded.

C:\WorkSpace\AquaAPI\src\BuildingBlocks\BuildingBlocks.Application\BuildingBlocks.Application.csproj : warning NU1504: Duplicate 'PackageReference' items found. Remove the duplicate items or use the Update functionality to ensure a consistent restore behavior. The duplicate 'PackageReference' items are: MediatR , MediatR ; FluentValidation.DependencyInjectionExtensions , FluentValidation.DependencyInjectionExtensions .
C:\WorkSpace\AquaAPI\src\Services\ControlService\ControlService.Infrastructure\Control.Infrastructure.csproj : warning NU1506: Duplicate 'PackageVersion' items found. Remove the duplicate items or use the Update functionality to ensure a consistent restore behavior. The duplicate 'PackageVersion' items are: Microsoft.Extensions.Configuration.Abstractions 10.0.10, Microsoft.Extensions.Configuration.Abstractions 10.0.0.
C:\WorkSpace\AquaAPI\src\BuildingBlocks\BuildingBlocks.IntegrationEvents\BuildingBlocks.IntegrationEvents.csproj : warning NU1506: Duplicate 'PackageVersion' items found. Remove the duplicate items or use the Update functionality to ensure a consistent restore behavior. The duplicate 'PackageVersion' items are: Microsoft.Extensions.Configuration.Abstractions 10.0.10, Microsoft.Extensions.Configuration.Abstractions 10.0.0.
C:\WorkSpace\AquaAPI\src\BuildingBlocks\BuildingBlocks.Presentation\BuildingBlocks.Presentation.csproj : warning NU1506: Duplicate 'PackageVersion' items found. Remove the duplicate items or use the Update functionality to ensure a consistent restore behavior. The duplicate 'PackageVersion' items are: Microsoft.Extensions.Configuration.Abstractions 10.0.10, Microsoft.Extensions.Configuration.Abstractions 10.0.0.
C:\WorkSpace\AquaAPI\src\BuildingBlocks\BuildingBlocks.Infrastructure\BuildingBlocks.Infrastructure.csproj : warning NU1506: Duplicate 'PackageVersion' items found. Remove the duplicate items or use the Update functionality to ensure a consistent restore behavior. The duplicate 'PackageVersion' items are: Microsoft.Extensions.Configuration.Abstractions 10.0.10, Microsoft.Extensions.Configuration.Abstractions 10.0.0.
C:\WorkSpace\AquaAPI\src\Services\ControlService\ControlService\Control.API.csproj : warning NU1506: Duplicate 'PackageVersion' items found. Remove the duplicate items or use the Update functionality to ensure a consistent restore behavior. The duplicate 'PackageVersion' items are: Microsoft.Extensions.Configuration.Abstractions 10.0.10, Microsoft.Extensions.Configuration.Abstractions 10.0.0.
C:\WorkSpace\AquaAPI\src\Services\ControlService\Control.TestShared\Control.TestShared.csproj : warning NU1506: Duplicate 'PackageVersion' items found. Remove the duplicate items or use the Update functionality to ensure a consistent restore behavior. The duplicate 'PackageVersion' items are: Microsoft.Extensions.Configuration.Abstractions 10.0.10, Microsoft.Extensions.Configuration.Abstractions 10.0.0.
C:\WorkSpace\AquaAPI\src\BuildingBlocks\BuildingBlocks.GrpcContracts\BuildingBlocks.GrpcContracts.csproj : warning NU1506: Duplicate 'PackageVersion' items found. Remove the duplicate items or use the Update functionality to ensure a consistent restore behavior. The duplicate 'PackageVersion' items are: Microsoft.Extensions.Configuration.Abstractions 10.0.10, Microsoft.Extensions.Configuration.Abstractions 10.0.0.
C:\WorkSpace\AquaAPI\src\BuildingBlocks\BuildingBlocks.Application\BuildingBlocks.Application.csproj : warning NU1506: Duplicate 'PackageVersion' items found. Remove the duplicate items or use the Update functionality to ensure a consistent restore behavior. The duplicate 'PackageVersion' items are: Microsoft.Extensions.Configuration.Abstractions 10.0.10, Microsoft.Extensions.Configuration.Abstractions 10.0.0.
C:\WorkSpace\AquaAPI\src\Services\ControlService\ControlService.Application\Control.Application.csproj : warning NU1506: Duplicate 'PackageVersion' items found. Remove the duplicate items or use the Update functionality to ensure a consistent restore behavior. The duplicate 'PackageVersion' items are: Microsoft.Extensions.Configuration.Abstractions 10.0.10, Microsoft.Extensions.Configuration.Abstractions 10.0.0.
C:\WorkSpace\AquaAPI\src\Services\ControlService\ControlService.Domain\Control.Domain.csproj : warning NU1506: Duplicate 'PackageVersion' items found. Remove the duplicate items or use the Update functionality to ensure a consistent restore behavior. The duplicate 'PackageVersion' items are: Microsoft.Extensions.Configuration.Abstractions 10.0.10, Microsoft.Extensions.Configuration.Abstractions 10.0.0.
C:\WorkSpace\AquaAPI\src\BuildingBlocks\BuildingBlocks.Domain\BuildingBlocks.Domain.csproj : warning NU1506: Duplicate 'PackageVersion' items found. Remove the duplicate items or use the Update functionality to ensure a consistent restore behavior. The duplicate 'PackageVersion' items are: Microsoft.Extensions.Configuration.Abstractions 10.0.10, Microsoft.Extensions.Configuration.Abstractions 10.0.0.
C:\WorkSpace\AquaAPI\src\Services\ControlService\Control.Infrastructure.IntegrationTests\Control.Infrastructure.IntegrationTests.csproj : warning NU1506: Duplicate 'PackageVersion' items found. Remove the duplicate items or use the Update functionality to ensure a consistent restore behavior. The duplicate 'PackageVersion' items are: Microsoft.Extensions.Configuration.Abstractions 10.0.10, Microsoft.Extensions.Configuration.Abstractions 10.0.0.
C:\WorkSpace\AquaAPI\src\BuildingBlocks\BuildingBlocks.Application\BuildingBlocks.Application.csproj : warning NU1504: Duplicate 'PackageReference' items found. Remove the duplicate items or use the Update functionality to ensure a consistent restore behavior. The duplicate 'PackageReference' items are: MediatR , MediatR ; FluentValidation.DependencyInjectionExtensions , FluentValidation.DependencyInjectionExtensions .
    14 Warning(s)
    0 Error(s)

Time Elapsed 00:00:03.67
  Determining projects to restore...
C:\WorkSpace\AquaAPI\src\BuildingBlocks\BuildingBlocks.Application\BuildingBlocks.Application.csproj : warning NU1504: Duplicate 'PackageReference' items found. Remove the duplicate items or use the Update functionality to ensure a consistent restore behavior. The duplicate 'PackageReference' items are: MediatR , MediatR ; FluentValidation.DependencyInjectionExtensions , FluentValidation.DependencyInjectionExtensions .
C:\WorkSpace\AquaAPI\src\Services\DeviceService\Device.API.E2ETests\Device.API.E2ETests.csproj : warning NU1504: Duplicate 'PackageReference' items found. Remove the duplicate items or use the Update functionality to ensure a consistent restore behavior. The duplicate 'PackageReference' items are: Microsoft.NET.Test.Sdk , Microsoft.NET.Test.Sdk ; xunit , xunit ; xunit.runner.visualstudio , xunit.runner.visualstudio ; coverlet.collector , coverlet.collector ; FluentAssertions , FluentAssertions ; Microsoft.AspNetCore.Mvc.Testing , Microsoft.AspNetCore.Mvc.Testing .
C:\WorkSpace\AquaAPI\src\Services\DeviceService\DeviceService\Device.API.csproj : warning NU1506: Duplicate 'PackageVersion' items found. Remove the duplicate items or use the Update functionality to ensure a consistent restore behavior. The duplicate 'PackageVersion' items are: Microsoft.Extensions.Configuration.Abstractions 10.0.10, Microsoft.Extensions.Configuration.Abstractions 10.0.0.
C:\WorkSpace\AquaAPI\src\BuildingBlocks\BuildingBlocks.Presentation\BuildingBlocks.Presentation.csproj : warning NU1506: Duplicate 'PackageVersion' items found. Remove the duplicate items or use the Update functionality to ensure a consistent restore behavior. The duplicate 'PackageVersion' items are: Microsoft.Extensions.Configuration.Abstractions 10.0.10, Microsoft.Extensions.Configuration.Abstractions 10.0.0.
C:\WorkSpace\AquaAPI\src\Services\DeviceService\Device.TestShared\Device.TestShared.csproj : warning NU1506: Duplicate 'PackageVersion' items found. Remove the duplicate items or use the Update functionality to ensure a consistent restore behavior. The duplicate 'PackageVersion' items are: Microsoft.Extensions.Configuration.Abstractions 10.0.10, Microsoft.Extensions.Configuration.Abstractions 10.0.0.
C:\WorkSpace\AquaAPI\src\Services\DeviceService\Device.Infrastructure.IntegrationTests\Device.Infrastructure.IntegrationTests.csproj : warning NU1506: Duplicate 'PackageVersion' items found. Remove the duplicate items or use the Update functionality to ensure a consistent restore behavior. The duplicate 'PackageVersion' items are: Microsoft.Extensions.Configuration.Abstractions 10.0.10, Microsoft.Extensions.Configuration.Abstractions 10.0.0.
C:\WorkSpace\AquaAPI\src\Services\DeviceService\Device.Application\Device.Application.csproj : warning NU1506: Duplicate 'PackageVersion' items found. Remove the duplicate items or use the Update functionality to ensure a consistent restore behavior. The duplicate 'PackageVersion' items are: Microsoft.Extensions.Configuration.Abstractions 10.0.10, Microsoft.Extensions.Configuration.Abstractions 10.0.0.
C:\WorkSpace\AquaAPI\src\BuildingBlocks\BuildingBlocks.Infrastructure\BuildingBlocks.Infrastructure.csproj : warning NU1506: Duplicate 'PackageVersion' items found. Remove the duplicate items or use the Update functionality to ensure a consistent restore behavior. The duplicate 'PackageVersion' items are: Microsoft.Extensions.Configuration.Abstractions 10.0.10, Microsoft.Extensions.Configuration.Abstractions 10.0.0.
C:\WorkSpace\AquaAPI\src\BuildingBlocks\BuildingBlocks.Application\BuildingBlocks.Application.csproj : warning NU1506: Duplicate 'PackageVersion' items found. Remove the duplicate items or use the Update functionality to ensure a consistent restore behavior. The duplicate 'PackageVersion' items are: Microsoft.Extensions.Configuration.Abstractions 10.0.10, Microsoft.Extensions.Configuration.Abstractions 10.0.0.
C:\WorkSpace\AquaAPI\src\Services\DeviceService\Device.Infrastrucrute\Device.Infrastructure.csproj : warning NU1506: Duplicate 'PackageVersion' items found. Remove the duplicate items or use the Update functionality to ensure a consistent restore behavior. The duplicate 'PackageVersion' items are: Microsoft.Extensions.Configuration.Abstractions 10.0.10, Microsoft.Extensions.Configuration.Abstractions 10.0.0.
C:\WorkSpace\AquaAPI\src\Services\DeviceService\Device.Domain\Device.Domain.csproj : warning NU1506: Duplicate 'PackageVersion' items found. Remove the duplicate items or use the Update functionality to ensure a consistent restore behavior. The duplicate 'PackageVersion' items are: Microsoft.Extensions.Configuration.Abstractions 10.0.10, Microsoft.Extensions.Configuration.Abstractions 10.0.0.
C:\WorkSpace\AquaAPI\src\BuildingBlocks\BuildingBlocks.GrpcContracts\BuildingBlocks.GrpcContracts.csproj : warning NU1506: Duplicate 'PackageVersion' items found. Remove the duplicate items or use the Update functionality to ensure a consistent restore behavior. The duplicate 'PackageVersion' items are: Microsoft.Extensions.Configuration.Abstractions 10.0.10, Microsoft.Extensions.Configuration.Abstractions 10.0.0.
C:\WorkSpace\AquaAPI\src\BuildingBlocks\BuildingBlocks.IntegrationEvents\BuildingBlocks.IntegrationEvents.csproj : warning NU1506: Duplicate 'PackageVersion' items found. Remove the duplicate items or use the Update functionality to ensure a consistent restore behavior. The duplicate 'PackageVersion' items are: Microsoft.Extensions.Configuration.Abstractions 10.0.10, Microsoft.Extensions.Configuration.Abstractions 10.0.0.
C:\WorkSpace\AquaAPI\src\BuildingBlocks\BuildingBlocks.Domain\BuildingBlocks.Domain.csproj : warning NU1506: Duplicate 'PackageVersion' items found. Remove the duplicate items or use the Update functionality to ensure a consistent restore behavior. The duplicate 'PackageVersion' items are: Microsoft.Extensions.Configuration.Abstractions 10.0.10, Microsoft.Extensions.Configuration.Abstractions 10.0.0.
C:\WorkSpace\AquaAPI\src\Services\DeviceService\Device.API.E2ETests\Device.API.E2ETests.csproj : warning NU1506: Duplicate 'PackageVersion' items found. Remove the duplicate items or use the Update functionality to ensure a consistent restore behavior. The duplicate 'PackageVersion' items are: Microsoft.Extensions.Configuration.Abstractions 10.0.10, Microsoft.Extensions.Configuration.Abstractions 10.0.0.
  All projects are up-to-date for restore.
C:\WorkSpace\AquaAPI\src\Services\DeviceService\Device.API.E2ETests\Device.API.E2ETests.csproj : warning NU1504: Duplicate 'PackageReference' items found. Remove the duplicate items or use the Update functionality to ensure a consistent restore behavior. The duplicate 'PackageReference' items are: Microsoft.NET.Test.Sdk , Microsoft.NET.Test.Sdk ; xunit , xunit ; xunit.runner.visualstudio , xunit.runner.visualstudio ; coverlet.collector , coverlet.collector ; FluentAssertions , FluentAssertions ; Microsoft.AspNetCore.Mvc.Testing , Microsoft.AspNetCore.Mvc.Testing .
C:\WorkSpace\AquaAPI\src\BuildingBlocks\BuildingBlocks.Application\BuildingBlocks.Application.csproj : warning NU1504: Duplicate 'PackageReference' items found. Remove the duplicate items or use the Update functionality to ensure a consistent restore behavior. The duplicate 'PackageReference' items are: MediatR , MediatR ; FluentValidation.DependencyInjectionExtensions , FluentValidation.DependencyInjectionExtensions .
  BuildingBlocks.GrpcContracts -> C:\WorkSpace\AquaAPI\src\BuildingBlocks\BuildingBlocks.GrpcContracts\bin\Debug\net8.0\BuildingBlocks.GrpcContracts.dll
  BuildingBlocks.Domain -> C:\WorkSpace\AquaAPI\src\BuildingBlocks\BuildingBlocks.Domain\bin\Debug\net8.0\BuildingBlocks.Domain.dll
  BuildingBlocks.Application -> C:\WorkSpace\AquaAPI\src\BuildingBlocks\BuildingBlocks.Application\bin\Debug\net8.0\BuildingBlocks.Application.dll
  BuildingBlocks.IntegrationEvents -> C:\WorkSpace\AquaAPI\src\BuildingBlocks\BuildingBlocks.IntegrationEvents\bin\Debug\net8.0\BuildingBlocks.IntegrationEvents.dll
  BuildingBlocks.Presentation -> C:\WorkSpace\AquaAPI\src\BuildingBlocks\BuildingBlocks.Presentation\bin\Debug\net8.0\BuildingBlocks.Presentation.dll
  Device.Domain -> C:\WorkSpace\AquaAPI\src\Services\DeviceService\Device.Domain\bin\Debug\net8.0\Device.Domain.dll
  Device.TestShared -> C:\WorkSpace\AquaAPI\src\Services\DeviceService\Device.TestShared\bin\Debug\net8.0\Device.TestShared.dll
  Device.Application -> C:\WorkSpace\AquaAPI\src\Services\DeviceService\Device.Application\bin\Debug\net8.0\Device.Application.dll
  BuildingBlocks.Infrastructure -> C:\WorkSpace\AquaAPI\src\BuildingBlocks\BuildingBlocks.Infrastructure\bin\Debug\net8.0\BuildingBlocks.Infrastructure.dll
  Device.Infrastructure -> C:\WorkSpace\AquaAPI\src\Services\DeviceService\Device.Infrastrucrute\bin\Debug\net8.0\Device.Infrastructure.dll
  Device.API -> C:\WorkSpace\AquaAPI\src\Services\DeviceService\DeviceService\bin\Debug\net8.0\Device.API.dll
  Device.Infrastructure.IntegrationTests -> C:\WorkSpace\AquaAPI\src\Services\DeviceService\Device.Infrastructure.IntegrationTests\bin\Debug\net8.0\Device.Infrastructure.IntegrationTests.dll
  Device.API.E2ETests -> C:\WorkSpace\AquaAPI\src\Services\DeviceService\Device.API.E2ETests\bin\Debug\net8.0\Device.API.E2ETests.dll

Build succeeded.

C:\WorkSpace\AquaAPI\src\BuildingBlocks\BuildingBlocks.Application\BuildingBlocks.Application.csproj : warning NU1504: Duplicate 'PackageReference' items found. Remove the duplicate items or use the Update functionality to ensure a consistent restore behavior. The duplicate 'PackageReference' items are: MediatR , MediatR ; FluentValidation.DependencyInjectionExtensions , FluentValidation.DependencyInjectionExtensions .
C:\WorkSpace\AquaAPI\src\Services\DeviceService\Device.API.E2ETests\Device.API.E2ETests.csproj : warning NU1504: Duplicate 'PackageReference' items found. Remove the duplicate items or use the Update functionality to ensure a consistent restore behavior. The duplicate 'PackageReference' items are: Microsoft.NET.Test.Sdk , Microsoft.NET.Test.Sdk ; xunit , xunit ; xunit.runner.visualstudio , xunit.runner.visualstudio ; coverlet.collector , coverlet.collector ; FluentAssertions , FluentAssertions ; Microsoft.AspNetCore.Mvc.Testing , Microsoft.AspNetCore.Mvc.Testing .
C:\WorkSpace\AquaAPI\src\Services\DeviceService\DeviceService\Device.API.csproj : warning NU1506: Duplicate 'PackageVersion' items found. Remove the duplicate items or use the Update functionality to ensure a consistent restore behavior. The duplicate 'PackageVersion' items are: Microsoft.Extensions.Configuration.Abstractions 10.0.10, Microsoft.Extensions.Configuration.Abstractions 10.0.0.
C:\WorkSpace\AquaAPI\src\BuildingBlocks\BuildingBlocks.Presentation\BuildingBlocks.Presentation.csproj : warning NU1506: Duplicate 'PackageVersion' items found. Remove the duplicate items or use the Update functionality to ensure a consistent restore behavior. The duplicate 'PackageVersion' items are: Microsoft.Extensions.Configuration.Abstractions 10.0.10, Microsoft.Extensions.Configuration.Abstractions 10.0.0.
C:\WorkSpace\AquaAPI\src\Services\DeviceService\Device.TestShared\Device.TestShared.csproj : warning NU1506: Duplicate 'PackageVersion' items found. Remove the duplicate items or use the Update functionality to ensure a consistent restore behavior. The duplicate 'PackageVersion' items are: Microsoft.Extensions.Configuration.Abstractions 10.0.10, Microsoft.Extensions.Configuration.Abstractions 10.0.0.
C:\WorkSpace\AquaAPI\src\Services\DeviceService\Device.Infrastructure.IntegrationTests\Device.Infrastructure.IntegrationTests.csproj : warning NU1506: Duplicate 'PackageVersion' items found. Remove the duplicate items or use the Update functionality to ensure a consistent restore behavior. The duplicate 'PackageVersion' items are: Microsoft.Extensions.Configuration.Abstractions 10.0.10, Microsoft.Extensions.Configuration.Abstractions 10.0.0.
C:\WorkSpace\AquaAPI\src\Services\DeviceService\Device.Application\Device.Application.csproj : warning NU1506: Duplicate 'PackageVersion' items found. Remove the duplicate items or use the Update functionality to ensure a consistent restore behavior. The duplicate 'PackageVersion' items are: Microsoft.Extensions.Configuration.Abstractions 10.0.10, Microsoft.Extensions.Configuration.Abstractions 10.0.0.
C:\WorkSpace\AquaAPI\src\BuildingBlocks\BuildingBlocks.Infrastructure\BuildingBlocks.Infrastructure.csproj : warning NU1506: Duplicate 'PackageVersion' items found. Remove the duplicate items or use the Update functionality to ensure a consistent restore behavior. The duplicate 'PackageVersion' items are: Microsoft.Extensions.Configuration.Abstractions 10.0.10, Microsoft.Extensions.Configuration.Abstractions 10.0.0.
C:\WorkSpace\AquaAPI\src\BuildingBlocks\BuildingBlocks.Application\BuildingBlocks.Application.csproj : warning NU1506: Duplicate 'PackageVersion' items found. Remove the duplicate items or use the Update functionality to ensure a consistent restore behavior. The duplicate 'PackageVersion' items are: Microsoft.Extensions.Configuration.Abstractions 10.0.10, Microsoft.Extensions.Configuration.Abstractions 10.0.0.
C:\WorkSpace\AquaAPI\src\Services\DeviceService\Device.Infrastrucrute\Device.Infrastructure.csproj : warning NU1506: Duplicate 'PackageVersion' items found. Remove the duplicate items or use the Update functionality to ensure a consistent restore behavior. The duplicate 'PackageVersion' items are: Microsoft.Extensions.Configuration.Abstractions 10.0.10, Microsoft.Extensions.Configuration.Abstractions 10.0.0.
C:\WorkSpace\AquaAPI\src\Services\DeviceService\Device.Domain\Device.Domain.csproj : warning NU1506: Duplicate 'PackageVersion' items found. Remove the duplicate items or use the Update functionality to ensure a consistent restore behavior. The duplicate 'PackageVersion' items are: Microsoft.Extensions.Configuration.Abstractions 10.0.10, Microsoft.Extensions.Configuration.Abstractions 10.0.0.
C:\WorkSpace\AquaAPI\src\BuildingBlocks\BuildingBlocks.GrpcContracts\BuildingBlocks.GrpcContracts.csproj : warning NU1506: Duplicate 'PackageVersion' items found. Remove the duplicate items or use the Update functionality to ensure a consistent restore behavior. The duplicate 'PackageVersion' items are: Microsoft.Extensions.Configuration.Abstractions 10.0.10, Microsoft.Extensions.Configuration.Abstractions 10.0.0.
C:\WorkSpace\AquaAPI\src\BuildingBlocks\BuildingBlocks.IntegrationEvents\BuildingBlocks.IntegrationEvents.csproj : warning NU1506: Duplicate 'PackageVersion' items found. Remove the duplicate items or use the Update functionality to ensure a consistent restore behavior. The duplicate 'PackageVersion' items are: Microsoft.Extensions.Configuration.Abstractions 10.0.10, Microsoft.Extensions.Configuration.Abstractions 10.0.0.
C:\WorkSpace\AquaAPI\src\BuildingBlocks\BuildingBlocks.Domain\BuildingBlocks.Domain.csproj : warning NU1506: Duplicate 'PackageVersion' items found. Remove the duplicate items or use the Update functionality to ensure a consistent restore behavior. The duplicate 'PackageVersion' items are: Microsoft.Extensions.Configuration.Abstractions 10.0.10, Microsoft.Extensions.Configuration.Abstractions 10.0.0.
C:\WorkSpace\AquaAPI\src\Services\DeviceService\Device.API.E2ETests\Device.API.E2ETests.csproj : warning NU1506: Duplicate 'PackageVersion' items found. Remove the duplicate items or use the Update functionality to ensure a consistent restore behavior. The duplicate 'PackageVersion' items are: Microsoft.Extensions.Configuration.Abstractions 10.0.10, Microsoft.Extensions.Configuration.Abstractions 10.0.0.
C:\WorkSpace\AquaAPI\src\Services\DeviceService\Device.API.E2ETests\Device.API.E2ETests.csproj : warning NU1504: Duplicate 'PackageReference' items found. Remove the duplicate items or use the Update functionality to ensure a consistent restore behavior. The duplicate 'PackageReference' items are: Microsoft.NET.Test.Sdk , Microsoft.NET.Test.Sdk ; xunit , xunit ; xunit.runner.visualstudio , xunit.runner.visualstudio ; coverlet.collector , coverlet.collector ; FluentAssertions , FluentAssertions ; Microsoft.AspNetCore.Mvc.Testing , Microsoft.AspNetCore.Mvc.Testing .
C:\WorkSpace\AquaAPI\src\BuildingBlocks\BuildingBlocks.Application\BuildingBlocks.Application.csproj : warning NU1504: Duplicate 'PackageReference' items found. Remove the duplicate items or use the Update functionality to ensure a consistent restore behavior. The duplicate 'PackageReference' items are: MediatR , MediatR ; FluentValidation.DependencyInjectionExtensions , FluentValidation.DependencyInjectionExtensions .
    17 Warning(s)
    0 Error(s)

Time Elapsed 00:00:03.80
  Determining projects to restore...
C:\WorkSpace\AquaAPI\src\BuildingBlocks\BuildingBlocks.Application\BuildingBlocks.Application.csproj : warning NU1504: Duplicate 'PackageReference' items found. Remove the duplicate items or use the Update functionality to ensure a consistent restore behavior. The duplicate 'PackageReference' items are: MediatR , MediatR ; FluentValidation.DependencyInjectionExtensions , FluentValidation.DependencyInjectionExtensions .
C:\WorkSpace\AquaAPI\src\Services\DeviceService\Device.TestShared\Device.TestShared.csproj : warning NU1506: Duplicate 'PackageVersion' items found. Remove the duplicate items or use the Update functionality to ensure a consistent restore behavior. The duplicate 'PackageVersion' items are: Microsoft.Extensions.Configuration.Abstractions 10.0.10, Microsoft.Extensions.Configuration.Abstractions 10.0.0.
C:\WorkSpace\AquaAPI\src\BuildingBlocks\BuildingBlocks.IntegrationEvents\BuildingBlocks.IntegrationEvents.csproj : warning NU1506: Duplicate 'PackageVersion' items found. Remove the duplicate items or use the Update functionality to ensure a consistent restore behavior. The duplicate 'PackageVersion' items are: Microsoft.Extensions.Configuration.Abstractions 10.0.10, Microsoft.Extensions.Configuration.Abstractions 10.0.0.
C:\WorkSpace\AquaAPI\src\Services\DeviceService\Device.Application\Device.Application.csproj : warning NU1506: Duplicate 'PackageVersion' items found. Remove the duplicate items or use the Update functionality to ensure a consistent restore behavior. The duplicate 'PackageVersion' items are: Microsoft.Extensions.Configuration.Abstractions 10.0.10, Microsoft.Extensions.Configuration.Abstractions 10.0.0.
C:\WorkSpace\AquaAPI\src\Services\DeviceService\Device.Domain\Device.Domain.csproj : warning NU1506: Duplicate 'PackageVersion' items found. Remove the duplicate items or use the Update functionality to ensure a consistent restore behavior. The duplicate 'PackageVersion' items are: Microsoft.Extensions.Configuration.Abstractions 10.0.10, Microsoft.Extensions.Configuration.Abstractions 10.0.0.
C:\WorkSpace\AquaAPI\src\BuildingBlocks\BuildingBlocks.Domain\BuildingBlocks.Domain.csproj : warning NU1506: Duplicate 'PackageVersion' items found. Remove the duplicate items or use the Update functionality to ensure a consistent restore behavior. The duplicate 'PackageVersion' items are: Microsoft.Extensions.Configuration.Abstractions 10.0.10, Microsoft.Extensions.Configuration.Abstractions 10.0.0.
C:\WorkSpace\AquaAPI\src\BuildingBlocks\BuildingBlocks.Application\BuildingBlocks.Application.csproj : warning NU1506: Duplicate 'PackageVersion' items found. Remove the duplicate items or use the Update functionality to ensure a consistent restore behavior. The duplicate 'PackageVersion' items are: Microsoft.Extensions.Configuration.Abstractions 10.0.10, Microsoft.Extensions.Configuration.Abstractions 10.0.0.
C:\WorkSpace\AquaAPI\src\Services\DeviceService\Device.Application.UnitTests\Device.Application.UnitTests.csproj : warning NU1506: Duplicate 'PackageVersion' items found. Remove the duplicate items or use the Update functionality to ensure a consistent restore behavior. The duplicate 'PackageVersion' items are: Microsoft.Extensions.Configuration.Abstractions 10.0.10, Microsoft.Extensions.Configuration.Abstractions 10.0.0.
  All projects are up-to-date for restore.
C:\WorkSpace\AquaAPI\src\BuildingBlocks\BuildingBlocks.Application\BuildingBlocks.Application.csproj : warning NU1504: Duplicate 'PackageReference' items found. Remove the duplicate items or use the Update functionality to ensure a consistent restore behavior. The duplicate 'PackageReference' items are: MediatR , MediatR ; FluentValidation.DependencyInjectionExtensions , FluentValidation.DependencyInjectionExtensions .
  BuildingBlocks.Domain -> C:\WorkSpace\AquaAPI\src\BuildingBlocks\BuildingBlocks.Domain\bin\Debug\net8.0\BuildingBlocks.Domain.dll
  BuildingBlocks.IntegrationEvents -> C:\WorkSpace\AquaAPI\src\BuildingBlocks\BuildingBlocks.IntegrationEvents\bin\Debug\net8.0\BuildingBlocks.IntegrationEvents.dll
  Device.Domain -> C:\WorkSpace\AquaAPI\src\Services\DeviceService\Device.Domain\bin\Debug\net8.0\Device.Domain.dll
  Device.TestShared -> C:\WorkSpace\AquaAPI\src\Services\DeviceService\Device.TestShared\bin\Debug\net8.0\Device.TestShared.dll
  BuildingBlocks.Application -> C:\WorkSpace\AquaAPI\src\BuildingBlocks\BuildingBlocks.Application\bin\Debug\net8.0\BuildingBlocks.Application.dll
  Device.Application -> C:\WorkSpace\AquaAPI\src\Services\DeviceService\Device.Application\bin\Debug\net8.0\Device.Application.dll
  Device.Application.UnitTests -> C:\WorkSpace\AquaAPI\src\Services\DeviceService\Device.Application.UnitTests\bin\Debug\net8.0\Device.Application.UnitTests.dll

Build succeeded.

C:\WorkSpace\AquaAPI\src\BuildingBlocks\BuildingBlocks.Application\BuildingBlocks.Application.csproj : warning NU1504: Duplicate 'PackageReference' items found. Remove the duplicate items or use the Update functionality to ensure a consistent restore behavior. The duplicate 'PackageReference' items are: MediatR , MediatR ; FluentValidation.DependencyInjectionExtensions , FluentValidation.DependencyInjectionExtensions .
C:\WorkSpace\AquaAPI\src\Services\DeviceService\Device.TestShared\Device.TestShared.csproj : warning NU1506: Duplicate 'PackageVersion' items found. Remove the duplicate items or use the Update functionality to ensure a consistent restore behavior. The duplicate 'PackageVersion' items are: Microsoft.Extensions.Configuration.Abstractions 10.0.10, Microsoft.Extensions.Configuration.Abstractions 10.0.0.
C:\WorkSpace\AquaAPI\src\BuildingBlocks\BuildingBlocks.IntegrationEvents\BuildingBlocks.IntegrationEvents.csproj : warning NU1506: Duplicate 'PackageVersion' items found. Remove the duplicate items or use the Update functionality to ensure a consistent restore behavior. The duplicate 'PackageVersion' items are: Microsoft.Extensions.Configuration.Abstractions 10.0.10, Microsoft.Extensions.Configuration.Abstractions 10.0.0.
C:\WorkSpace\AquaAPI\src\Services\DeviceService\Device.Application\Device.Application.csproj : warning NU1506: Duplicate 'PackageVersion' items found. Remove the duplicate items or use the Update functionality to ensure a consistent restore behavior. The duplicate 'PackageVersion' items are: Microsoft.Extensions.Configuration.Abstractions 10.0.10, Microsoft.Extensions.Configuration.Abstractions 10.0.0.
C:\WorkSpace\AquaAPI\src\Services\DeviceService\Device.Domain\Device.Domain.csproj : warning NU1506: Duplicate 'PackageVersion' items found. Remove the duplicate items or use the Update functionality to ensure a consistent restore behavior. The duplicate 'PackageVersion' items are: Microsoft.Extensions.Configuration.Abstractions 10.0.10, Microsoft.Extensions.Configuration.Abstractions 10.0.0.
C:\WorkSpace\AquaAPI\src\BuildingBlocks\BuildingBlocks.Domain\BuildingBlocks.Domain.csproj : warning NU1506: Duplicate 'PackageVersion' items found. Remove the duplicate items or use the Update functionality to ensure a consistent restore behavior. The duplicate 'PackageVersion' items are: Microsoft.Extensions.Configuration.Abstractions 10.0.10, Microsoft.Extensions.Configuration.Abstractions 10.0.0.
C:\WorkSpace\AquaAPI\src\BuildingBlocks\BuildingBlocks.Application\BuildingBlocks.Application.csproj : warning NU1506: Duplicate 'PackageVersion' items found. Remove the duplicate items or use the Update functionality to ensure a consistent restore behavior. The duplicate 'PackageVersion' items are: Microsoft.Extensions.Configuration.Abstractions 10.0.10, Microsoft.Extensions.Configuration.Abstractions 10.0.0.
C:\WorkSpace\AquaAPI\src\Services\DeviceService\Device.Application.UnitTests\Device.Application.UnitTests.csproj : warning NU1506: Duplicate 'PackageVersion' items found. Remove the duplicate items or use the Update functionality to ensure a consistent restore behavior. The duplicate 'PackageVersion' items are: Microsoft.Extensions.Configuration.Abstractions 10.0.10, Microsoft.Extensions.Configuration.Abstractions 10.0.0.
C:\WorkSpace\AquaAPI\src\BuildingBlocks\BuildingBlocks.Application\BuildingBlocks.Application.csproj : warning NU1504: Duplicate 'PackageReference' items found. Remove the duplicate items or use the Update functionality to ensure a consistent restore behavior. The duplicate 'PackageReference' items are: MediatR , MediatR ; FluentValidation.DependencyInjectionExtensions , FluentValidation.DependencyInjectionExtensions .
    9 Warning(s)
    0 Error(s)

Time Elapsed 00:00:01.57
  Determining projects to restore...
C:\WorkSpace\AquaAPI\src\BuildingBlocks\BuildingBlocks.Application\BuildingBlocks.Application.csproj : warning NU1504: Duplicate 'PackageReference' items found. Remove the duplicate items or use the Update functionality to ensure a consistent restore behavior. The duplicate 'PackageReference' items are: MediatR , MediatR ; FluentValidation.DependencyInjectionExtensions , FluentValidation.DependencyInjectionExtensions .
C:\WorkSpace\AquaAPI\src\Services\DeviceService\DeviceService\Device.API.csproj : warning NU1506: Duplicate 'PackageVersion' items found. Remove the duplicate items or use the Update functionality to ensure a consistent restore behavior. The duplicate 'PackageVersion' items are: Microsoft.Extensions.Configuration.Abstractions 10.0.10, Microsoft.Extensions.Configuration.Abstractions 10.0.0.
C:\WorkSpace\AquaAPI\src\Services\DeviceService\Device.Infrastrucrute\Device.Infrastructure.csproj : warning NU1506: Duplicate 'PackageVersion' items found. Remove the duplicate items or use the Update functionality to ensure a consistent restore behavior. The duplicate 'PackageVersion' items are: Microsoft.Extensions.Configuration.Abstractions 10.0.10, Microsoft.Extensions.Configuration.Abstractions 10.0.0.
C:\WorkSpace\AquaAPI\src\BuildingBlocks\BuildingBlocks.Presentation\BuildingBlocks.Presentation.csproj : warning NU1506: Duplicate 'PackageVersion' items found. Remove the duplicate items or use the Update functionality to ensure a consistent restore behavior. The duplicate 'PackageVersion' items are: Microsoft.Extensions.Configuration.Abstractions 10.0.10, Microsoft.Extensions.Configuration.Abstractions 10.0.0.
C:\WorkSpace\AquaAPI\src\BuildingBlocks\BuildingBlocks.IntegrationEvents\BuildingBlocks.IntegrationEvents.csproj : warning NU1506: Duplicate 'PackageVersion' items found. Remove the duplicate items or use the Update functionality to ensure a consistent restore behavior. The duplicate 'PackageVersion' items are: Microsoft.Extensions.Configuration.Abstractions 10.0.10, Microsoft.Extensions.Configuration.Abstractions 10.0.0.
C:\WorkSpace\AquaAPI\src\BuildingBlocks\BuildingBlocks.Infrastructure\BuildingBlocks.Infrastructure.csproj : warning NU1506: Duplicate 'PackageVersion' items found. Remove the duplicate items or use the Update functionality to ensure a consistent restore behavior. The duplicate 'PackageVersion' items are: Microsoft.Extensions.Configuration.Abstractions 10.0.10, Microsoft.Extensions.Configuration.Abstractions 10.0.0.
C:\WorkSpace\AquaAPI\src\Services\DeviceService\Device.Domain\Device.Domain.csproj : warning NU1506: Duplicate 'PackageVersion' items found. Remove the duplicate items or use the Update functionality to ensure a consistent restore behavior. The duplicate 'PackageVersion' items are: Microsoft.Extensions.Configuration.Abstractions 10.0.10, Microsoft.Extensions.Configuration.Abstractions 10.0.0.
C:\WorkSpace\AquaAPI\src\BuildingBlocks\BuildingBlocks.GrpcContracts\BuildingBlocks.GrpcContracts.csproj : warning NU1506: Duplicate 'PackageVersion' items found. Remove the duplicate items or use the Update functionality to ensure a consistent restore behavior. The duplicate 'PackageVersion' items are: Microsoft.Extensions.Configuration.Abstractions 10.0.10, Microsoft.Extensions.Configuration.Abstractions 10.0.0.
C:\WorkSpace\AquaAPI\src\BuildingBlocks\BuildingBlocks.Application\BuildingBlocks.Application.csproj : warning NU1506: Duplicate 'PackageVersion' items found. Remove the duplicate items or use the Update functionality to ensure a consistent restore behavior. The duplicate 'PackageVersion' items are: Microsoft.Extensions.Configuration.Abstractions 10.0.10, Microsoft.Extensions.Configuration.Abstractions 10.0.0.
C:\WorkSpace\AquaAPI\src\BuildingBlocks\BuildingBlocks.Domain\BuildingBlocks.Domain.csproj : warning NU1506: Duplicate 'PackageVersion' items found. Remove the duplicate items or use the Update functionality to ensure a consistent restore behavior. The duplicate 'PackageVersion' items are: Microsoft.Extensions.Configuration.Abstractions 10.0.10, Microsoft.Extensions.Configuration.Abstractions 10.0.0.
C:\WorkSpace\AquaAPI\src\Services\DeviceService\Device.Application\Device.Application.csproj : warning NU1506: Duplicate 'PackageVersion' items found. Remove the duplicate items or use the Update functionality to ensure a consistent restore behavior. The duplicate 'PackageVersion' items are: Microsoft.Extensions.Configuration.Abstractions 10.0.10, Microsoft.Extensions.Configuration.Abstractions 10.0.0.
C:\WorkSpace\AquaAPI\src\Services\DeviceService\Device.ArchitectureTests\Device.ArchitectureTests.csproj : warning NU1506: Duplicate 'PackageVersion' items found. Remove the duplicate items or use the Update functionality to ensure a consistent restore behavior. The duplicate 'PackageVersion' items are: Microsoft.Extensions.Configuration.Abstractions 10.0.10, Microsoft.Extensions.Configuration.Abstractions 10.0.0.
  All projects are up-to-date for restore.
C:\WorkSpace\AquaAPI\src\BuildingBlocks\BuildingBlocks.Application\BuildingBlocks.Application.csproj : warning NU1504: Duplicate 'PackageReference' items found. Remove the duplicate items or use the Update functionality to ensure a consistent restore behavior. The duplicate 'PackageReference' items are: MediatR , MediatR ; FluentValidation.DependencyInjectionExtensions , FluentValidation.DependencyInjectionExtensions .
  BuildingBlocks.Domain -> C:\WorkSpace\AquaAPI\src\BuildingBlocks\BuildingBlocks.Domain\bin\Debug\net8.0\BuildingBlocks.Domain.dll
  BuildingBlocks.GrpcContracts -> C:\WorkSpace\AquaAPI\src\BuildingBlocks\BuildingBlocks.GrpcContracts\bin\Debug\net8.0\BuildingBlocks.GrpcContracts.dll
  BuildingBlocks.IntegrationEvents -> C:\WorkSpace\AquaAPI\src\BuildingBlocks\BuildingBlocks.IntegrationEvents\bin\Debug\net8.0\BuildingBlocks.IntegrationEvents.dll
  Device.Domain -> C:\WorkSpace\AquaAPI\src\Services\DeviceService\Device.Domain\bin\Debug\net8.0\Device.Domain.dll
  BuildingBlocks.Presentation -> C:\WorkSpace\AquaAPI\src\BuildingBlocks\BuildingBlocks.Presentation\bin\Debug\net8.0\BuildingBlocks.Presentation.dll
  BuildingBlocks.Infrastructure -> C:\WorkSpace\AquaAPI\src\BuildingBlocks\BuildingBlocks.Infrastructure\bin\Debug\net8.0\BuildingBlocks.Infrastructure.dll
  BuildingBlocks.Application -> C:\WorkSpace\AquaAPI\src\BuildingBlocks\BuildingBlocks.Application\bin\Debug\net8.0\BuildingBlocks.Application.dll
  Device.Application -> C:\WorkSpace\AquaAPI\src\Services\DeviceService\Device.Application\bin\Debug\net8.0\Device.Application.dll
  Device.Infrastructure -> C:\WorkSpace\AquaAPI\src\Services\DeviceService\Device.Infrastrucrute\bin\Debug\net8.0\Device.Infrastructure.dll
  Device.API -> C:\WorkSpace\AquaAPI\src\Services\DeviceService\DeviceService\bin\Debug\net8.0\Device.API.dll
  Device.ArchitectureTests -> C:\WorkSpace\AquaAPI\src\Services\DeviceService\Device.ArchitectureTests\bin\Debug\net8.0\Device.ArchitectureTests.dll

Build succeeded.

C:\WorkSpace\AquaAPI\src\BuildingBlocks\BuildingBlocks.Application\BuildingBlocks.Application.csproj : warning NU1504: Duplicate 'PackageReference' items found. Remove the duplicate items or use the Update functionality to ensure a consistent restore behavior. The duplicate 'PackageReference' items are: MediatR , MediatR ; FluentValidation.DependencyInjectionExtensions , FluentValidation.DependencyInjectionExtensions .
C:\WorkSpace\AquaAPI\src\Services\DeviceService\DeviceService\Device.API.csproj : warning NU1506: Duplicate 'PackageVersion' items found. Remove the duplicate items or use the Update functionality to ensure a consistent restore behavior. The duplicate 'PackageVersion' items are: Microsoft.Extensions.Configuration.Abstractions 10.0.10, Microsoft.Extensions.Configuration.Abstractions 10.0.0.
C:\WorkSpace\AquaAPI\src\Services\DeviceService\Device.Infrastrucrute\Device.Infrastructure.csproj : warning NU1506: Duplicate 'PackageVersion' items found. Remove the duplicate items or use the Update functionality to ensure a consistent restore behavior. The duplicate 'PackageVersion' items are: Microsoft.Extensions.Configuration.Abstractions 10.0.10, Microsoft.Extensions.Configuration.Abstractions 10.0.0.
C:\WorkSpace\AquaAPI\src\BuildingBlocks\BuildingBlocks.Presentation\BuildingBlocks.Presentation.csproj : warning NU1506: Duplicate 'PackageVersion' items found. Remove the duplicate items or use the Update functionality to ensure a consistent restore behavior. The duplicate 'PackageVersion' items are: Microsoft.Extensions.Configuration.Abstractions 10.0.10, Microsoft.Extensions.Configuration.Abstractions 10.0.0.
C:\WorkSpace\AquaAPI\src\BuildingBlocks\BuildingBlocks.IntegrationEvents\BuildingBlocks.IntegrationEvents.csproj : warning NU1506: Duplicate 'PackageVersion' items found. Remove the duplicate items or use the Update functionality to ensure a consistent restore behavior. The duplicate 'PackageVersion' items are: Microsoft.Extensions.Configuration.Abstractions 10.0.10, Microsoft.Extensions.Configuration.Abstractions 10.0.0.
C:\WorkSpace\AquaAPI\src\BuildingBlocks\BuildingBlocks.Infrastructure\BuildingBlocks.Infrastructure.csproj : warning NU1506: Duplicate 'PackageVersion' items found. Remove the duplicate items or use the Update functionality to ensure a consistent restore behavior. The duplicate 'PackageVersion' items are: Microsoft.Extensions.Configuration.Abstractions 10.0.10, Microsoft.Extensions.Configuration.Abstractions 10.0.0.
C:\WorkSpace\AquaAPI\src\Services\DeviceService\Device.Domain\Device.Domain.csproj : warning NU1506: Duplicate 'PackageVersion' items found. Remove the duplicate items or use the Update functionality to ensure a consistent restore behavior. The duplicate 'PackageVersion' items are: Microsoft.Extensions.Configuration.Abstractions 10.0.10, Microsoft.Extensions.Configuration.Abstractions 10.0.0.
C:\WorkSpace\AquaAPI\src\BuildingBlocks\BuildingBlocks.GrpcContracts\BuildingBlocks.GrpcContracts.csproj : warning NU1506: Duplicate 'PackageVersion' items found. Remove the duplicate items or use the Update functionality to ensure a consistent restore behavior. The duplicate 'PackageVersion' items are: Microsoft.Extensions.Configuration.Abstractions 10.0.10, Microsoft.Extensions.Configuration.Abstractions 10.0.0.
C:\WorkSpace\AquaAPI\src\BuildingBlocks\BuildingBlocks.Application\BuildingBlocks.Application.csproj : warning NU1506: Duplicate 'PackageVersion' items found. Remove the duplicate items or use the Update functionality to ensure a consistent restore behavior. The duplicate 'PackageVersion' items are: Microsoft.Extensions.Configuration.Abstractions 10.0.10, Microsoft.Extensions.Configuration.Abstractions 10.0.0.
C:\WorkSpace\AquaAPI\src\BuildingBlocks\BuildingBlocks.Domain\BuildingBlocks.Domain.csproj : warning NU1506: Duplicate 'PackageVersion' items found. Remove the duplicate items or use the Update functionality to ensure a consistent restore behavior. The duplicate 'PackageVersion' items are: Microsoft.Extensions.Configuration.Abstractions 10.0.10, Microsoft.Extensions.Configuration.Abstractions 10.0.0.
C:\WorkSpace\AquaAPI\src\Services\DeviceService\Device.Application\Device.Application.csproj : warning NU1506: Duplicate 'PackageVersion' items found. Remove the duplicate items or use the Update functionality to ensure a consistent restore behavior. The duplicate 'PackageVersion' items are: Microsoft.Extensions.Configuration.Abstractions 10.0.10, Microsoft.Extensions.Configuration.Abstractions 10.0.0.
C:\WorkSpace\AquaAPI\src\Services\DeviceService\Device.ArchitectureTests\Device.ArchitectureTests.csproj : warning NU1506: Duplicate 'PackageVersion' items found. Remove the duplicate items or use the Update functionality to ensure a consistent restore behavior. The duplicate 'PackageVersion' items are: Microsoft.Extensions.Configuration.Abstractions 10.0.10, Microsoft.Extensions.Configuration.Abstractions 10.0.0.
C:\WorkSpace\AquaAPI\src\BuildingBlocks\BuildingBlocks.Application\BuildingBlocks.Application.csproj : warning NU1504: Duplicate 'PackageReference' items found. Remove the duplicate items or use the Update functionality to ensure a consistent restore behavior. The duplicate 'PackageReference' items are: MediatR , MediatR ; FluentValidation.DependencyInjectionExtensions , FluentValidation.DependencyInjectionExtensions .
    13 Warning(s)
    0 Error(s)

Time Elapsed 00:00:02.34
  Determining projects to restore...
C:\WorkSpace\AquaAPI\src\Services\DeviceService\Device.TestShared\Device.TestShared.csproj : warning NU1506: Duplicate 'PackageVersion' items found. Remove the duplicate items or use the Update functionality to ensure a consistent restore behavior. The duplicate 'PackageVersion' items are: Microsoft.Extensions.Configuration.Abstractions 10.0.10, Microsoft.Extensions.Configuration.Abstractions 10.0.0.
C:\WorkSpace\AquaAPI\src\Services\DeviceService\Device.Domain\Device.Domain.csproj : warning NU1506: Duplicate 'PackageVersion' items found. Remove the duplicate items or use the Update functionality to ensure a consistent restore behavior. The duplicate 'PackageVersion' items are: Microsoft.Extensions.Configuration.Abstractions 10.0.10, Microsoft.Extensions.Configuration.Abstractions 10.0.0.
C:\WorkSpace\AquaAPI\src\BuildingBlocks\BuildingBlocks.Domain\BuildingBlocks.Domain.csproj : warning NU1506: Duplicate 'PackageVersion' items found. Remove the duplicate items or use the Update functionality to ensure a consistent restore behavior. The duplicate 'PackageVersion' items are: Microsoft.Extensions.Configuration.Abstractions 10.0.10, Microsoft.Extensions.Configuration.Abstractions 10.0.0.
C:\WorkSpace\AquaAPI\src\Services\DeviceService\Device.Domain.UnitTests\Device.Domain.UnitTests.csproj : warning NU1506: Duplicate 'PackageVersion' items found. Remove the duplicate items or use the Update functionality to ensure a consistent restore behavior. The duplicate 'PackageVersion' items are: Microsoft.Extensions.Configuration.Abstractions 10.0.10, Microsoft.Extensions.Configuration.Abstractions 10.0.0.
  All projects are up-to-date for restore.
  BuildingBlocks.Domain -> C:\WorkSpace\AquaAPI\src\BuildingBlocks\BuildingBlocks.Domain\bin\Debug\net8.0\BuildingBlocks.Domain.dll
  Device.Domain -> C:\WorkSpace\AquaAPI\src\Services\DeviceService\Device.Domain\bin\Debug\net8.0\Device.Domain.dll
  Device.TestShared -> C:\WorkSpace\AquaAPI\src\Services\DeviceService\Device.TestShared\bin\Debug\net8.0\Device.TestShared.dll
  Device.Domain.UnitTests -> C:\WorkSpace\AquaAPI\src\Services\DeviceService\Device.Domain.UnitTests\bin\Debug\net8.0\Device.Domain.UnitTests.dll

Build succeeded.

C:\WorkSpace\AquaAPI\src\Services\DeviceService\Device.TestShared\Device.TestShared.csproj : warning NU1506: Duplicate 'PackageVersion' items found. Remove the duplicate items or use the Update functionality to ensure a consistent restore behavior. The duplicate 'PackageVersion' items are: Microsoft.Extensions.Configuration.Abstractions 10.0.10, Microsoft.Extensions.Configuration.Abstractions 10.0.0.
C:\WorkSpace\AquaAPI\src\Services\DeviceService\Device.Domain\Device.Domain.csproj : warning NU1506: Duplicate 'PackageVersion' items found. Remove the duplicate items or use the Update functionality to ensure a consistent restore behavior. The duplicate 'PackageVersion' items are: Microsoft.Extensions.Configuration.Abstractions 10.0.10, Microsoft.Extensions.Configuration.Abstractions 10.0.0.
C:\WorkSpace\AquaAPI\src\BuildingBlocks\BuildingBlocks.Domain\BuildingBlocks.Domain.csproj : warning NU1506: Duplicate 'PackageVersion' items found. Remove the duplicate items or use the Update functionality to ensure a consistent restore behavior. The duplicate 'PackageVersion' items are: Microsoft.Extensions.Configuration.Abstractions 10.0.10, Microsoft.Extensions.Configuration.Abstractions 10.0.0.
C:\WorkSpace\AquaAPI\src\Services\DeviceService\Device.Domain.UnitTests\Device.Domain.UnitTests.csproj : warning NU1506: Duplicate 'PackageVersion' items found. Remove the duplicate items or use the Update functionality to ensure a consistent restore behavior. The duplicate 'PackageVersion' items are: Microsoft.Extensions.Configuration.Abstractions 10.0.10, Microsoft.Extensions.Configuration.Abstractions 10.0.0.
    4 Warning(s)
    0 Error(s)

Time Elapsed 00:00:01.53
  Determining projects to restore...
C:\WorkSpace\AquaAPI\src\BuildingBlocks\BuildingBlocks.Application\BuildingBlocks.Application.csproj : warning NU1504: Duplicate 'PackageReference' items found. Remove the duplicate items or use the Update functionality to ensure a consistent restore behavior. The duplicate 'PackageReference' items are: MediatR , MediatR ; FluentValidation.DependencyInjectionExtensions , FluentValidation.DependencyInjectionExtensions .
C:\WorkSpace\AquaAPI\src\Services\DeviceService\Device.Application\Device.Application.csproj : warning NU1506: Duplicate 'PackageVersion' items found. Remove the duplicate items or use the Update functionality to ensure a consistent restore behavior. The duplicate 'PackageVersion' items are: Microsoft.Extensions.Configuration.Abstractions 10.0.10, Microsoft.Extensions.Configuration.Abstractions 10.0.0.
C:\WorkSpace\AquaAPI\src\Services\DeviceService\Device.TestShared\Device.TestShared.csproj : warning NU1506: Duplicate 'PackageVersion' items found. Remove the duplicate items or use the Update functionality to ensure a consistent restore behavior. The duplicate 'PackageVersion' items are: Microsoft.Extensions.Configuration.Abstractions 10.0.10, Microsoft.Extensions.Configuration.Abstractions 10.0.0.
C:\WorkSpace\AquaAPI\src\BuildingBlocks\BuildingBlocks.Presentation\BuildingBlocks.Presentation.csproj : warning NU1506: Duplicate 'PackageVersion' items found. Remove the duplicate items or use the Update functionality to ensure a consistent restore behavior. The duplicate 'PackageVersion' items are: Microsoft.Extensions.Configuration.Abstractions 10.0.10, Microsoft.Extensions.Configuration.Abstractions 10.0.0.
C:\WorkSpace\AquaAPI\src\Services\DeviceService\DeviceService\Device.API.csproj : warning NU1506: Duplicate 'PackageVersion' items found. Remove the duplicate items or use the Update functionality to ensure a consistent restore behavior. The duplicate 'PackageVersion' items are: Microsoft.Extensions.Configuration.Abstractions 10.0.10, Microsoft.Extensions.Configuration.Abstractions 10.0.0.
C:\WorkSpace\AquaAPI\src\Services\DeviceService\Device.Infrastrucrute\Device.Infrastructure.csproj : warning NU1506: Duplicate 'PackageVersion' items found. Remove the duplicate items or use the Update functionality to ensure a consistent restore behavior. The duplicate 'PackageVersion' items are: Microsoft.Extensions.Configuration.Abstractions 10.0.10, Microsoft.Extensions.Configuration.Abstractions 10.0.0.
C:\WorkSpace\AquaAPI\src\BuildingBlocks\BuildingBlocks.IntegrationEvents\BuildingBlocks.IntegrationEvents.csproj : warning NU1506: Duplicate 'PackageVersion' items found. Remove the duplicate items or use the Update functionality to ensure a consistent restore behavior. The duplicate 'PackageVersion' items are: Microsoft.Extensions.Configuration.Abstractions 10.0.10, Microsoft.Extensions.Configuration.Abstractions 10.0.0.
C:\WorkSpace\AquaAPI\src\Services\DeviceService\Device.Domain\Device.Domain.csproj : warning NU1506: Duplicate 'PackageVersion' items found. Remove the duplicate items or use the Update functionality to ensure a consistent restore behavior. The duplicate 'PackageVersion' items are: Microsoft.Extensions.Configuration.Abstractions 10.0.10, Microsoft.Extensions.Configuration.Abstractions 10.0.0.
C:\WorkSpace\AquaAPI\src\BuildingBlocks\BuildingBlocks.GrpcContracts\BuildingBlocks.GrpcContracts.csproj : warning NU1506: Duplicate 'PackageVersion' items found. Remove the duplicate items or use the Update functionality to ensure a consistent restore behavior. The duplicate 'PackageVersion' items are: Microsoft.Extensions.Configuration.Abstractions 10.0.10, Microsoft.Extensions.Configuration.Abstractions 10.0.0.
C:\WorkSpace\AquaAPI\src\BuildingBlocks\BuildingBlocks.Application\BuildingBlocks.Application.csproj : warning NU1506: Duplicate 'PackageVersion' items found. Remove the duplicate items or use the Update functionality to ensure a consistent restore behavior. The duplicate 'PackageVersion' items are: Microsoft.Extensions.Configuration.Abstractions 10.0.10, Microsoft.Extensions.Configuration.Abstractions 10.0.0.
C:\WorkSpace\AquaAPI\src\BuildingBlocks\BuildingBlocks.Infrastructure\BuildingBlocks.Infrastructure.csproj : warning NU1506: Duplicate 'PackageVersion' items found. Remove the duplicate items or use the Update functionality to ensure a consistent restore behavior. The duplicate 'PackageVersion' items are: Microsoft.Extensions.Configuration.Abstractions 10.0.10, Microsoft.Extensions.Configuration.Abstractions 10.0.0.
C:\WorkSpace\AquaAPI\src\BuildingBlocks\BuildingBlocks.Domain\BuildingBlocks.Domain.csproj : warning NU1506: Duplicate 'PackageVersion' items found. Remove the duplicate items or use the Update functionality to ensure a consistent restore behavior. The duplicate 'PackageVersion' items are: Microsoft.Extensions.Configuration.Abstractions 10.0.10, Microsoft.Extensions.Configuration.Abstractions 10.0.0.
C:\WorkSpace\AquaAPI\src\Services\DeviceService\Device.Infrastructure.IntegrationTests\Device.Infrastructure.IntegrationTests.csproj : warning NU1506: Duplicate 'PackageVersion' items found. Remove the duplicate items or use the Update functionality to ensure a consistent restore behavior. The duplicate 'PackageVersion' items are: Microsoft.Extensions.Configuration.Abstractions 10.0.10, Microsoft.Extensions.Configuration.Abstractions 10.0.0.
  All projects are up-to-date for restore.
C:\WorkSpace\AquaAPI\src\BuildingBlocks\BuildingBlocks.Application\BuildingBlocks.Application.csproj : warning NU1504: Duplicate 'PackageReference' items found. Remove the duplicate items or use the Update functionality to ensure a consistent restore behavior. The duplicate 'PackageReference' items are: MediatR , MediatR ; FluentValidation.DependencyInjectionExtensions , FluentValidation.DependencyInjectionExtensions .
  BuildingBlocks.Domain -> C:\WorkSpace\AquaAPI\src\BuildingBlocks\BuildingBlocks.Domain\bin\Debug\net8.0\BuildingBlocks.Domain.dll
  BuildingBlocks.Application -> C:\WorkSpace\AquaAPI\src\BuildingBlocks\BuildingBlocks.Application\bin\Debug\net8.0\BuildingBlocks.Application.dll
  BuildingBlocks.IntegrationEvents -> C:\WorkSpace\AquaAPI\src\BuildingBlocks\BuildingBlocks.IntegrationEvents\bin\Debug\net8.0\BuildingBlocks.IntegrationEvents.dll
  Device.Domain -> C:\WorkSpace\AquaAPI\src\Services\DeviceService\Device.Domain\bin\Debug\net8.0\Device.Domain.dll
  BuildingBlocks.Presentation -> C:\WorkSpace\AquaAPI\src\BuildingBlocks\BuildingBlocks.Presentation\bin\Debug\net8.0\BuildingBlocks.Presentation.dll
  Device.TestShared -> C:\WorkSpace\AquaAPI\src\Services\DeviceService\Device.TestShared\bin\Debug\net8.0\Device.TestShared.dll
  Device.Application -> C:\WorkSpace\AquaAPI\src\Services\DeviceService\Device.Application\bin\Debug\net8.0\Device.Application.dll
  BuildingBlocks.Infrastructure -> C:\WorkSpace\AquaAPI\src\BuildingBlocks\BuildingBlocks.Infrastructure\bin\Debug\net8.0\BuildingBlocks.Infrastructure.dll
  BuildingBlocks.GrpcContracts -> C:\WorkSpace\AquaAPI\src\BuildingBlocks\BuildingBlocks.GrpcContracts\bin\Debug\net8.0\BuildingBlocks.GrpcContracts.dll
  Device.Infrastructure -> C:\WorkSpace\AquaAPI\src\Services\DeviceService\Device.Infrastrucrute\bin\Debug\net8.0\Device.Infrastructure.dll
  Device.API -> C:\WorkSpace\AquaAPI\src\Services\DeviceService\DeviceService\bin\Debug\net8.0\Device.API.dll
  Device.Infrastructure.IntegrationTests -> C:\WorkSpace\AquaAPI\src\Services\DeviceService\Device.Infrastructure.IntegrationTests\bin\Debug\net8.0\Device.Infrastructure.IntegrationTests.dll

Build succeeded.

C:\WorkSpace\AquaAPI\src\BuildingBlocks\BuildingBlocks.Application\BuildingBlocks.Application.csproj : warning NU1504: Duplicate 'PackageReference' items found. Remove the duplicate items or use the Update functionality to ensure a consistent restore behavior. The duplicate 'PackageReference' items are: MediatR , MediatR ; FluentValidation.DependencyInjectionExtensions , FluentValidation.DependencyInjectionExtensions .
C:\WorkSpace\AquaAPI\src\Services\DeviceService\Device.Application\Device.Application.csproj : warning NU1506: Duplicate 'PackageVersion' items found. Remove the duplicate items or use the Update functionality to ensure a consistent restore behavior. The duplicate 'PackageVersion' items are: Microsoft.Extensions.Configuration.Abstractions 10.0.10, Microsoft.Extensions.Configuration.Abstractions 10.0.0.
C:\WorkSpace\AquaAPI\src\Services\DeviceService\Device.TestShared\Device.TestShared.csproj : warning NU1506: Duplicate 'PackageVersion' items found. Remove the duplicate items or use the Update functionality to ensure a consistent restore behavior. The duplicate 'PackageVersion' items are: Microsoft.Extensions.Configuration.Abstractions 10.0.10, Microsoft.Extensions.Configuration.Abstractions 10.0.0.
C:\WorkSpace\AquaAPI\src\BuildingBlocks\BuildingBlocks.Presentation\BuildingBlocks.Presentation.csproj : warning NU1506: Duplicate 'PackageVersion' items found. Remove the duplicate items or use the Update functionality to ensure a consistent restore behavior. The duplicate 'PackageVersion' items are: Microsoft.Extensions.Configuration.Abstractions 10.0.10, Microsoft.Extensions.Configuration.Abstractions 10.0.0.
C:\WorkSpace\AquaAPI\src\Services\DeviceService\DeviceService\Device.API.csproj : warning NU1506: Duplicate 'PackageVersion' items found. Remove the duplicate items or use the Update functionality to ensure a consistent restore behavior. The duplicate 'PackageVersion' items are: Microsoft.Extensions.Configuration.Abstractions 10.0.10, Microsoft.Extensions.Configuration.Abstractions 10.0.0.
C:\WorkSpace\AquaAPI\src\Services\DeviceService\Device.Infrastrucrute\Device.Infrastructure.csproj : warning NU1506: Duplicate 'PackageVersion' items found. Remove the duplicate items or use the Update functionality to ensure a consistent restore behavior. The duplicate 'PackageVersion' items are: Microsoft.Extensions.Configuration.Abstractions 10.0.10, Microsoft.Extensions.Configuration.Abstractions 10.0.0.
C:\WorkSpace\AquaAPI\src\BuildingBlocks\BuildingBlocks.IntegrationEvents\BuildingBlocks.IntegrationEvents.csproj : warning NU1506: Duplicate 'PackageVersion' items found. Remove the duplicate items or use the Update functionality to ensure a consistent restore behavior. The duplicate 'PackageVersion' items are: Microsoft.Extensions.Configuration.Abstractions 10.0.10, Microsoft.Extensions.Configuration.Abstractions 10.0.0.
C:\WorkSpace\AquaAPI\src\Services\DeviceService\Device.Domain\Device.Domain.csproj : warning NU1506: Duplicate 'PackageVersion' items found. Remove the duplicate items or use the Update functionality to ensure a consistent restore behavior. The duplicate 'PackageVersion' items are: Microsoft.Extensions.Configuration.Abstractions 10.0.10, Microsoft.Extensions.Configuration.Abstractions 10.0.0.
C:\WorkSpace\AquaAPI\src\BuildingBlocks\BuildingBlocks.GrpcContracts\BuildingBlocks.GrpcContracts.csproj : warning NU1506: Duplicate 'PackageVersion' items found. Remove the duplicate items or use the Update functionality to ensure a consistent restore behavior. The duplicate 'PackageVersion' items are: Microsoft.Extensions.Configuration.Abstractions 10.0.10, Microsoft.Extensions.Configuration.Abstractions 10.0.0.
C:\WorkSpace\AquaAPI\src\BuildingBlocks\BuildingBlocks.Application\BuildingBlocks.Application.csproj : warning NU1506: Duplicate 'PackageVersion' items found. Remove the duplicate items or use the Update functionality to ensure a consistent restore behavior. The duplicate 'PackageVersion' items are: Microsoft.Extensions.Configuration.Abstractions 10.0.10, Microsoft.Extensions.Configuration.Abstractions 10.0.0.
C:\WorkSpace\AquaAPI\src\BuildingBlocks\BuildingBlocks.Infrastructure\BuildingBlocks.Infrastructure.csproj : warning NU1506: Duplicate 'PackageVersion' items found. Remove the duplicate items or use the Update functionality to ensure a consistent restore behavior. The duplicate 'PackageVersion' items are: Microsoft.Extensions.Configuration.Abstractions 10.0.10, Microsoft.Extensions.Configuration.Abstractions 10.0.0.
C:\WorkSpace\AquaAPI\src\BuildingBlocks\BuildingBlocks.Domain\BuildingBlocks.Domain.csproj : warning NU1506: Duplicate 'PackageVersion' items found. Remove the duplicate items or use the Update functionality to ensure a consistent restore behavior. The duplicate 'PackageVersion' items are: Microsoft.Extensions.Configuration.Abstractions 10.0.10, Microsoft.Extensions.Configuration.Abstractions 10.0.0.
C:\WorkSpace\AquaAPI\src\Services\DeviceService\Device.Infrastructure.IntegrationTests\Device.Infrastructure.IntegrationTests.csproj : warning NU1506: Duplicate 'PackageVersion' items found. Remove the duplicate items or use the Update functionality to ensure a consistent restore behavior. The duplicate 'PackageVersion' items are: Microsoft.Extensions.Configuration.Abstractions 10.0.10, Microsoft.Extensions.Configuration.Abstractions 10.0.0.
C:\WorkSpace\AquaAPI\src\BuildingBlocks\BuildingBlocks.Application\BuildingBlocks.Application.csproj : warning NU1504: Duplicate 'PackageReference' items found. Remove the duplicate items or use the Update functionality to ensure a consistent restore behavior. The duplicate 'PackageReference' items are: MediatR , MediatR ; FluentValidation.DependencyInjectionExtensions , FluentValidation.DependencyInjectionExtensions .
    14 Warning(s)
    0 Error(s)

Time Elapsed 00:00:02.30
  Determining projects to restore...
  Skipping project "C:\WorkSpace\AquaAPI\src\Contracts\Contracts\Contracts.csproj" because it was not found.
  Skipping project "C:\WorkSpace\AquaAPI\src\Contracts\Contracts\Contracts.csproj" because it was not found.
  Skipping project "C:\WorkSpace\AquaAPI\src\Contracts\Contracts\Contracts.csproj" because it was not found.
  Skipping project "C:\WorkSpace\AquaAPI\src\Contracts\Contracts\Contracts.csproj" because it was not found.
C:\WorkSpace\AquaAPI\src\BuildingBlocks\BuildingBlocks.Application\BuildingBlocks.Application.csproj : warning NU1504: Duplicate 'PackageReference' items found. Remove the duplicate items or use the Update functionality to ensure a consistent restore behavior. The duplicate 'PackageReference' items are: MediatR , MediatR ; FluentValidation.DependencyInjectionExtensions , FluentValidation.DependencyInjectionExtensions .
C:\WorkSpace\AquaAPI\src\Services\IdentityService\Identity.API.E2ETests\Identity.API.E2ETests.csproj : warning NU1504: Duplicate 'PackageReference' items found. Remove the duplicate items or use the Update functionality to ensure a consistent restore behavior. The duplicate 'PackageReference' items are: Microsoft.NET.Test.Sdk , Microsoft.NET.Test.Sdk ; xunit , xunit ; xunit.runner.visualstudio , xunit.runner.visualstudio ; coverlet.collector , coverlet.collector ; FluentAssertions , FluentAssertions ; Microsoft.AspNetCore.Mvc.Testing , Microsoft.AspNetCore.Mvc.Testing .
C:\WorkSpace\AquaAPI\src\Services\IdentityService\Identity.Infrastructure.IntegrationTests\Identity.Infrastructure.IntegrationTests.csproj : warning NU1506: Duplicate 'PackageVersion' items found. Remove the duplicate items or use the Update functionality to ensure a consistent restore behavior. The duplicate 'PackageVersion' items are: Microsoft.Extensions.Configuration.Abstractions 10.0.10, Microsoft.Extensions.Configuration.Abstractions 10.0.0.
C:\WorkSpace\AquaAPI\src\BuildingBlocks\BuildingBlocks.Presentation\BuildingBlocks.Presentation.csproj : warning NU1506: Duplicate 'PackageVersion' items found. Remove the duplicate items or use the Update functionality to ensure a consistent restore behavior. The duplicate 'PackageVersion' items are: Microsoft.Extensions.Configuration.Abstractions 10.0.10, Microsoft.Extensions.Configuration.Abstractions 10.0.0.
C:\WorkSpace\AquaAPI\src\Services\IdentityService\IdentityService\IdentityService.API.csproj : warning NU1506: Duplicate 'PackageVersion' items found. Remove the duplicate items or use the Update functionality to ensure a consistent restore behavior. The duplicate 'PackageVersion' items are: Microsoft.Extensions.Configuration.Abstractions 10.0.10, Microsoft.Extensions.Configuration.Abstractions 10.0.0.
C:\WorkSpace\AquaAPI\src\Services\IdentityService\IdentityService.Infrastructure\IdentityService.Infrastructure.csproj : warning NU1506: Duplicate 'PackageVersion' items found. Remove the duplicate items or use the Update functionality to ensure a consistent restore behavior. The duplicate 'PackageVersion' items are: Microsoft.Extensions.Configuration.Abstractions 10.0.10, Microsoft.Extensions.Configuration.Abstractions 10.0.0.
C:\WorkSpace\AquaAPI\src\BuildingBlocks\BuildingBlocks.Infrastructure\BuildingBlocks.Infrastructure.csproj : warning NU1506: Duplicate 'PackageVersion' items found. Remove the duplicate items or use the Update functionality to ensure a consistent restore behavior. The duplicate 'PackageVersion' items are: Microsoft.Extensions.Configuration.Abstractions 10.0.10, Microsoft.Extensions.Configuration.Abstractions 10.0.0.
C:\WorkSpace\AquaAPI\src\Services\IdentityService\IdentityService.Application\IdentityService.Application.csproj : warning NU1506: Duplicate 'PackageVersion' items found. Remove the duplicate items or use the Update functionality to ensure a consistent restore behavior. The duplicate 'PackageVersion' items are: Microsoft.Extensions.Configuration.Abstractions 10.0.10, Microsoft.Extensions.Configuration.Abstractions 10.0.0.
C:\WorkSpace\AquaAPI\src\BuildingBlocks\BuildingBlocks.IntegrationEvents\BuildingBlocks.IntegrationEvents.csproj : warning NU1506: Duplicate 'PackageVersion' items found. Remove the duplicate items or use the Update functionality to ensure a consistent restore behavior. The duplicate 'PackageVersion' items are: Microsoft.Extensions.Configuration.Abstractions 10.0.10, Microsoft.Extensions.Configuration.Abstractions 10.0.0.
C:\WorkSpace\AquaAPI\src\BuildingBlocks\BuildingBlocks.Application\BuildingBlocks.Application.csproj : warning NU1506: Duplicate 'PackageVersion' items found. Remove the duplicate items or use the Update functionality to ensure a consistent restore behavior. The duplicate 'PackageVersion' items are: Microsoft.Extensions.Configuration.Abstractions 10.0.10, Microsoft.Extensions.Configuration.Abstractions 10.0.0.
C:\WorkSpace\AquaAPI\src\Services\IdentityService\Identity.TestShared\Identity.TestShared.csproj : warning NU1506: Duplicate 'PackageVersion' items found. Remove the duplicate items or use the Update functionality to ensure a consistent restore behavior. The duplicate 'PackageVersion' items are: Microsoft.Extensions.Configuration.Abstractions 10.0.10, Microsoft.Extensions.Configuration.Abstractions 10.0.0.
C:\WorkSpace\AquaAPI\src\Services\IdentityService\Identity.API.E2ETests\Identity.API.E2ETests.csproj : warning NU1506: Duplicate 'PackageVersion' items found. Remove the duplicate items or use the Update functionality to ensure a consistent restore behavior. The duplicate 'PackageVersion' items are: Microsoft.Extensions.Configuration.Abstractions 10.0.10, Microsoft.Extensions.Configuration.Abstractions 10.0.0.
C:\WorkSpace\AquaAPI\src\Services\IdentityService\IdentityService.Domain\IdentityService.Domain.csproj : warning NU1506: Duplicate 'PackageVersion' items found. Remove the duplicate items or use the Update functionality to ensure a consistent restore behavior. The duplicate 'PackageVersion' items are: Microsoft.Extensions.Configuration.Abstractions 10.0.10, Microsoft.Extensions.Configuration.Abstractions 10.0.0.
C:\WorkSpace\AquaAPI\src\BuildingBlocks\BuildingBlocks.Domain\BuildingBlocks.Domain.csproj : warning NU1506: Duplicate 'PackageVersion' items found. Remove the duplicate items or use the Update functionality to ensure a consistent restore behavior. The duplicate 'PackageVersion' items are: Microsoft.Extensions.Configuration.Abstractions 10.0.10, Microsoft.Extensions.Configuration.Abstractions 10.0.0.
  All projects are up-to-date for restore.
C:\WorkSpace\AquaAPI\src\Services\IdentityService\Identity.API.E2ETests\Identity.API.E2ETests.csproj : warning NU1504: Duplicate 'PackageReference' items found. Remove the duplicate items or use the Update functionality to ensure a consistent restore behavior. The duplicate 'PackageReference' items are: Microsoft.NET.Test.Sdk , Microsoft.NET.Test.Sdk ; xunit , xunit ; xunit.runner.visualstudio , xunit.runner.visualstudio ; coverlet.collector , coverlet.collector ; FluentAssertions , FluentAssertions ; Microsoft.AspNetCore.Mvc.Testing , Microsoft.AspNetCore.Mvc.Testing .
C:\WorkSpace\AquaAPI\src\BuildingBlocks\BuildingBlocks.Application\BuildingBlocks.Application.csproj : warning NU1504: Duplicate 'PackageReference' items found. Remove the duplicate items or use the Update functionality to ensure a consistent restore behavior. The duplicate 'PackageReference' items are: MediatR , MediatR ; FluentValidation.DependencyInjectionExtensions , FluentValidation.DependencyInjectionExtensions .
  BuildingBlocks.Domain -> C:\WorkSpace\AquaAPI\src\BuildingBlocks\BuildingBlocks.Domain\bin\Debug\net8.0\BuildingBlocks.Domain.dll
C:\Program Files\dotnet\sdk\8.0.424\Microsoft.Common.CurrentVersion.targets(2176,5): warning : The referenced project '..\..\..\Contracts\Contracts\Contracts.csproj' does not exist. [C:\WorkSpace\AquaAPI\src\Services\IdentityService\IdentityService.Domain\IdentityService.Domain.csproj]
  IdentityService.Domain -> C:\WorkSpace\AquaAPI\src\Services\IdentityService\IdentityService.Domain\bin\Debug\net8.0\IdentityService.Domain.dll
  BuildingBlocks.IntegrationEvents -> C:\WorkSpace\AquaAPI\src\BuildingBlocks\BuildingBlocks.IntegrationEvents\bin\Debug\net8.0\BuildingBlocks.IntegrationEvents.dll
  BuildingBlocks.Application -> C:\WorkSpace\AquaAPI\src\BuildingBlocks\BuildingBlocks.Application\bin\Debug\net8.0\BuildingBlocks.Application.dll
  BuildingBlocks.Presentation -> C:\WorkSpace\AquaAPI\src\BuildingBlocks\BuildingBlocks.Presentation\bin\Debug\net8.0\BuildingBlocks.Presentation.dll
C:\Program Files\dotnet\sdk\8.0.424\Microsoft.Common.CurrentVersion.targets(2176,5): warning : The referenced project '..\..\..\Contracts\Contracts\Contracts.csproj' does not exist. [C:\WorkSpace\AquaAPI\src\Services\IdentityService\IdentityService.Application\IdentityService.Application.csproj]
  Identity.TestShared -> C:\WorkSpace\AquaAPI\src\Services\IdentityService\Identity.TestShared\bin\Debug\net8.0\Identity.TestShared.dll
  BuildingBlocks.Infrastructure -> C:\WorkSpace\AquaAPI\src\BuildingBlocks\BuildingBlocks.Infrastructure\bin\Debug\net8.0\BuildingBlocks.Infrastructure.dll
  IdentityService.Application -> C:\WorkSpace\AquaAPI\src\Services\IdentityService\IdentityService.Application\bin\Debug\net8.0\IdentityService.Application.dll
C:\Program Files\dotnet\sdk\8.0.424\Microsoft.Common.CurrentVersion.targets(2176,5): warning : The referenced project '..\..\..\Contracts\Contracts\Contracts.csproj' does not exist. [C:\WorkSpace\AquaAPI\src\Services\IdentityService\IdentityService.Infrastructure\IdentityService.Infrastructure.csproj]
  IdentityService.Infrastructure -> C:\WorkSpace\AquaAPI\src\Services\IdentityService\IdentityService.Infrastructure\bin\Debug\net8.0\IdentityService.Infrastructure.dll
  IdentityService.API -> C:\WorkSpace\AquaAPI\src\Services\IdentityService\IdentityService\bin\Debug\net8.0\IdentityService.API.dll
  Identity.Infrastructure.IntegrationTests -> C:\WorkSpace\AquaAPI\src\Services\IdentityService\Identity.Infrastructure.IntegrationTests\bin\Debug\net8.0\Identity.Infrastructure.IntegrationTests.dll
  Identity.API.E2ETests -> C:\WorkSpace\AquaAPI\src\Services\IdentityService\Identity.API.E2ETests\bin\Debug\net8.0\Identity.API.E2ETests.dll

Build succeeded.

C:\WorkSpace\AquaAPI\src\BuildingBlocks\BuildingBlocks.Application\BuildingBlocks.Application.csproj : warning NU1504: Duplicate 'PackageReference' items found. Remove the duplicate items or use the Update functionality to ensure a consistent restore behavior. The duplicate 'PackageReference' items are: MediatR , MediatR ; FluentValidation.DependencyInjectionExtensions , FluentValidation.DependencyInjectionExtensions .
C:\WorkSpace\AquaAPI\src\Services\IdentityService\Identity.API.E2ETests\Identity.API.E2ETests.csproj : warning NU1504: Duplicate 'PackageReference' items found. Remove the duplicate items or use the Update functionality to ensure a consistent restore behavior. The duplicate 'PackageReference' items are: Microsoft.NET.Test.Sdk , Microsoft.NET.Test.Sdk ; xunit , xunit ; xunit.runner.visualstudio , xunit.runner.visualstudio ; coverlet.collector , coverlet.collector ; FluentAssertions , FluentAssertions ; Microsoft.AspNetCore.Mvc.Testing , Microsoft.AspNetCore.Mvc.Testing .
C:\WorkSpace\AquaAPI\src\Services\IdentityService\Identity.Infrastructure.IntegrationTests\Identity.Infrastructure.IntegrationTests.csproj : warning NU1506: Duplicate 'PackageVersion' items found. Remove the duplicate items or use the Update functionality to ensure a consistent restore behavior. The duplicate 'PackageVersion' items are: Microsoft.Extensions.Configuration.Abstractions 10.0.10, Microsoft.Extensions.Configuration.Abstractions 10.0.0.
C:\WorkSpace\AquaAPI\src\BuildingBlocks\BuildingBlocks.Presentation\BuildingBlocks.Presentation.csproj : warning NU1506: Duplicate 'PackageVersion' items found. Remove the duplicate items or use the Update functionality to ensure a consistent restore behavior. The duplicate 'PackageVersion' items are: Microsoft.Extensions.Configuration.Abstractions 10.0.10, Microsoft.Extensions.Configuration.Abstractions 10.0.0.
C:\WorkSpace\AquaAPI\src\Services\IdentityService\IdentityService\IdentityService.API.csproj : warning NU1506: Duplicate 'PackageVersion' items found. Remove the duplicate items or use the Update functionality to ensure a consistent restore behavior. The duplicate 'PackageVersion' items are: Microsoft.Extensions.Configuration.Abstractions 10.0.10, Microsoft.Extensions.Configuration.Abstractions 10.0.0.
C:\WorkSpace\AquaAPI\src\Services\IdentityService\IdentityService.Infrastructure\IdentityService.Infrastructure.csproj : warning NU1506: Duplicate 'PackageVersion' items found. Remove the duplicate items or use the Update functionality to ensure a consistent restore behavior. The duplicate 'PackageVersion' items are: Microsoft.Extensions.Configuration.Abstractions 10.0.10, Microsoft.Extensions.Configuration.Abstractions 10.0.0.
C:\WorkSpace\AquaAPI\src\BuildingBlocks\BuildingBlocks.Infrastructure\BuildingBlocks.Infrastructure.csproj : warning NU1506: Duplicate 'PackageVersion' items found. Remove the duplicate items or use the Update functionality to ensure a consistent restore behavior. The duplicate 'PackageVersion' items are: Microsoft.Extensions.Configuration.Abstractions 10.0.10, Microsoft.Extensions.Configuration.Abstractions 10.0.0.
C:\WorkSpace\AquaAPI\src\Services\IdentityService\IdentityService.Application\IdentityService.Application.csproj : warning NU1506: Duplicate 'PackageVersion' items found. Remove the duplicate items or use the Update functionality to ensure a consistent restore behavior. The duplicate 'PackageVersion' items are: Microsoft.Extensions.Configuration.Abstractions 10.0.10, Microsoft.Extensions.Configuration.Abstractions 10.0.0.
C:\WorkSpace\AquaAPI\src\BuildingBlocks\BuildingBlocks.IntegrationEvents\BuildingBlocks.IntegrationEvents.csproj : warning NU1506: Duplicate 'PackageVersion' items found. Remove the duplicate items or use the Update functionality to ensure a consistent restore behavior. The duplicate 'PackageVersion' items are: Microsoft.Extensions.Configuration.Abstractions 10.0.10, Microsoft.Extensions.Configuration.Abstractions 10.0.0.
C:\WorkSpace\AquaAPI\src\BuildingBlocks\BuildingBlocks.Application\BuildingBlocks.Application.csproj : warning NU1506: Duplicate 'PackageVersion' items found. Remove the duplicate items or use the Update functionality to ensure a consistent restore behavior. The duplicate 'PackageVersion' items are: Microsoft.Extensions.Configuration.Abstractions 10.0.10, Microsoft.Extensions.Configuration.Abstractions 10.0.0.
C:\WorkSpace\AquaAPI\src\Services\IdentityService\Identity.TestShared\Identity.TestShared.csproj : warning NU1506: Duplicate 'PackageVersion' items found. Remove the duplicate items or use the Update functionality to ensure a consistent restore behavior. The duplicate 'PackageVersion' items are: Microsoft.Extensions.Configuration.Abstractions 10.0.10, Microsoft.Extensions.Configuration.Abstractions 10.0.0.
C:\WorkSpace\AquaAPI\src\Services\IdentityService\Identity.API.E2ETests\Identity.API.E2ETests.csproj : warning NU1506: Duplicate 'PackageVersion' items found. Remove the duplicate items or use the Update functionality to ensure a consistent restore behavior. The duplicate 'PackageVersion' items are: Microsoft.Extensions.Configuration.Abstractions 10.0.10, Microsoft.Extensions.Configuration.Abstractions 10.0.0.
C:\WorkSpace\AquaAPI\src\Services\IdentityService\IdentityService.Domain\IdentityService.Domain.csproj : warning NU1506: Duplicate 'PackageVersion' items found. Remove the duplicate items or use the Update functionality to ensure a consistent restore behavior. The duplicate 'PackageVersion' items are: Microsoft.Extensions.Configuration.Abstractions 10.0.10, Microsoft.Extensions.Configuration.Abstractions 10.0.0.
C:\WorkSpace\AquaAPI\src\BuildingBlocks\BuildingBlocks.Domain\BuildingBlocks.Domain.csproj : warning NU1506: Duplicate 'PackageVersion' items found. Remove the duplicate items or use the Update functionality to ensure a consistent restore behavior. The duplicate 'PackageVersion' items are: Microsoft.Extensions.Configuration.Abstractions 10.0.10, Microsoft.Extensions.Configuration.Abstractions 10.0.0.
C:\WorkSpace\AquaAPI\src\Services\IdentityService\Identity.API.E2ETests\Identity.API.E2ETests.csproj : warning NU1504: Duplicate 'PackageReference' items found. Remove the duplicate items or use the Update functionality to ensure a consistent restore behavior. The duplicate 'PackageReference' items are: Microsoft.NET.Test.Sdk , Microsoft.NET.Test.Sdk ; xunit , xunit ; xunit.runner.visualstudio , xunit.runner.visualstudio ; coverlet.collector , coverlet.collector ; FluentAssertions , FluentAssertions ; Microsoft.AspNetCore.Mvc.Testing , Microsoft.AspNetCore.Mvc.Testing .
C:\WorkSpace\AquaAPI\src\BuildingBlocks\BuildingBlocks.Application\BuildingBlocks.Application.csproj : warning NU1504: Duplicate 'PackageReference' items found. Remove the duplicate items or use the Update functionality to ensure a consistent restore behavior. The duplicate 'PackageReference' items are: MediatR , MediatR ; FluentValidation.DependencyInjectionExtensions , FluentValidation.DependencyInjectionExtensions .
C:\Program Files\dotnet\sdk\8.0.424\Microsoft.Common.CurrentVersion.targets(2176,5): warning : The referenced project '..\..\..\Contracts\Contracts\Contracts.csproj' does not exist. [C:\WorkSpace\AquaAPI\src\Services\IdentityService\IdentityService.Domain\IdentityService.Domain.csproj]
C:\Program Files\dotnet\sdk\8.0.424\Microsoft.Common.CurrentVersion.targets(2176,5): warning : The referenced project '..\..\..\Contracts\Contracts\Contracts.csproj' does not exist. [C:\WorkSpace\AquaAPI\src\Services\IdentityService\IdentityService.Application\IdentityService.Application.csproj]
C:\Program Files\dotnet\sdk\8.0.424\Microsoft.Common.CurrentVersion.targets(2176,5): warning : The referenced project '..\..\..\Contracts\Contracts\Contracts.csproj' does not exist. [C:\WorkSpace\AquaAPI\src\Services\IdentityService\IdentityService.Infrastructure\IdentityService.Infrastructure.csproj]
    19 Warning(s)
    0 Error(s)

Time Elapsed 00:00:02.50
  Determining projects to restore...
  Skipping project "C:\WorkSpace\AquaAPI\src\Contracts\Contracts\Contracts.csproj" because it was not found.
  Skipping project "C:\WorkSpace\AquaAPI\src\Contracts\Contracts\Contracts.csproj" because it was not found.
  Skipping project "C:\WorkSpace\AquaAPI\src\Contracts\Contracts\Contracts.csproj" because it was not found.
C:\WorkSpace\AquaAPI\src\BuildingBlocks\BuildingBlocks.Application\BuildingBlocks.Application.csproj : warning NU1504: Duplicate 'PackageReference' items found. Remove the duplicate items or use the Update functionality to ensure a consistent restore behavior. The duplicate 'PackageReference' items are: MediatR , MediatR ; FluentValidation.DependencyInjectionExtensions , FluentValidation.DependencyInjectionExtensions .
C:\WorkSpace\AquaAPI\src\BuildingBlocks\BuildingBlocks.IntegrationEvents\BuildingBlocks.IntegrationEvents.csproj : warning NU1506: Duplicate 'PackageVersion' items found. Remove the duplicate items or use the Update functionality to ensure a consistent restore behavior. The duplicate 'PackageVersion' items are: Microsoft.Extensions.Configuration.Abstractions 10.0.10, Microsoft.Extensions.Configuration.Abstractions 10.0.0.
C:\WorkSpace\AquaAPI\src\Services\IdentityService\Identity.TestShared\Identity.TestShared.csproj : warning NU1506: Duplicate 'PackageVersion' items found. Remove the duplicate items or use the Update functionality to ensure a consistent restore behavior. The duplicate 'PackageVersion' items are: Microsoft.Extensions.Configuration.Abstractions 10.0.10, Microsoft.Extensions.Configuration.Abstractions 10.0.0.
C:\WorkSpace\AquaAPI\src\BuildingBlocks\BuildingBlocks.Presentation\BuildingBlocks.Presentation.csproj : warning NU1506: Duplicate 'PackageVersion' items found. Remove the duplicate items or use the Update functionality to ensure a consistent restore behavior. The duplicate 'PackageVersion' items are: Microsoft.Extensions.Configuration.Abstractions 10.0.10, Microsoft.Extensions.Configuration.Abstractions 10.0.0.
C:\WorkSpace\AquaAPI\src\Services\IdentityService\IdentityService.Application\IdentityService.Application.csproj : warning NU1506: Duplicate 'PackageVersion' items found. Remove the duplicate items or use the Update functionality to ensure a consistent restore behavior. The duplicate 'PackageVersion' items are: Microsoft.Extensions.Configuration.Abstractions 10.0.10, Microsoft.Extensions.Configuration.Abstractions 10.0.0.
C:\WorkSpace\AquaAPI\src\Services\IdentityService\IdentityService.Domain\IdentityService.Domain.csproj : warning NU1506: Duplicate 'PackageVersion' items found. Remove the duplicate items or use the Update functionality to ensure a consistent restore behavior. The duplicate 'PackageVersion' items are: Microsoft.Extensions.Configuration.Abstractions 10.0.10, Microsoft.Extensions.Configuration.Abstractions 10.0.0.
C:\WorkSpace\AquaAPI\src\BuildingBlocks\BuildingBlocks.Application\BuildingBlocks.Application.csproj : warning NU1506: Duplicate 'PackageVersion' items found. Remove the duplicate items or use the Update functionality to ensure a consistent restore behavior. The duplicate 'PackageVersion' items are: Microsoft.Extensions.Configuration.Abstractions 10.0.10, Microsoft.Extensions.Configuration.Abstractions 10.0.0.
C:\WorkSpace\AquaAPI\src\BuildingBlocks\BuildingBlocks.Domain\BuildingBlocks.Domain.csproj : warning NU1506: Duplicate 'PackageVersion' items found. Remove the duplicate items or use the Update functionality to ensure a consistent restore behavior. The duplicate 'PackageVersion' items are: Microsoft.Extensions.Configuration.Abstractions 10.0.10, Microsoft.Extensions.Configuration.Abstractions 10.0.0.
C:\WorkSpace\AquaAPI\src\Services\IdentityService\Identity.Application.UnitTests\Identity.Application.UnitTests.csproj : warning NU1506: Duplicate 'PackageVersion' items found. Remove the duplicate items or use the Update functionality to ensure a consistent restore behavior. The duplicate 'PackageVersion' items are: Microsoft.Extensions.Configuration.Abstractions 10.0.10, Microsoft.Extensions.Configuration.Abstractions 10.0.0.
  All projects are up-to-date for restore.
C:\WorkSpace\AquaAPI\src\BuildingBlocks\BuildingBlocks.Application\BuildingBlocks.Application.csproj : warning NU1504: Duplicate 'PackageReference' items found. Remove the duplicate items or use the Update functionality to ensure a consistent restore behavior. The duplicate 'PackageReference' items are: MediatR , MediatR ; FluentValidation.DependencyInjectionExtensions , FluentValidation.DependencyInjectionExtensions .
  BuildingBlocks.Domain -> C:\WorkSpace\AquaAPI\src\BuildingBlocks\BuildingBlocks.Domain\bin\Debug\net8.0\BuildingBlocks.Domain.dll
C:\Program Files\dotnet\sdk\8.0.424\Microsoft.Common.CurrentVersion.targets(2176,5): warning : The referenced project '..\..\..\Contracts\Contracts\Contracts.csproj' does not exist. [C:\WorkSpace\AquaAPI\src\Services\IdentityService\IdentityService.Domain\IdentityService.Domain.csproj]
  BuildingBlocks.Application -> C:\WorkSpace\AquaAPI\src\BuildingBlocks\BuildingBlocks.Application\bin\Debug\net8.0\BuildingBlocks.Application.dll
  IdentityService.Domain -> C:\WorkSpace\AquaAPI\src\Services\IdentityService\IdentityService.Domain\bin\Debug\net8.0\IdentityService.Domain.dll
  BuildingBlocks.IntegrationEvents -> C:\WorkSpace\AquaAPI\src\BuildingBlocks\BuildingBlocks.IntegrationEvents\bin\Debug\net8.0\BuildingBlocks.IntegrationEvents.dll
  BuildingBlocks.Presentation -> C:\WorkSpace\AquaAPI\src\BuildingBlocks\BuildingBlocks.Presentation\bin\Debug\net8.0\BuildingBlocks.Presentation.dll
C:\Program Files\dotnet\sdk\8.0.424\Microsoft.Common.CurrentVersion.targets(2176,5): warning : The referenced project '..\..\..\Contracts\Contracts\Contracts.csproj' does not exist. [C:\WorkSpace\AquaAPI\src\Services\IdentityService\IdentityService.Application\IdentityService.Application.csproj]
  Identity.TestShared -> C:\WorkSpace\AquaAPI\src\Services\IdentityService\Identity.TestShared\bin\Debug\net8.0\Identity.TestShared.dll
  IdentityService.Application -> C:\WorkSpace\AquaAPI\src\Services\IdentityService\IdentityService.Application\bin\Debug\net8.0\IdentityService.Application.dll
  Identity.Application.UnitTests -> C:\WorkSpace\AquaAPI\src\Services\IdentityService\Identity.Application.UnitTests\bin\Debug\net8.0\Identity.Application.UnitTests.dll

Build succeeded.

C:\WorkSpace\AquaAPI\src\BuildingBlocks\BuildingBlocks.Application\BuildingBlocks.Application.csproj : warning NU1504: Duplicate 'PackageReference' items found. Remove the duplicate items or use the Update functionality to ensure a consistent restore behavior. The duplicate 'PackageReference' items are: MediatR , MediatR ; FluentValidation.DependencyInjectionExtensions , FluentValidation.DependencyInjectionExtensions .
C:\WorkSpace\AquaAPI\src\BuildingBlocks\BuildingBlocks.IntegrationEvents\BuildingBlocks.IntegrationEvents.csproj : warning NU1506: Duplicate 'PackageVersion' items found. Remove the duplicate items or use the Update functionality to ensure a consistent restore behavior. The duplicate 'PackageVersion' items are: Microsoft.Extensions.Configuration.Abstractions 10.0.10, Microsoft.Extensions.Configuration.Abstractions 10.0.0.
C:\WorkSpace\AquaAPI\src\Services\IdentityService\Identity.TestShared\Identity.TestShared.csproj : warning NU1506: Duplicate 'PackageVersion' items found. Remove the duplicate items or use the Update functionality to ensure a consistent restore behavior. The duplicate 'PackageVersion' items are: Microsoft.Extensions.Configuration.Abstractions 10.0.10, Microsoft.Extensions.Configuration.Abstractions 10.0.0.
C:\WorkSpace\AquaAPI\src\BuildingBlocks\BuildingBlocks.Presentation\BuildingBlocks.Presentation.csproj : warning NU1506: Duplicate 'PackageVersion' items found. Remove the duplicate items or use the Update functionality to ensure a consistent restore behavior. The duplicate 'PackageVersion' items are: Microsoft.Extensions.Configuration.Abstractions 10.0.10, Microsoft.Extensions.Configuration.Abstractions 10.0.0.
C:\WorkSpace\AquaAPI\src\Services\IdentityService\IdentityService.Application\IdentityService.Application.csproj : warning NU1506: Duplicate 'PackageVersion' items found. Remove the duplicate items or use the Update functionality to ensure a consistent restore behavior. The duplicate 'PackageVersion' items are: Microsoft.Extensions.Configuration.Abstractions 10.0.10, Microsoft.Extensions.Configuration.Abstractions 10.0.0.
C:\WorkSpace\AquaAPI\src\Services\IdentityService\IdentityService.Domain\IdentityService.Domain.csproj : warning NU1506: Duplicate 'PackageVersion' items found. Remove the duplicate items or use the Update functionality to ensure a consistent restore behavior. The duplicate 'PackageVersion' items are: Microsoft.Extensions.Configuration.Abstractions 10.0.10, Microsoft.Extensions.Configuration.Abstractions 10.0.0.
C:\WorkSpace\AquaAPI\src\BuildingBlocks\BuildingBlocks.Application\BuildingBlocks.Application.csproj : warning NU1506: Duplicate 'PackageVersion' items found. Remove the duplicate items or use the Update functionality to ensure a consistent restore behavior. The duplicate 'PackageVersion' items are: Microsoft.Extensions.Configuration.Abstractions 10.0.10, Microsoft.Extensions.Configuration.Abstractions 10.0.0.
C:\WorkSpace\AquaAPI\src\BuildingBlocks\BuildingBlocks.Domain\BuildingBlocks.Domain.csproj : warning NU1506: Duplicate 'PackageVersion' items found. Remove the duplicate items or use the Update functionality to ensure a consistent restore behavior. The duplicate 'PackageVersion' items are: Microsoft.Extensions.Configuration.Abstractions 10.0.10, Microsoft.Extensions.Configuration.Abstractions 10.0.0.
C:\WorkSpace\AquaAPI\src\Services\IdentityService\Identity.Application.UnitTests\Identity.Application.UnitTests.csproj : warning NU1506: Duplicate 'PackageVersion' items found. Remove the duplicate items or use the Update functionality to ensure a consistent restore behavior. The duplicate 'PackageVersion' items are: Microsoft.Extensions.Configuration.Abstractions 10.0.10, Microsoft.Extensions.Configuration.Abstractions 10.0.0.
C:\WorkSpace\AquaAPI\src\BuildingBlocks\BuildingBlocks.Application\BuildingBlocks.Application.csproj : warning NU1504: Duplicate 'PackageReference' items found. Remove the duplicate items or use the Update functionality to ensure a consistent restore behavior. The duplicate 'PackageReference' items are: MediatR , MediatR ; FluentValidation.DependencyInjectionExtensions , FluentValidation.DependencyInjectionExtensions .
C:\Program Files\dotnet\sdk\8.0.424\Microsoft.Common.CurrentVersion.targets(2176,5): warning : The referenced project '..\..\..\Contracts\Contracts\Contracts.csproj' does not exist. [C:\WorkSpace\AquaAPI\src\Services\IdentityService\IdentityService.Domain\IdentityService.Domain.csproj]
C:\Program Files\dotnet\sdk\8.0.424\Microsoft.Common.CurrentVersion.targets(2176,5): warning : The referenced project '..\..\..\Contracts\Contracts\Contracts.csproj' does not exist. [C:\WorkSpace\AquaAPI\src\Services\IdentityService\IdentityService.Application\IdentityService.Application.csproj]
    12 Warning(s)
    0 Error(s)

Time Elapsed 00:00:01.70
  Determining projects to restore...
  Skipping project "C:\WorkSpace\AquaAPI\src\Contracts\Contracts\Contracts.csproj" because it was not found.
  Skipping project "C:\WorkSpace\AquaAPI\src\Contracts\Contracts\Contracts.csproj" because it was not found.
  Skipping project "C:\WorkSpace\AquaAPI\src\Contracts\Contracts\Contracts.csproj" because it was not found.
  Skipping project "C:\WorkSpace\AquaAPI\src\Contracts\Contracts\Contracts.csproj" because it was not found.
C:\WorkSpace\AquaAPI\src\BuildingBlocks\BuildingBlocks.Application\BuildingBlocks.Application.csproj : warning NU1504: Duplicate 'PackageReference' items found. Remove the duplicate items or use the Update functionality to ensure a consistent restore behavior. The duplicate 'PackageReference' items are: MediatR , MediatR ; FluentValidation.DependencyInjectionExtensions , FluentValidation.DependencyInjectionExtensions .
C:\WorkSpace\AquaAPI\src\BuildingBlocks\BuildingBlocks.Presentation\BuildingBlocks.Presentation.csproj : warning NU1506: Duplicate 'PackageVersion' items found. Remove the duplicate items or use the Update functionality to ensure a consistent restore behavior. The duplicate 'PackageVersion' items are: Microsoft.Extensions.Configuration.Abstractions 10.0.10, Microsoft.Extensions.Configuration.Abstractions 10.0.0.
C:\WorkSpace\AquaAPI\src\Services\IdentityService\IdentityService.Domain\IdentityService.Domain.csproj : warning NU1506: Duplicate 'PackageVersion' items found. Remove the duplicate items or use the Update functionality to ensure a consistent restore behavior. The duplicate 'PackageVersion' items are: Microsoft.Extensions.Configuration.Abstractions 10.0.10, Microsoft.Extensions.Configuration.Abstractions 10.0.0.
C:\WorkSpace\AquaAPI\src\Services\IdentityService\IdentityService\IdentityService.API.csproj : warning NU1506: Duplicate 'PackageVersion' items found. Remove the duplicate items or use the Update functionality to ensure a consistent restore behavior. The duplicate 'PackageVersion' items are: Microsoft.Extensions.Configuration.Abstractions 10.0.10, Microsoft.Extensions.Configuration.Abstractions 10.0.0.
C:\WorkSpace\AquaAPI\src\Services\IdentityService\IdentityService.Infrastructure\IdentityService.Infrastructure.csproj : warning NU1506: Duplicate 'PackageVersion' items found. Remove the duplicate items or use the Update functionality to ensure a consistent restore behavior. The duplicate 'PackageVersion' items are: Microsoft.Extensions.Configuration.Abstractions 10.0.10, Microsoft.Extensions.Configuration.Abstractions 10.0.0.
C:\WorkSpace\AquaAPI\src\BuildingBlocks\BuildingBlocks.IntegrationEvents\BuildingBlocks.IntegrationEvents.csproj : warning NU1506: Duplicate 'PackageVersion' items found. Remove the duplicate items or use the Update functionality to ensure a consistent restore behavior. The duplicate 'PackageVersion' items are: Microsoft.Extensions.Configuration.Abstractions 10.0.10, Microsoft.Extensions.Configuration.Abstractions 10.0.0.
C:\WorkSpace\AquaAPI\src\Services\IdentityService\IdentityService.Application\IdentityService.Application.csproj : warning NU1506: Duplicate 'PackageVersion' items found. Remove the duplicate items or use the Update functionality to ensure a consistent restore behavior. The duplicate 'PackageVersion' items are: Microsoft.Extensions.Configuration.Abstractions 10.0.10, Microsoft.Extensions.Configuration.Abstractions 10.0.0.
C:\WorkSpace\AquaAPI\src\BuildingBlocks\BuildingBlocks.Infrastructure\BuildingBlocks.Infrastructure.csproj : warning NU1506: Duplicate 'PackageVersion' items found. Remove the duplicate items or use the Update functionality to ensure a consistent restore behavior. The duplicate 'PackageVersion' items are: Microsoft.Extensions.Configuration.Abstractions 10.0.10, Microsoft.Extensions.Configuration.Abstractions 10.0.0.
C:\WorkSpace\AquaAPI\src\BuildingBlocks\BuildingBlocks.Application\BuildingBlocks.Application.csproj : warning NU1506: Duplicate 'PackageVersion' items found. Remove the duplicate items or use the Update functionality to ensure a consistent restore behavior. The duplicate 'PackageVersion' items are: Microsoft.Extensions.Configuration.Abstractions 10.0.10, Microsoft.Extensions.Configuration.Abstractions 10.0.0.
C:\WorkSpace\AquaAPI\src\BuildingBlocks\BuildingBlocks.Domain\BuildingBlocks.Domain.csproj : warning NU1506: Duplicate 'PackageVersion' items found. Remove the duplicate items or use the Update functionality to ensure a consistent restore behavior. The duplicate 'PackageVersion' items are: Microsoft.Extensions.Configuration.Abstractions 10.0.10, Microsoft.Extensions.Configuration.Abstractions 10.0.0.
C:\WorkSpace\AquaAPI\src\Services\IdentityService\Identity.ArchitectureTests\Identity.ArchitectureTests.csproj : warning NU1506: Duplicate 'PackageVersion' items found. Remove the duplicate items or use the Update functionality to ensure a consistent restore behavior. The duplicate 'PackageVersion' items are: Microsoft.Extensions.Configuration.Abstractions 10.0.10, Microsoft.Extensions.Configuration.Abstractions 10.0.0.
  All projects are up-to-date for restore.
C:\WorkSpace\AquaAPI\src\BuildingBlocks\BuildingBlocks.Application\BuildingBlocks.Application.csproj : warning NU1504: Duplicate 'PackageReference' items found. Remove the duplicate items or use the Update functionality to ensure a consistent restore behavior. The duplicate 'PackageReference' items are: MediatR , MediatR ; FluentValidation.DependencyInjectionExtensions , FluentValidation.DependencyInjectionExtensions .
  BuildingBlocks.Domain -> C:\WorkSpace\AquaAPI\src\BuildingBlocks\BuildingBlocks.Domain\bin\Debug\net8.0\BuildingBlocks.Domain.dll
C:\Program Files\dotnet\sdk\8.0.424\Microsoft.Common.CurrentVersion.targets(2176,5): warning : The referenced project '..\..\..\Contracts\Contracts\Contracts.csproj' does not exist. [C:\WorkSpace\AquaAPI\src\Services\IdentityService\IdentityService.Domain\IdentityService.Domain.csproj]
  BuildingBlocks.IntegrationEvents -> C:\WorkSpace\AquaAPI\src\BuildingBlocks\BuildingBlocks.IntegrationEvents\bin\Debug\net8.0\BuildingBlocks.IntegrationEvents.dll
  BuildingBlocks.Application -> C:\WorkSpace\AquaAPI\src\BuildingBlocks\BuildingBlocks.Application\bin\Debug\net8.0\BuildingBlocks.Application.dll
  IdentityService.Domain -> C:\WorkSpace\AquaAPI\src\Services\IdentityService\IdentityService.Domain\bin\Debug\net8.0\IdentityService.Domain.dll
  BuildingBlocks.Presentation -> C:\WorkSpace\AquaAPI\src\BuildingBlocks\BuildingBlocks.Presentation\bin\Debug\net8.0\BuildingBlocks.Presentation.dll
C:\Program Files\dotnet\sdk\8.0.424\Microsoft.Common.CurrentVersion.targets(2176,5): warning : The referenced project '..\..\..\Contracts\Contracts\Contracts.csproj' does not exist. [C:\WorkSpace\AquaAPI\src\Services\IdentityService\IdentityService.Application\IdentityService.Application.csproj]
  IdentityService.Application -> C:\WorkSpace\AquaAPI\src\Services\IdentityService\IdentityService.Application\bin\Debug\net8.0\IdentityService.Application.dll
  BuildingBlocks.Infrastructure -> C:\WorkSpace\AquaAPI\src\BuildingBlocks\BuildingBlocks.Infrastructure\bin\Debug\net8.0\BuildingBlocks.Infrastructure.dll
C:\Program Files\dotnet\sdk\8.0.424\Microsoft.Common.CurrentVersion.targets(2176,5): warning : The referenced project '..\..\..\Contracts\Contracts\Contracts.csproj' does not exist. [C:\WorkSpace\AquaAPI\src\Services\IdentityService\IdentityService.Infrastructure\IdentityService.Infrastructure.csproj]
  IdentityService.Infrastructure -> C:\WorkSpace\AquaAPI\src\Services\IdentityService\IdentityService.Infrastructure\bin\Debug\net8.0\IdentityService.Infrastructure.dll
  IdentityService.API -> C:\WorkSpace\AquaAPI\src\Services\IdentityService\IdentityService\bin\Debug\net8.0\IdentityService.API.dll
  Identity.ArchitectureTests -> C:\WorkSpace\AquaAPI\src\Services\IdentityService\Identity.ArchitectureTests\bin\Debug\net8.0\Identity.ArchitectureTests.dll

Build succeeded.

C:\WorkSpace\AquaAPI\src\BuildingBlocks\BuildingBlocks.Application\BuildingBlocks.Application.csproj : warning NU1504: Duplicate 'PackageReference' items found. Remove the duplicate items or use the Update functionality to ensure a consistent restore behavior. The duplicate 'PackageReference' items are: MediatR , MediatR ; FluentValidation.DependencyInjectionExtensions , FluentValidation.DependencyInjectionExtensions .
C:\WorkSpace\AquaAPI\src\BuildingBlocks\BuildingBlocks.Presentation\BuildingBlocks.Presentation.csproj : warning NU1506: Duplicate 'PackageVersion' items found. Remove the duplicate items or use the Update functionality to ensure a consistent restore behavior. The duplicate 'PackageVersion' items are: Microsoft.Extensions.Configuration.Abstractions 10.0.10, Microsoft.Extensions.Configuration.Abstractions 10.0.0.
C:\WorkSpace\AquaAPI\src\Services\IdentityService\IdentityService.Domain\IdentityService.Domain.csproj : warning NU1506: Duplicate 'PackageVersion' items found. Remove the duplicate items or use the Update functionality to ensure a consistent restore behavior. The duplicate 'PackageVersion' items are: Microsoft.Extensions.Configuration.Abstractions 10.0.10, Microsoft.Extensions.Configuration.Abstractions 10.0.0.
C:\WorkSpace\AquaAPI\src\Services\IdentityService\IdentityService\IdentityService.API.csproj : warning NU1506: Duplicate 'PackageVersion' items found. Remove the duplicate items or use the Update functionality to ensure a consistent restore behavior. The duplicate 'PackageVersion' items are: Microsoft.Extensions.Configuration.Abstractions 10.0.10, Microsoft.Extensions.Configuration.Abstractions 10.0.0.
C:\WorkSpace\AquaAPI\src\Services\IdentityService\IdentityService.Infrastructure\IdentityService.Infrastructure.csproj : warning NU1506: Duplicate 'PackageVersion' items found. Remove the duplicate items or use the Update functionality to ensure a consistent restore behavior. The duplicate 'PackageVersion' items are: Microsoft.Extensions.Configuration.Abstractions 10.0.10, Microsoft.Extensions.Configuration.Abstractions 10.0.0.
C:\WorkSpace\AquaAPI\src\BuildingBlocks\BuildingBlocks.IntegrationEvents\BuildingBlocks.IntegrationEvents.csproj : warning NU1506: Duplicate 'PackageVersion' items found. Remove the duplicate items or use the Update functionality to ensure a consistent restore behavior. The duplicate 'PackageVersion' items are: Microsoft.Extensions.Configuration.Abstractions 10.0.10, Microsoft.Extensions.Configuration.Abstractions 10.0.0.
C:\WorkSpace\AquaAPI\src\Services\IdentityService\IdentityService.Application\IdentityService.Application.csproj : warning NU1506: Duplicate 'PackageVersion' items found. Remove the duplicate items or use the Update functionality to ensure a consistent restore behavior. The duplicate 'PackageVersion' items are: Microsoft.Extensions.Configuration.Abstractions 10.0.10, Microsoft.Extensions.Configuration.Abstractions 10.0.0.
C:\WorkSpace\AquaAPI\src\BuildingBlocks\BuildingBlocks.Infrastructure\BuildingBlocks.Infrastructure.csproj : warning NU1506: Duplicate 'PackageVersion' items found. Remove the duplicate items or use the Update functionality to ensure a consistent restore behavior. The duplicate 'PackageVersion' items are: Microsoft.Extensions.Configuration.Abstractions 10.0.10, Microsoft.Extensions.Configuration.Abstractions 10.0.0.
C:\WorkSpace\AquaAPI\src\BuildingBlocks\BuildingBlocks.Application\BuildingBlocks.Application.csproj : warning NU1506: Duplicate 'PackageVersion' items found. Remove the duplicate items or use the Update functionality to ensure a consistent restore behavior. The duplicate 'PackageVersion' items are: Microsoft.Extensions.Configuration.Abstractions 10.0.10, Microsoft.Extensions.Configuration.Abstractions 10.0.0.
C:\WorkSpace\AquaAPI\src\BuildingBlocks\BuildingBlocks.Domain\BuildingBlocks.Domain.csproj : warning NU1506: Duplicate 'PackageVersion' items found. Remove the duplicate items or use the Update functionality to ensure a consistent restore behavior. The duplicate 'PackageVersion' items are: Microsoft.Extensions.Configuration.Abstractions 10.0.10, Microsoft.Extensions.Configuration.Abstractions 10.0.0.
C:\WorkSpace\AquaAPI\src\Services\IdentityService\Identity.ArchitectureTests\Identity.ArchitectureTests.csproj : warning NU1506: Duplicate 'PackageVersion' items found. Remove the duplicate items or use the Update functionality to ensure a consistent restore behavior. The duplicate 'PackageVersion' items are: Microsoft.Extensions.Configuration.Abstractions 10.0.10, Microsoft.Extensions.Configuration.Abstractions 10.0.0.
C:\WorkSpace\AquaAPI\src\BuildingBlocks\BuildingBlocks.Application\BuildingBlocks.Application.csproj : warning NU1504: Duplicate 'PackageReference' items found. Remove the duplicate items or use the Update functionality to ensure a consistent restore behavior. The duplicate 'PackageReference' items are: MediatR , MediatR ; FluentValidation.DependencyInjectionExtensions , FluentValidation.DependencyInjectionExtensions .
C:\Program Files\dotnet\sdk\8.0.424\Microsoft.Common.CurrentVersion.targets(2176,5): warning : The referenced project '..\..\..\Contracts\Contracts\Contracts.csproj' does not exist. [C:\WorkSpace\AquaAPI\src\Services\IdentityService\IdentityService.Domain\IdentityService.Domain.csproj]
C:\Program Files\dotnet\sdk\8.0.424\Microsoft.Common.CurrentVersion.targets(2176,5): warning : The referenced project '..\..\..\Contracts\Contracts\Contracts.csproj' does not exist. [C:\WorkSpace\AquaAPI\src\Services\IdentityService\IdentityService.Application\IdentityService.Application.csproj]
C:\Program Files\dotnet\sdk\8.0.424\Microsoft.Common.CurrentVersion.targets(2176,5): warning : The referenced project '..\..\..\Contracts\Contracts\Contracts.csproj' does not exist. [C:\WorkSpace\AquaAPI\src\Services\IdentityService\IdentityService.Infrastructure\IdentityService.Infrastructure.csproj]
    15 Warning(s)
    0 Error(s)

Time Elapsed 00:00:02.11
  Determining projects to restore...
  Skipping project "C:\WorkSpace\AquaAPI\src\Contracts\Contracts\Contracts.csproj" because it was not found.
  Skipping project "C:\WorkSpace\AquaAPI\src\Contracts\Contracts\Contracts.csproj" because it was not found.
C:\WorkSpace\AquaAPI\src\Services\IdentityService\Identity.TestShared\Identity.TestShared.csproj : warning NU1506: Duplicate 'PackageVersion' items found. Remove the duplicate items or use the Update functionality to ensure a consistent restore behavior. The duplicate 'PackageVersion' items are: Microsoft.Extensions.Configuration.Abstractions 10.0.10, Microsoft.Extensions.Configuration.Abstractions 10.0.0.
C:\WorkSpace\AquaAPI\src\Services\IdentityService\IdentityService.Domain\IdentityService.Domain.csproj : warning NU1506: Duplicate 'PackageVersion' items found. Remove the duplicate items or use the Update functionality to ensure a consistent restore behavior. The duplicate 'PackageVersion' items are: Microsoft.Extensions.Configuration.Abstractions 10.0.10, Microsoft.Extensions.Configuration.Abstractions 10.0.0.
C:\WorkSpace\AquaAPI\src\BuildingBlocks\BuildingBlocks.Domain\BuildingBlocks.Domain.csproj : warning NU1506: Duplicate 'PackageVersion' items found. Remove the duplicate items or use the Update functionality to ensure a consistent restore behavior. The duplicate 'PackageVersion' items are: Microsoft.Extensions.Configuration.Abstractions 10.0.10, Microsoft.Extensions.Configuration.Abstractions 10.0.0.
C:\WorkSpace\AquaAPI\src\Services\IdentityService\Identity.Domain.UnitTests\Identity.Domain.UnitTests.csproj : warning NU1506: Duplicate 'PackageVersion' items found. Remove the duplicate items or use the Update functionality to ensure a consistent restore behavior. The duplicate 'PackageVersion' items are: Microsoft.Extensions.Configuration.Abstractions 10.0.10, Microsoft.Extensions.Configuration.Abstractions 10.0.0.
  All projects are up-to-date for restore.
  BuildingBlocks.Domain -> C:\WorkSpace\AquaAPI\src\BuildingBlocks\BuildingBlocks.Domain\bin\Debug\net8.0\BuildingBlocks.Domain.dll
C:\Program Files\dotnet\sdk\8.0.424\Microsoft.Common.CurrentVersion.targets(2176,5): warning : The referenced project '..\..\..\Contracts\Contracts\Contracts.csproj' does not exist. [C:\WorkSpace\AquaAPI\src\Services\IdentityService\IdentityService.Domain\IdentityService.Domain.csproj]
  IdentityService.Domain -> C:\WorkSpace\AquaAPI\src\Services\IdentityService\IdentityService.Domain\bin\Debug\net8.0\IdentityService.Domain.dll
  Identity.TestShared -> C:\WorkSpace\AquaAPI\src\Services\IdentityService\Identity.TestShared\bin\Debug\net8.0\Identity.TestShared.dll
  Identity.Domain.UnitTests -> C:\WorkSpace\AquaAPI\src\Services\IdentityService\Identity.Domain.UnitTests\bin\Debug\net8.0\Identity.Domain.UnitTests.dll

Build succeeded.

C:\WorkSpace\AquaAPI\src\Services\IdentityService\Identity.TestShared\Identity.TestShared.csproj : warning NU1506: Duplicate 'PackageVersion' items found. Remove the duplicate items or use the Update functionality to ensure a consistent restore behavior. The duplicate 'PackageVersion' items are: Microsoft.Extensions.Configuration.Abstractions 10.0.10, Microsoft.Extensions.Configuration.Abstractions 10.0.0.
C:\WorkSpace\AquaAPI\src\Services\IdentityService\IdentityService.Domain\IdentityService.Domain.csproj : warning NU1506: Duplicate 'PackageVersion' items found. Remove the duplicate items or use the Update functionality to ensure a consistent restore behavior. The duplicate 'PackageVersion' items are: Microsoft.Extensions.Configuration.Abstractions 10.0.10, Microsoft.Extensions.Configuration.Abstractions 10.0.0.
C:\WorkSpace\AquaAPI\src\BuildingBlocks\BuildingBlocks.Domain\BuildingBlocks.Domain.csproj : warning NU1506: Duplicate 'PackageVersion' items found. Remove the duplicate items or use the Update functionality to ensure a consistent restore behavior. The duplicate 'PackageVersion' items are: Microsoft.Extensions.Configuration.Abstractions 10.0.10, Microsoft.Extensions.Configuration.Abstractions 10.0.0.
C:\WorkSpace\AquaAPI\src\Services\IdentityService\Identity.Domain.UnitTests\Identity.Domain.UnitTests.csproj : warning NU1506: Duplicate 'PackageVersion' items found. Remove the duplicate items or use the Update functionality to ensure a consistent restore behavior. The duplicate 'PackageVersion' items are: Microsoft.Extensions.Configuration.Abstractions 10.0.10, Microsoft.Extensions.Configuration.Abstractions 10.0.0.
C:\Program Files\dotnet\sdk\8.0.424\Microsoft.Common.CurrentVersion.targets(2176,5): warning : The referenced project '..\..\..\Contracts\Contracts\Contracts.csproj' does not exist. [C:\WorkSpace\AquaAPI\src\Services\IdentityService\IdentityService.Domain\IdentityService.Domain.csproj]
    5 Warning(s)
    0 Error(s)

Time Elapsed 00:00:01.51
  Determining projects to restore...
  Skipping project "C:\WorkSpace\AquaAPI\src\Contracts\Contracts\Contracts.csproj" because it was not found.
  Skipping project "C:\WorkSpace\AquaAPI\src\Contracts\Contracts\Contracts.csproj" because it was not found.
  Skipping project "C:\WorkSpace\AquaAPI\src\Contracts\Contracts\Contracts.csproj" because it was not found.
  Skipping project "C:\WorkSpace\AquaAPI\src\Contracts\Contracts\Contracts.csproj" because it was not found.
C:\WorkSpace\AquaAPI\src\BuildingBlocks\BuildingBlocks.Application\BuildingBlocks.Application.csproj : warning NU1504: Duplicate 'PackageReference' items found. Remove the duplicate items or use the Update functionality to ensure a consistent restore behavior. The duplicate 'PackageReference' items are: MediatR , MediatR ; FluentValidation.DependencyInjectionExtensions , FluentValidation.DependencyInjectionExtensions .
C:\WorkSpace\AquaAPI\src\BuildingBlocks\BuildingBlocks.Presentation\BuildingBlocks.Presentation.csproj : warning NU1506: Duplicate 'PackageVersion' items found. Remove the duplicate items or use the Update functionality to ensure a consistent restore behavior. The duplicate 'PackageVersion' items are: Microsoft.Extensions.Configuration.Abstractions 10.0.10, Microsoft.Extensions.Configuration.Abstractions 10.0.0.
C:\WorkSpace\AquaAPI\src\Services\IdentityService\IdentityService\IdentityService.API.csproj : warning NU1506: Duplicate 'PackageVersion' items found. Remove the duplicate items or use the Update functionality to ensure a consistent restore behavior. The duplicate 'PackageVersion' items are: Microsoft.Extensions.Configuration.Abstractions 10.0.10, Microsoft.Extensions.Configuration.Abstractions 10.0.0.
C:\WorkSpace\AquaAPI\src\Services\IdentityService\IdentityService.Infrastructure\IdentityService.Infrastructure.csproj : warning NU1506: Duplicate 'PackageVersion' items found. Remove the duplicate items or use the Update functionality to ensure a consistent restore behavior. The duplicate 'PackageVersion' items are: Microsoft.Extensions.Configuration.Abstractions 10.0.10, Microsoft.Extensions.Configuration.Abstractions 10.0.0.
C:\WorkSpace\AquaAPI\src\Services\IdentityService\IdentityService.Application\IdentityService.Application.csproj : warning NU1506: Duplicate 'PackageVersion' items found. Remove the duplicate items or use the Update functionality to ensure a consistent restore behavior. The duplicate 'PackageVersion' items are: Microsoft.Extensions.Configuration.Abstractions 10.0.10, Microsoft.Extensions.Configuration.Abstractions 10.0.0.
C:\WorkSpace\AquaAPI\src\BuildingBlocks\BuildingBlocks.Infrastructure\BuildingBlocks.Infrastructure.csproj : warning NU1506: Duplicate 'PackageVersion' items found. Remove the duplicate items or use the Update functionality to ensure a consistent restore behavior. The duplicate 'PackageVersion' items are: Microsoft.Extensions.Configuration.Abstractions 10.0.10, Microsoft.Extensions.Configuration.Abstractions 10.0.0.
C:\WorkSpace\AquaAPI\src\BuildingBlocks\BuildingBlocks.Application\BuildingBlocks.Application.csproj : warning NU1506: Duplicate 'PackageVersion' items found. Remove the duplicate items or use the Update functionality to ensure a consistent restore behavior. The duplicate 'PackageVersion' items are: Microsoft.Extensions.Configuration.Abstractions 10.0.10, Microsoft.Extensions.Configuration.Abstractions 10.0.0.
C:\WorkSpace\AquaAPI\src\BuildingBlocks\BuildingBlocks.IntegrationEvents\BuildingBlocks.IntegrationEvents.csproj : warning NU1506: Duplicate 'PackageVersion' items found. Remove the duplicate items or use the Update functionality to ensure a consistent restore behavior. The duplicate 'PackageVersion' items are: Microsoft.Extensions.Configuration.Abstractions 10.0.10, Microsoft.Extensions.Configuration.Abstractions 10.0.0.
C:\WorkSpace\AquaAPI\src\Services\IdentityService\Identity.TestShared\Identity.TestShared.csproj : warning NU1506: Duplicate 'PackageVersion' items found. Remove the duplicate items or use the Update functionality to ensure a consistent restore behavior. The duplicate 'PackageVersion' items are: Microsoft.Extensions.Configuration.Abstractions 10.0.10, Microsoft.Extensions.Configuration.Abstractions 10.0.0.
C:\WorkSpace\AquaAPI\src\Services\IdentityService\IdentityService.Domain\IdentityService.Domain.csproj : warning NU1506: Duplicate 'PackageVersion' items found. Remove the duplicate items or use the Update functionality to ensure a consistent restore behavior. The duplicate 'PackageVersion' items are: Microsoft.Extensions.Configuration.Abstractions 10.0.10, Microsoft.Extensions.Configuration.Abstractions 10.0.0.
C:\WorkSpace\AquaAPI\src\BuildingBlocks\BuildingBlocks.Domain\BuildingBlocks.Domain.csproj : warning NU1506: Duplicate 'PackageVersion' items found. Remove the duplicate items or use the Update functionality to ensure a consistent restore behavior. The duplicate 'PackageVersion' items are: Microsoft.Extensions.Configuration.Abstractions 10.0.10, Microsoft.Extensions.Configuration.Abstractions 10.0.0.
C:\WorkSpace\AquaAPI\src\Services\IdentityService\Identity.Infrastructure.IntegrationTests\Identity.Infrastructure.IntegrationTests.csproj : warning NU1506: Duplicate 'PackageVersion' items found. Remove the duplicate items or use the Update functionality to ensure a consistent restore behavior. The duplicate 'PackageVersion' items are: Microsoft.Extensions.Configuration.Abstractions 10.0.10, Microsoft.Extensions.Configuration.Abstractions 10.0.0.
  All projects are up-to-date for restore.
C:\WorkSpace\AquaAPI\src\BuildingBlocks\BuildingBlocks.Application\BuildingBlocks.Application.csproj : warning NU1504: Duplicate 'PackageReference' items found. Remove the duplicate items or use the Update functionality to ensure a consistent restore behavior. The duplicate 'PackageReference' items are: MediatR , MediatR ; FluentValidation.DependencyInjectionExtensions , FluentValidation.DependencyInjectionExtensions .
  BuildingBlocks.Domain -> C:\WorkSpace\AquaAPI\src\BuildingBlocks\BuildingBlocks.Domain\bin\Debug\net8.0\BuildingBlocks.Domain.dll
C:\Program Files\dotnet\sdk\8.0.424\Microsoft.Common.CurrentVersion.targets(2176,5): warning : The referenced project '..\..\..\Contracts\Contracts\Contracts.csproj' does not exist. [C:\WorkSpace\AquaAPI\src\Services\IdentityService\IdentityService.Domain\IdentityService.Domain.csproj]
  IdentityService.Domain -> C:\WorkSpace\AquaAPI\src\Services\IdentityService\IdentityService.Domain\bin\Debug\net8.0\IdentityService.Domain.dll
  BuildingBlocks.IntegrationEvents -> C:\WorkSpace\AquaAPI\src\BuildingBlocks\BuildingBlocks.IntegrationEvents\bin\Debug\net8.0\BuildingBlocks.IntegrationEvents.dll
  BuildingBlocks.Application -> C:\WorkSpace\AquaAPI\src\BuildingBlocks\BuildingBlocks.Application\bin\Debug\net8.0\BuildingBlocks.Application.dll
  BuildingBlocks.Presentation -> C:\WorkSpace\AquaAPI\src\BuildingBlocks\BuildingBlocks.Presentation\bin\Debug\net8.0\BuildingBlocks.Presentation.dll
C:\Program Files\dotnet\sdk\8.0.424\Microsoft.Common.CurrentVersion.targets(2176,5): warning : The referenced project '..\..\..\Contracts\Contracts\Contracts.csproj' does not exist. [C:\WorkSpace\AquaAPI\src\Services\IdentityService\IdentityService.Application\IdentityService.Application.csproj]
  Identity.TestShared -> C:\WorkSpace\AquaAPI\src\Services\IdentityService\Identity.TestShared\bin\Debug\net8.0\Identity.TestShared.dll
  BuildingBlocks.Infrastructure -> C:\WorkSpace\AquaAPI\src\BuildingBlocks\BuildingBlocks.Infrastructure\bin\Debug\net8.0\BuildingBlocks.Infrastructure.dll
  IdentityService.Application -> C:\WorkSpace\AquaAPI\src\Services\IdentityService\IdentityService.Application\bin\Debug\net8.0\IdentityService.Application.dll
C:\Program Files\dotnet\sdk\8.0.424\Microsoft.Common.CurrentVersion.targets(2176,5): warning : The referenced project '..\..\..\Contracts\Contracts\Contracts.csproj' does not exist. [C:\WorkSpace\AquaAPI\src\Services\IdentityService\IdentityService.Infrastructure\IdentityService.Infrastructure.csproj]
  IdentityService.Infrastructure -> C:\WorkSpace\AquaAPI\src\Services\IdentityService\IdentityService.Infrastructure\bin\Debug\net8.0\IdentityService.Infrastructure.dll
  IdentityService.API -> C:\WorkSpace\AquaAPI\src\Services\IdentityService\IdentityService\bin\Debug\net8.0\IdentityService.API.dll
  Identity.Infrastructure.IntegrationTests -> C:\WorkSpace\AquaAPI\src\Services\IdentityService\Identity.Infrastructure.IntegrationTests\bin\Debug\net8.0\Identity.Infrastructure.IntegrationTests.dll

Build succeeded.

C:\WorkSpace\AquaAPI\src\BuildingBlocks\BuildingBlocks.Application\BuildingBlocks.Application.csproj : warning NU1504: Duplicate 'PackageReference' items found. Remove the duplicate items or use the Update functionality to ensure a consistent restore behavior. The duplicate 'PackageReference' items are: MediatR , MediatR ; FluentValidation.DependencyInjectionExtensions , FluentValidation.DependencyInjectionExtensions .
C:\WorkSpace\AquaAPI\src\BuildingBlocks\BuildingBlocks.Presentation\BuildingBlocks.Presentation.csproj : warning NU1506: Duplicate 'PackageVersion' items found. Remove the duplicate items or use the Update functionality to ensure a consistent restore behavior. The duplicate 'PackageVersion' items are: Microsoft.Extensions.Configuration.Abstractions 10.0.10, Microsoft.Extensions.Configuration.Abstractions 10.0.0.
C:\WorkSpace\AquaAPI\src\Services\IdentityService\IdentityService\IdentityService.API.csproj : warning NU1506: Duplicate 'PackageVersion' items found. Remove the duplicate items or use the Update functionality to ensure a consistent restore behavior. The duplicate 'PackageVersion' items are: Microsoft.Extensions.Configuration.Abstractions 10.0.10, Microsoft.Extensions.Configuration.Abstractions 10.0.0.
C:\WorkSpace\AquaAPI\src\Services\IdentityService\IdentityService.Infrastructure\IdentityService.Infrastructure.csproj : warning NU1506: Duplicate 'PackageVersion' items found. Remove the duplicate items or use the Update functionality to ensure a consistent restore behavior. The duplicate 'PackageVersion' items are: Microsoft.Extensions.Configuration.Abstractions 10.0.10, Microsoft.Extensions.Configuration.Abstractions 10.0.0.
C:\WorkSpace\AquaAPI\src\Services\IdentityService\IdentityService.Application\IdentityService.Application.csproj : warning NU1506: Duplicate 'PackageVersion' items found. Remove the duplicate items or use the Update functionality to ensure a consistent restore behavior. The duplicate 'PackageVersion' items are: Microsoft.Extensions.Configuration.Abstractions 10.0.10, Microsoft.Extensions.Configuration.Abstractions 10.0.0.
C:\WorkSpace\AquaAPI\src\BuildingBlocks\BuildingBlocks.Infrastructure\BuildingBlocks.Infrastructure.csproj : warning NU1506: Duplicate 'PackageVersion' items found. Remove the duplicate items or use the Update functionality to ensure a consistent restore behavior. The duplicate 'PackageVersion' items are: Microsoft.Extensions.Configuration.Abstractions 10.0.10, Microsoft.Extensions.Configuration.Abstractions 10.0.0.
C:\WorkSpace\AquaAPI\src\BuildingBlocks\BuildingBlocks.Application\BuildingBlocks.Application.csproj : warning NU1506: Duplicate 'PackageVersion' items found. Remove the duplicate items or use the Update functionality to ensure a consistent restore behavior. The duplicate 'PackageVersion' items are: Microsoft.Extensions.Configuration.Abstractions 10.0.10, Microsoft.Extensions.Configuration.Abstractions 10.0.0.
C:\WorkSpace\AquaAPI\src\BuildingBlocks\BuildingBlocks.IntegrationEvents\BuildingBlocks.IntegrationEvents.csproj : warning NU1506: Duplicate 'PackageVersion' items found. Remove the duplicate items or use the Update functionality to ensure a consistent restore behavior. The duplicate 'PackageVersion' items are: Microsoft.Extensions.Configuration.Abstractions 10.0.10, Microsoft.Extensions.Configuration.Abstractions 10.0.0.
C:\WorkSpace\AquaAPI\src\Services\IdentityService\Identity.TestShared\Identity.TestShared.csproj : warning NU1506: Duplicate 'PackageVersion' items found. Remove the duplicate items or use the Update functionality to ensure a consistent restore behavior. The duplicate 'PackageVersion' items are: Microsoft.Extensions.Configuration.Abstractions 10.0.10, Microsoft.Extensions.Configuration.Abstractions 10.0.0.
C:\WorkSpace\AquaAPI\src\Services\IdentityService\IdentityService.Domain\IdentityService.Domain.csproj : warning NU1506: Duplicate 'PackageVersion' items found. Remove the duplicate items or use the Update functionality to ensure a consistent restore behavior. The duplicate 'PackageVersion' items are: Microsoft.Extensions.Configuration.Abstractions 10.0.10, Microsoft.Extensions.Configuration.Abstractions 10.0.0.
C:\WorkSpace\AquaAPI\src\BuildingBlocks\BuildingBlocks.Domain\BuildingBlocks.Domain.csproj : warning NU1506: Duplicate 'PackageVersion' items found. Remove the duplicate items or use the Update functionality to ensure a consistent restore behavior. The duplicate 'PackageVersion' items are: Microsoft.Extensions.Configuration.Abstractions 10.0.10, Microsoft.Extensions.Configuration.Abstractions 10.0.0.
C:\WorkSpace\AquaAPI\src\Services\IdentityService\Identity.Infrastructure.IntegrationTests\Identity.Infrastructure.IntegrationTests.csproj : warning NU1506: Duplicate 'PackageVersion' items found. Remove the duplicate items or use the Update functionality to ensure a consistent restore behavior. The duplicate 'PackageVersion' items are: Microsoft.Extensions.Configuration.Abstractions 10.0.10, Microsoft.Extensions.Configuration.Abstractions 10.0.0.
C:\WorkSpace\AquaAPI\src\BuildingBlocks\BuildingBlocks.Application\BuildingBlocks.Application.csproj : warning NU1504: Duplicate 'PackageReference' items found. Remove the duplicate items or use the Update functionality to ensure a consistent restore behavior. The duplicate 'PackageReference' items are: MediatR , MediatR ; FluentValidation.DependencyInjectionExtensions , FluentValidation.DependencyInjectionExtensions .
C:\Program Files\dotnet\sdk\8.0.424\Microsoft.Common.CurrentVersion.targets(2176,5): warning : The referenced project '..\..\..\Contracts\Contracts\Contracts.csproj' does not exist. [C:\WorkSpace\AquaAPI\src\Services\IdentityService\IdentityService.Domain\IdentityService.Domain.csproj]
C:\Program Files\dotnet\sdk\8.0.424\Microsoft.Common.CurrentVersion.targets(2176,5): warning : The referenced project '..\..\..\Contracts\Contracts\Contracts.csproj' does not exist. [C:\WorkSpace\AquaAPI\src\Services\IdentityService\IdentityService.Application\IdentityService.Application.csproj]
C:\Program Files\dotnet\sdk\8.0.424\Microsoft.Common.CurrentVersion.targets(2176,5): warning : The referenced project '..\..\..\Contracts\Contracts\Contracts.csproj' does not exist. [C:\WorkSpace\AquaAPI\src\Services\IdentityService\IdentityService.Infrastructure\IdentityService.Infrastructure.csproj]
    16 Warning(s)
    0 Error(s)

Time Elapsed 00:00:02.32
  Determining projects to restore...
C:\WorkSpace\AquaAPI\src\BuildingBlocks\BuildingBlocks.Application\BuildingBlocks.Application.csproj : warning NU1504: Duplicate 'PackageReference' items found. Remove the duplicate items or use the Update functionality to ensure a consistent restore behavior. The duplicate 'PackageReference' items are: MediatR , MediatR ; FluentValidation.DependencyInjectionExtensions , FluentValidation.DependencyInjectionExtensions .
C:\WorkSpace\AquaAPI\src\Services\NotificationService\Notification.API.E2ETests\Notification.API.E2ETests.csproj : warning NU1504: Duplicate 'PackageReference' items found. Remove the duplicate items or use the Update functionality to ensure a consistent restore behavior. The duplicate 'PackageReference' items are: Microsoft.NET.Test.Sdk , Microsoft.NET.Test.Sdk ; xunit , xunit ; xunit.runner.visualstudio , xunit.runner.visualstudio ; coverlet.collector , coverlet.collector ; FluentAssertions , FluentAssertions ; Microsoft.AspNetCore.Mvc.Testing , Microsoft.AspNetCore.Mvc.Testing .
C:\WorkSpace\AquaAPI\src\BuildingBlocks\BuildingBlocks.Infrastructure\BuildingBlocks.Infrastructure.csproj : warning NU1506: Duplicate 'PackageVersion' items found. Remove the duplicate items or use the Update functionality to ensure a consistent restore behavior. The duplicate 'PackageVersion' items are: Microsoft.Extensions.Configuration.Abstractions 10.0.10, Microsoft.Extensions.Configuration.Abstractions 10.0.0.
C:\WorkSpace\AquaAPI\src\Services\NotificationService\Notification.TestShared\Notification.TestShared.csproj : warning NU1506: Duplicate 'PackageVersion' items found. Remove the duplicate items or use the Update functionality to ensure a consistent restore behavior. The duplicate 'PackageVersion' items are: Microsoft.Extensions.Configuration.Abstractions 10.0.10, Microsoft.Extensions.Configuration.Abstractions 10.0.0.
C:\WorkSpace\AquaAPI\src\Services\NotificationService\Notification.Infrastructure\Notification.Infrastructure.csproj : warning NU1506: Duplicate 'PackageVersion' items found. Remove the duplicate items or use the Update functionality to ensure a consistent restore behavior. The duplicate 'PackageVersion' items are: Microsoft.Extensions.Configuration.Abstractions 10.0.10, Microsoft.Extensions.Configuration.Abstractions 10.0.0.
C:\WorkSpace\AquaAPI\src\Services\NotificationService\NotificationService\Notification.API.csproj : warning NU1506: Duplicate 'PackageVersion' items found. Remove the duplicate items or use the Update functionality to ensure a consistent restore behavior. The duplicate 'PackageVersion' items are: Microsoft.Extensions.Configuration.Abstractions 10.0.10, Microsoft.Extensions.Configuration.Abstractions 10.0.0.
C:\WorkSpace\AquaAPI\src\Services\NotificationService\Notification.Infrastructure.IntegrationTests\Notification.Infrastructure.IntegrationTests.csproj : warning NU1506: Duplicate 'PackageVersion' items found. Remove the duplicate items or use the Update functionality to ensure a consistent restore behavior. The duplicate 'PackageVersion' items are: Microsoft.Extensions.Configuration.Abstractions 10.0.10, Microsoft.Extensions.Configuration.Abstractions 10.0.0.
C:\WorkSpace\AquaAPI\src\BuildingBlocks\BuildingBlocks.GrpcContracts\BuildingBlocks.GrpcContracts.csproj : warning NU1506: Duplicate 'PackageVersion' items found. Remove the duplicate items or use the Update functionality to ensure a consistent restore behavior. The duplicate 'PackageVersion' items are: Microsoft.Extensions.Configuration.Abstractions 10.0.10, Microsoft.Extensions.Configuration.Abstractions 10.0.0.
C:\WorkSpace\AquaAPI\src\Services\NotificationService\Notification.Domain\Notification.Domain.csproj : warning NU1506: Duplicate 'PackageVersion' items found. Remove the duplicate items or use the Update functionality to ensure a consistent restore behavior. The duplicate 'PackageVersion' items are: Microsoft.Extensions.Configuration.Abstractions 10.0.10, Microsoft.Extensions.Configuration.Abstractions 10.0.0.
C:\WorkSpace\AquaAPI\src\BuildingBlocks\BuildingBlocks.Presentation\BuildingBlocks.Presentation.csproj : warning NU1506: Duplicate 'PackageVersion' items found. Remove the duplicate items or use the Update functionality to ensure a consistent restore behavior. The duplicate 'PackageVersion' items are: Microsoft.Extensions.Configuration.Abstractions 10.0.10, Microsoft.Extensions.Configuration.Abstractions 10.0.0.
C:\WorkSpace\AquaAPI\src\BuildingBlocks\BuildingBlocks.IntegrationEvents\BuildingBlocks.IntegrationEvents.csproj : warning NU1506: Duplicate 'PackageVersion' items found. Remove the duplicate items or use the Update functionality to ensure a consistent restore behavior. The duplicate 'PackageVersion' items are: Microsoft.Extensions.Configuration.Abstractions 10.0.10, Microsoft.Extensions.Configuration.Abstractions 10.0.0.
C:\WorkSpace\AquaAPI\src\BuildingBlocks\BuildingBlocks.Domain\BuildingBlocks.Domain.csproj : warning NU1506: Duplicate 'PackageVersion' items found. Remove the duplicate items or use the Update functionality to ensure a consistent restore behavior. The duplicate 'PackageVersion' items are: Microsoft.Extensions.Configuration.Abstractions 10.0.10, Microsoft.Extensions.Configuration.Abstractions 10.0.0.
C:\WorkSpace\AquaAPI\src\Services\NotificationService\Notification.Application\Notification.Application.csproj : warning NU1506: Duplicate 'PackageVersion' items found. Remove the duplicate items or use the Update functionality to ensure a consistent restore behavior. The duplicate 'PackageVersion' items are: Microsoft.Extensions.Configuration.Abstractions 10.0.10, Microsoft.Extensions.Configuration.Abstractions 10.0.0.
C:\WorkSpace\AquaAPI\src\BuildingBlocks\BuildingBlocks.Application\BuildingBlocks.Application.csproj : warning NU1506: Duplicate 'PackageVersion' items found. Remove the duplicate items or use the Update functionality to ensure a consistent restore behavior. The duplicate 'PackageVersion' items are: Microsoft.Extensions.Configuration.Abstractions 10.0.10, Microsoft.Extensions.Configuration.Abstractions 10.0.0.
C:\WorkSpace\AquaAPI\src\Services\NotificationService\Notification.API.E2ETests\Notification.API.E2ETests.csproj : warning NU1506: Duplicate 'PackageVersion' items found. Remove the duplicate items or use the Update functionality to ensure a consistent restore behavior. The duplicate 'PackageVersion' items are: Microsoft.Extensions.Configuration.Abstractions 10.0.10, Microsoft.Extensions.Configuration.Abstractions 10.0.0.
  All projects are up-to-date for restore.
C:\WorkSpace\AquaAPI\src\Services\NotificationService\Notification.API.E2ETests\Notification.API.E2ETests.csproj : warning NU1504: Duplicate 'PackageReference' items found. Remove the duplicate items or use the Update functionality to ensure a consistent restore behavior. The duplicate 'PackageReference' items are: Microsoft.NET.Test.Sdk , Microsoft.NET.Test.Sdk ; xunit , xunit ; xunit.runner.visualstudio , xunit.runner.visualstudio ; coverlet.collector , coverlet.collector ; FluentAssertions , FluentAssertions ; Microsoft.AspNetCore.Mvc.Testing , Microsoft.AspNetCore.Mvc.Testing .
C:\WorkSpace\AquaAPI\src\BuildingBlocks\BuildingBlocks.Application\BuildingBlocks.Application.csproj : warning NU1504: Duplicate 'PackageReference' items found. Remove the duplicate items or use the Update functionality to ensure a consistent restore behavior. The duplicate 'PackageReference' items are: MediatR , MediatR ; FluentValidation.DependencyInjectionExtensions , FluentValidation.DependencyInjectionExtensions .
  BuildingBlocks.GrpcContracts -> C:\WorkSpace\AquaAPI\src\BuildingBlocks\BuildingBlocks.GrpcContracts\bin\Debug\net8.0\BuildingBlocks.GrpcContracts.dll
  BuildingBlocks.Domain -> C:\WorkSpace\AquaAPI\src\BuildingBlocks\BuildingBlocks.Domain\bin\Debug\net8.0\BuildingBlocks.Domain.dll
  BuildingBlocks.Application -> C:\WorkSpace\AquaAPI\src\BuildingBlocks\BuildingBlocks.Application\bin\Debug\net8.0\BuildingBlocks.Application.dll
  BuildingBlocks.IntegrationEvents -> C:\WorkSpace\AquaAPI\src\BuildingBlocks\BuildingBlocks.IntegrationEvents\bin\Debug\net8.0\BuildingBlocks.IntegrationEvents.dll
  Notification.Domain -> C:\WorkSpace\AquaAPI\src\Services\NotificationService\Notification.Domain\bin\Debug\net8.0\Notification.Domain.dll
  BuildingBlocks.Presentation -> C:\WorkSpace\AquaAPI\src\BuildingBlocks\BuildingBlocks.Presentation\bin\Debug\net8.0\BuildingBlocks.Presentation.dll
  Notification.TestShared -> C:\WorkSpace\AquaAPI\src\Services\NotificationService\Notification.TestShared\bin\Debug\net8.0\Notification.TestShared.dll
  Notification.Application -> C:\WorkSpace\AquaAPI\src\Services\NotificationService\Notification.Application\bin\Debug\net8.0\Notification.Application.dll
  BuildingBlocks.Infrastructure -> C:\WorkSpace\AquaAPI\src\BuildingBlocks\BuildingBlocks.Infrastructure\bin\Debug\net8.0\BuildingBlocks.Infrastructure.dll
  Notification.Infrastructure -> C:\WorkSpace\AquaAPI\src\Services\NotificationService\Notification.Infrastructure\bin\Debug\net8.0\Notification.Infrastructure.dll
  Notification.API -> C:\WorkSpace\AquaAPI\src\Services\NotificationService\NotificationService\bin\Debug\net8.0\Notification.API.dll
  Notification.Infrastructure.IntegrationTests -> C:\WorkSpace\AquaAPI\src\Services\NotificationService\Notification.Infrastructure.IntegrationTests\bin\Debug\net8.0\Notification.Infrastructure.IntegrationTests.dll
  Notification.API.E2ETests -> C:\WorkSpace\AquaAPI\src\Services\NotificationService\Notification.API.E2ETests\bin\Debug\net8.0\Notification.API.E2ETests.dll

Build succeeded.

C:\WorkSpace\AquaAPI\src\BuildingBlocks\BuildingBlocks.Application\BuildingBlocks.Application.csproj : warning NU1504: Duplicate 'PackageReference' items found. Remove the duplicate items or use the Update functionality to ensure a consistent restore behavior. The duplicate 'PackageReference' items are: MediatR , MediatR ; FluentValidation.DependencyInjectionExtensions , FluentValidation.DependencyInjectionExtensions .
C:\WorkSpace\AquaAPI\src\Services\NotificationService\Notification.API.E2ETests\Notification.API.E2ETests.csproj : warning NU1504: Duplicate 'PackageReference' items found. Remove the duplicate items or use the Update functionality to ensure a consistent restore behavior. The duplicate 'PackageReference' items are: Microsoft.NET.Test.Sdk , Microsoft.NET.Test.Sdk ; xunit , xunit ; xunit.runner.visualstudio , xunit.runner.visualstudio ; coverlet.collector , coverlet.collector ; FluentAssertions , FluentAssertions ; Microsoft.AspNetCore.Mvc.Testing , Microsoft.AspNetCore.Mvc.Testing .
C:\WorkSpace\AquaAPI\src\BuildingBlocks\BuildingBlocks.Infrastructure\BuildingBlocks.Infrastructure.csproj : warning NU1506: Duplicate 'PackageVersion' items found. Remove the duplicate items or use the Update functionality to ensure a consistent restore behavior. The duplicate 'PackageVersion' items are: Microsoft.Extensions.Configuration.Abstractions 10.0.10, Microsoft.Extensions.Configuration.Abstractions 10.0.0.
C:\WorkSpace\AquaAPI\src\Services\NotificationService\Notification.TestShared\Notification.TestShared.csproj : warning NU1506: Duplicate 'PackageVersion' items found. Remove the duplicate items or use the Update functionality to ensure a consistent restore behavior. The duplicate 'PackageVersion' items are: Microsoft.Extensions.Configuration.Abstractions 10.0.10, Microsoft.Extensions.Configuration.Abstractions 10.0.0.
C:\WorkSpace\AquaAPI\src\Services\NotificationService\Notification.Infrastructure\Notification.Infrastructure.csproj : warning NU1506: Duplicate 'PackageVersion' items found. Remove the duplicate items or use the Update functionality to ensure a consistent restore behavior. The duplicate 'PackageVersion' items are: Microsoft.Extensions.Configuration.Abstractions 10.0.10, Microsoft.Extensions.Configuration.Abstractions 10.0.0.
C:\WorkSpace\AquaAPI\src\Services\NotificationService\NotificationService\Notification.API.csproj : warning NU1506: Duplicate 'PackageVersion' items found. Remove the duplicate items or use the Update functionality to ensure a consistent restore behavior. The duplicate 'PackageVersion' items are: Microsoft.Extensions.Configuration.Abstractions 10.0.10, Microsoft.Extensions.Configuration.Abstractions 10.0.0.
C:\WorkSpace\AquaAPI\src\Services\NotificationService\Notification.Infrastructure.IntegrationTests\Notification.Infrastructure.IntegrationTests.csproj : warning NU1506: Duplicate 'PackageVersion' items found. Remove the duplicate items or use the Update functionality to ensure a consistent restore behavior. The duplicate 'PackageVersion' items are: Microsoft.Extensions.Configuration.Abstractions 10.0.10, Microsoft.Extensions.Configuration.Abstractions 10.0.0.
C:\WorkSpace\AquaAPI\src\BuildingBlocks\BuildingBlocks.GrpcContracts\BuildingBlocks.GrpcContracts.csproj : warning NU1506: Duplicate 'PackageVersion' items found. Remove the duplicate items or use the Update functionality to ensure a consistent restore behavior. The duplicate 'PackageVersion' items are: Microsoft.Extensions.Configuration.Abstractions 10.0.10, Microsoft.Extensions.Configuration.Abstractions 10.0.0.
C:\WorkSpace\AquaAPI\src\Services\NotificationService\Notification.Domain\Notification.Domain.csproj : warning NU1506: Duplicate 'PackageVersion' items found. Remove the duplicate items or use the Update functionality to ensure a consistent restore behavior. The duplicate 'PackageVersion' items are: Microsoft.Extensions.Configuration.Abstractions 10.0.10, Microsoft.Extensions.Configuration.Abstractions 10.0.0.
C:\WorkSpace\AquaAPI\src\BuildingBlocks\BuildingBlocks.Presentation\BuildingBlocks.Presentation.csproj : warning NU1506: Duplicate 'PackageVersion' items found. Remove the duplicate items or use the Update functionality to ensure a consistent restore behavior. The duplicate 'PackageVersion' items are: Microsoft.Extensions.Configuration.Abstractions 10.0.10, Microsoft.Extensions.Configuration.Abstractions 10.0.0.
C:\WorkSpace\AquaAPI\src\BuildingBlocks\BuildingBlocks.IntegrationEvents\BuildingBlocks.IntegrationEvents.csproj : warning NU1506: Duplicate 'PackageVersion' items found. Remove the duplicate items or use the Update functionality to ensure a consistent restore behavior. The duplicate 'PackageVersion' items are: Microsoft.Extensions.Configuration.Abstractions 10.0.10, Microsoft.Extensions.Configuration.Abstractions 10.0.0.
C:\WorkSpace\AquaAPI\src\BuildingBlocks\BuildingBlocks.Domain\BuildingBlocks.Domain.csproj : warning NU1506: Duplicate 'PackageVersion' items found. Remove the duplicate items or use the Update functionality to ensure a consistent restore behavior. The duplicate 'PackageVersion' items are: Microsoft.Extensions.Configuration.Abstractions 10.0.10, Microsoft.Extensions.Configuration.Abstractions 10.0.0.
C:\WorkSpace\AquaAPI\src\Services\NotificationService\Notification.Application\Notification.Application.csproj : warning NU1506: Duplicate 'PackageVersion' items found. Remove the duplicate items or use the Update functionality to ensure a consistent restore behavior. The duplicate 'PackageVersion' items are: Microsoft.Extensions.Configuration.Abstractions 10.0.10, Microsoft.Extensions.Configuration.Abstractions 10.0.0.
C:\WorkSpace\AquaAPI\src\BuildingBlocks\BuildingBlocks.Application\BuildingBlocks.Application.csproj : warning NU1506: Duplicate 'PackageVersion' items found. Remove the duplicate items or use the Update functionality to ensure a consistent restore behavior. The duplicate 'PackageVersion' items are: Microsoft.Extensions.Configuration.Abstractions 10.0.10, Microsoft.Extensions.Configuration.Abstractions 10.0.0.
C:\WorkSpace\AquaAPI\src\Services\NotificationService\Notification.API.E2ETests\Notification.API.E2ETests.csproj : warning NU1506: Duplicate 'PackageVersion' items found. Remove the duplicate items or use the Update functionality to ensure a consistent restore behavior. The duplicate 'PackageVersion' items are: Microsoft.Extensions.Configuration.Abstractions 10.0.10, Microsoft.Extensions.Configuration.Abstractions 10.0.0.
C:\WorkSpace\AquaAPI\src\Services\NotificationService\Notification.API.E2ETests\Notification.API.E2ETests.csproj : warning NU1504: Duplicate 'PackageReference' items found. Remove the duplicate items or use the Update functionality to ensure a consistent restore behavior. The duplicate 'PackageReference' items are: Microsoft.NET.Test.Sdk , Microsoft.NET.Test.Sdk ; xunit , xunit ; xunit.runner.visualstudio , xunit.runner.visualstudio ; coverlet.collector , coverlet.collector ; FluentAssertions , FluentAssertions ; Microsoft.AspNetCore.Mvc.Testing , Microsoft.AspNetCore.Mvc.Testing .
C:\WorkSpace\AquaAPI\src\BuildingBlocks\BuildingBlocks.Application\BuildingBlocks.Application.csproj : warning NU1504: Duplicate 'PackageReference' items found. Remove the duplicate items or use the Update functionality to ensure a consistent restore behavior. The duplicate 'PackageReference' items are: MediatR , MediatR ; FluentValidation.DependencyInjectionExtensions , FluentValidation.DependencyInjectionExtensions .
    17 Warning(s)
    0 Error(s)

Time Elapsed 00:00:02.44
  Determining projects to restore...
C:\WorkSpace\AquaAPI\src\BuildingBlocks\BuildingBlocks.Application\BuildingBlocks.Application.csproj : warning NU1504: Duplicate 'PackageReference' items found. Remove the duplicate items or use the Update functionality to ensure a consistent restore behavior. The duplicate 'PackageReference' items are: MediatR , MediatR ; FluentValidation.DependencyInjectionExtensions , FluentValidation.DependencyInjectionExtensions .
C:\WorkSpace\AquaAPI\src\Services\NotificationService\Notification.TestShared\Notification.TestShared.csproj : warning NU1506: Duplicate 'PackageVersion' items found. Remove the duplicate items or use the Update functionality to ensure a consistent restore behavior. The duplicate 'PackageVersion' items are: Microsoft.Extensions.Configuration.Abstractions 10.0.10, Microsoft.Extensions.Configuration.Abstractions 10.0.0.
C:\WorkSpace\AquaAPI\src\BuildingBlocks\BuildingBlocks.IntegrationEvents\BuildingBlocks.IntegrationEvents.csproj : warning NU1506: Duplicate 'PackageVersion' items found. Remove the duplicate items or use the Update functionality to ensure a consistent restore behavior. The duplicate 'PackageVersion' items are: Microsoft.Extensions.Configuration.Abstractions 10.0.10, Microsoft.Extensions.Configuration.Abstractions 10.0.0.
C:\WorkSpace\AquaAPI\src\Services\NotificationService\Notification.Domain\Notification.Domain.csproj : warning NU1506: Duplicate 'PackageVersion' items found. Remove the duplicate items or use the Update functionality to ensure a consistent restore behavior. The duplicate 'PackageVersion' items are: Microsoft.Extensions.Configuration.Abstractions 10.0.10, Microsoft.Extensions.Configuration.Abstractions 10.0.0.
C:\WorkSpace\AquaAPI\src\Services\NotificationService\Notification.Application\Notification.Application.csproj : warning NU1506: Duplicate 'PackageVersion' items found. Remove the duplicate items or use the Update functionality to ensure a consistent restore behavior. The duplicate 'PackageVersion' items are: Microsoft.Extensions.Configuration.Abstractions 10.0.10, Microsoft.Extensions.Configuration.Abstractions 10.0.0.
C:\WorkSpace\AquaAPI\src\BuildingBlocks\BuildingBlocks.Domain\BuildingBlocks.Domain.csproj : warning NU1506: Duplicate 'PackageVersion' items found. Remove the duplicate items or use the Update functionality to ensure a consistent restore behavior. The duplicate 'PackageVersion' items are: Microsoft.Extensions.Configuration.Abstractions 10.0.10, Microsoft.Extensions.Configuration.Abstractions 10.0.0.
C:\WorkSpace\AquaAPI\src\BuildingBlocks\BuildingBlocks.Application\BuildingBlocks.Application.csproj : warning NU1506: Duplicate 'PackageVersion' items found. Remove the duplicate items or use the Update functionality to ensure a consistent restore behavior. The duplicate 'PackageVersion' items are: Microsoft.Extensions.Configuration.Abstractions 10.0.10, Microsoft.Extensions.Configuration.Abstractions 10.0.0.
C:\WorkSpace\AquaAPI\src\Services\NotificationService\Notification.Application.UnitTests\Notification.Application.UnitTests.csproj : warning NU1506: Duplicate 'PackageVersion' items found. Remove the duplicate items or use the Update functionality to ensure a consistent restore behavior. The duplicate 'PackageVersion' items are: Microsoft.Extensions.Configuration.Abstractions 10.0.10, Microsoft.Extensions.Configuration.Abstractions 10.0.0.
  All projects are up-to-date for restore.
C:\WorkSpace\AquaAPI\src\BuildingBlocks\BuildingBlocks.Application\BuildingBlocks.Application.csproj : warning NU1504: Duplicate 'PackageReference' items found. Remove the duplicate items or use the Update functionality to ensure a consistent restore behavior. The duplicate 'PackageReference' items are: MediatR , MediatR ; FluentValidation.DependencyInjectionExtensions , FluentValidation.DependencyInjectionExtensions .
  BuildingBlocks.Domain -> C:\WorkSpace\AquaAPI\src\BuildingBlocks\BuildingBlocks.Domain\bin\Debug\net8.0\BuildingBlocks.Domain.dll
  Notification.Domain -> C:\WorkSpace\AquaAPI\src\Services\NotificationService\Notification.Domain\bin\Debug\net8.0\Notification.Domain.dll
  BuildingBlocks.IntegrationEvents -> C:\WorkSpace\AquaAPI\src\BuildingBlocks\BuildingBlocks.IntegrationEvents\bin\Debug\net8.0\BuildingBlocks.IntegrationEvents.dll
  BuildingBlocks.Application -> C:\WorkSpace\AquaAPI\src\BuildingBlocks\BuildingBlocks.Application\bin\Debug\net8.0\BuildingBlocks.Application.dll
  Notification.TestShared -> C:\WorkSpace\AquaAPI\src\Services\NotificationService\Notification.TestShared\bin\Debug\net8.0\Notification.TestShared.dll
  Notification.Application -> C:\WorkSpace\AquaAPI\src\Services\NotificationService\Notification.Application\bin\Debug\net8.0\Notification.Application.dll
  Notification.Application.UnitTests -> C:\WorkSpace\AquaAPI\src\Services\NotificationService\Notification.Application.UnitTests\bin\Debug\net8.0\Notification.Application.UnitTests.dll

Build succeeded.

C:\WorkSpace\AquaAPI\src\BuildingBlocks\BuildingBlocks.Application\BuildingBlocks.Application.csproj : warning NU1504: Duplicate 'PackageReference' items found. Remove the duplicate items or use the Update functionality to ensure a consistent restore behavior. The duplicate 'PackageReference' items are: MediatR , MediatR ; FluentValidation.DependencyInjectionExtensions , FluentValidation.DependencyInjectionExtensions .
C:\WorkSpace\AquaAPI\src\Services\NotificationService\Notification.TestShared\Notification.TestShared.csproj : warning NU1506: Duplicate 'PackageVersion' items found. Remove the duplicate items or use the Update functionality to ensure a consistent restore behavior. The duplicate 'PackageVersion' items are: Microsoft.Extensions.Configuration.Abstractions 10.0.10, Microsoft.Extensions.Configuration.Abstractions 10.0.0.
C:\WorkSpace\AquaAPI\src\BuildingBlocks\BuildingBlocks.IntegrationEvents\BuildingBlocks.IntegrationEvents.csproj : warning NU1506: Duplicate 'PackageVersion' items found. Remove the duplicate items or use the Update functionality to ensure a consistent restore behavior. The duplicate 'PackageVersion' items are: Microsoft.Extensions.Configuration.Abstractions 10.0.10, Microsoft.Extensions.Configuration.Abstractions 10.0.0.
C:\WorkSpace\AquaAPI\src\Services\NotificationService\Notification.Domain\Notification.Domain.csproj : warning NU1506: Duplicate 'PackageVersion' items found. Remove the duplicate items or use the Update functionality to ensure a consistent restore behavior. The duplicate 'PackageVersion' items are: Microsoft.Extensions.Configuration.Abstractions 10.0.10, Microsoft.Extensions.Configuration.Abstractions 10.0.0.
C:\WorkSpace\AquaAPI\src\Services\NotificationService\Notification.Application\Notification.Application.csproj : warning NU1506: Duplicate 'PackageVersion' items found. Remove the duplicate items or use the Update functionality to ensure a consistent restore behavior. The duplicate 'PackageVersion' items are: Microsoft.Extensions.Configuration.Abstractions 10.0.10, Microsoft.Extensions.Configuration.Abstractions 10.0.0.
C:\WorkSpace\AquaAPI\src\BuildingBlocks\BuildingBlocks.Domain\BuildingBlocks.Domain.csproj : warning NU1506: Duplicate 'PackageVersion' items found. Remove the duplicate items or use the Update functionality to ensure a consistent restore behavior. The duplicate 'PackageVersion' items are: Microsoft.Extensions.Configuration.Abstractions 10.0.10, Microsoft.Extensions.Configuration.Abstractions 10.0.0.
C:\WorkSpace\AquaAPI\src\BuildingBlocks\BuildingBlocks.Application\BuildingBlocks.Application.csproj : warning NU1506: Duplicate 'PackageVersion' items found. Remove the duplicate items or use the Update functionality to ensure a consistent restore behavior. The duplicate 'PackageVersion' items are: Microsoft.Extensions.Configuration.Abstractions 10.0.10, Microsoft.Extensions.Configuration.Abstractions 10.0.0.
C:\WorkSpace\AquaAPI\src\Services\NotificationService\Notification.Application.UnitTests\Notification.Application.UnitTests.csproj : warning NU1506: Duplicate 'PackageVersion' items found. Remove the duplicate items or use the Update functionality to ensure a consistent restore behavior. The duplicate 'PackageVersion' items are: Microsoft.Extensions.Configuration.Abstractions 10.0.10, Microsoft.Extensions.Configuration.Abstractions 10.0.0.
C:\WorkSpace\AquaAPI\src\BuildingBlocks\BuildingBlocks.Application\BuildingBlocks.Application.csproj : warning NU1504: Duplicate 'PackageReference' items found. Remove the duplicate items or use the Update functionality to ensure a consistent restore behavior. The duplicate 'PackageReference' items are: MediatR , MediatR ; FluentValidation.DependencyInjectionExtensions , FluentValidation.DependencyInjectionExtensions .
    9 Warning(s)
    0 Error(s)

Time Elapsed 00:00:01.63
  Determining projects to restore...
C:\WorkSpace\AquaAPI\src\BuildingBlocks\BuildingBlocks.Application\BuildingBlocks.Application.csproj : warning NU1504: Duplicate 'PackageReference' items found. Remove the duplicate items or use the Update functionality to ensure a consistent restore behavior. The duplicate 'PackageReference' items are: MediatR , MediatR ; FluentValidation.DependencyInjectionExtensions , FluentValidation.DependencyInjectionExtensions .
C:\WorkSpace\AquaAPI\src\Services\NotificationService\Notification.Domain\Notification.Domain.csproj : warning NU1506: Duplicate 'PackageVersion' items found. Remove the duplicate items or use the Update functionality to ensure a consistent restore behavior. The duplicate 'PackageVersion' items are: Microsoft.Extensions.Configuration.Abstractions 10.0.10, Microsoft.Extensions.Configuration.Abstractions 10.0.0.
C:\WorkSpace\AquaAPI\src\Services\NotificationService\NotificationService\Notification.API.csproj : warning NU1506: Duplicate 'PackageVersion' items found. Remove the duplicate items or use the Update functionality to ensure a consistent restore behavior. The duplicate 'PackageVersion' items are: Microsoft.Extensions.Configuration.Abstractions 10.0.10, Microsoft.Extensions.Configuration.Abstractions 10.0.0.
C:\WorkSpace\AquaAPI\src\Services\NotificationService\Notification.Application\Notification.Application.csproj : warning NU1506: Duplicate 'PackageVersion' items found. Remove the duplicate items or use the Update functionality to ensure a consistent restore behavior. The duplicate 'PackageVersion' items are: Microsoft.Extensions.Configuration.Abstractions 10.0.10, Microsoft.Extensions.Configuration.Abstractions 10.0.0.
C:\WorkSpace\AquaAPI\src\BuildingBlocks\BuildingBlocks.Infrastructure\BuildingBlocks.Infrastructure.csproj : warning NU1506: Duplicate 'PackageVersion' items found. Remove the duplicate items or use the Update functionality to ensure a consistent restore behavior. The duplicate 'PackageVersion' items are: Microsoft.Extensions.Configuration.Abstractions 10.0.10, Microsoft.Extensions.Configuration.Abstractions 10.0.0.
C:\WorkSpace\AquaAPI\src\BuildingBlocks\BuildingBlocks.IntegrationEvents\BuildingBlocks.IntegrationEvents.csproj : warning NU1506: Duplicate 'PackageVersion' items found. Remove the duplicate items or use the Update functionality to ensure a consistent restore behavior. The duplicate 'PackageVersion' items are: Microsoft.Extensions.Configuration.Abstractions 10.0.10, Microsoft.Extensions.Configuration.Abstractions 10.0.0.
C:\WorkSpace\AquaAPI\src\Services\NotificationService\Notification.Infrastructure\Notification.Infrastructure.csproj : warning NU1506: Duplicate 'PackageVersion' items found. Remove the duplicate items or use the Update functionality to ensure a consistent restore behavior. The duplicate 'PackageVersion' items are: Microsoft.Extensions.Configuration.Abstractions 10.0.10, Microsoft.Extensions.Configuration.Abstractions 10.0.0.
C:\WorkSpace\AquaAPI\src\BuildingBlocks\BuildingBlocks.Presentation\BuildingBlocks.Presentation.csproj : warning NU1506: Duplicate 'PackageVersion' items found. Remove the duplicate items or use the Update functionality to ensure a consistent restore behavior. The duplicate 'PackageVersion' items are: Microsoft.Extensions.Configuration.Abstractions 10.0.10, Microsoft.Extensions.Configuration.Abstractions 10.0.0.
C:\WorkSpace\AquaAPI\src\BuildingBlocks\BuildingBlocks.Domain\BuildingBlocks.Domain.csproj : warning NU1506: Duplicate 'PackageVersion' items found. Remove the duplicate items or use the Update functionality to ensure a consistent restore behavior. The duplicate 'PackageVersion' items are: Microsoft.Extensions.Configuration.Abstractions 10.0.10, Microsoft.Extensions.Configuration.Abstractions 10.0.0.
C:\WorkSpace\AquaAPI\src\BuildingBlocks\BuildingBlocks.GrpcContracts\BuildingBlocks.GrpcContracts.csproj : warning NU1506: Duplicate 'PackageVersion' items found. Remove the duplicate items or use the Update functionality to ensure a consistent restore behavior. The duplicate 'PackageVersion' items are: Microsoft.Extensions.Configuration.Abstractions 10.0.10, Microsoft.Extensions.Configuration.Abstractions 10.0.0.
C:\WorkSpace\AquaAPI\src\BuildingBlocks\BuildingBlocks.Application\BuildingBlocks.Application.csproj : warning NU1506: Duplicate 'PackageVersion' items found. Remove the duplicate items or use the Update functionality to ensure a consistent restore behavior. The duplicate 'PackageVersion' items are: Microsoft.Extensions.Configuration.Abstractions 10.0.10, Microsoft.Extensions.Configuration.Abstractions 10.0.0.
C:\WorkSpace\AquaAPI\src\Services\NotificationService\Notification.ArchitectureTests\Notification.ArchitectureTests.csproj : warning NU1506: Duplicate 'PackageVersion' items found. Remove the duplicate items or use the Update functionality to ensure a consistent restore behavior. The duplicate 'PackageVersion' items are: Microsoft.Extensions.Configuration.Abstractions 10.0.10, Microsoft.Extensions.Configuration.Abstractions 10.0.0.
  All projects are up-to-date for restore.
C:\WorkSpace\AquaAPI\src\BuildingBlocks\BuildingBlocks.Application\BuildingBlocks.Application.csproj : warning NU1504: Duplicate 'PackageReference' items found. Remove the duplicate items or use the Update functionality to ensure a consistent restore behavior. The duplicate 'PackageReference' items are: MediatR , MediatR ; FluentValidation.DependencyInjectionExtensions , FluentValidation.DependencyInjectionExtensions .
  BuildingBlocks.GrpcContracts -> C:\WorkSpace\AquaAPI\src\BuildingBlocks\BuildingBlocks.GrpcContracts\bin\Debug\net8.0\BuildingBlocks.GrpcContracts.dll
  BuildingBlocks.Domain -> C:\WorkSpace\AquaAPI\src\BuildingBlocks\BuildingBlocks.Domain\bin\Debug\net8.0\BuildingBlocks.Domain.dll
  Notification.Domain -> C:\WorkSpace\AquaAPI\src\Services\NotificationService\Notification.Domain\bin\Debug\net8.0\Notification.Domain.dll
  BuildingBlocks.IntegrationEvents -> C:\WorkSpace\AquaAPI\src\BuildingBlocks\BuildingBlocks.IntegrationEvents\bin\Debug\net8.0\BuildingBlocks.IntegrationEvents.dll
  BuildingBlocks.Application -> C:\WorkSpace\AquaAPI\src\BuildingBlocks\BuildingBlocks.Application\bin\Debug\net8.0\BuildingBlocks.Application.dll
  BuildingBlocks.Presentation -> C:\WorkSpace\AquaAPI\src\BuildingBlocks\BuildingBlocks.Presentation\bin\Debug\net8.0\BuildingBlocks.Presentation.dll
  Notification.Application -> C:\WorkSpace\AquaAPI\src\Services\NotificationService\Notification.Application\bin\Debug\net8.0\Notification.Application.dll
  BuildingBlocks.Infrastructure -> C:\WorkSpace\AquaAPI\src\BuildingBlocks\BuildingBlocks.Infrastructure\bin\Debug\net8.0\BuildingBlocks.Infrastructure.dll
  Notification.Infrastructure -> C:\WorkSpace\AquaAPI\src\Services\NotificationService\Notification.Infrastructure\bin\Debug\net8.0\Notification.Infrastructure.dll
  Notification.API -> C:\WorkSpace\AquaAPI\src\Services\NotificationService\NotificationService\bin\Debug\net8.0\Notification.API.dll
  Notification.ArchitectureTests -> C:\WorkSpace\AquaAPI\src\Services\NotificationService\Notification.ArchitectureTests\bin\Debug\net8.0\Notification.ArchitectureTests.dll

Build succeeded.

C:\WorkSpace\AquaAPI\src\BuildingBlocks\BuildingBlocks.Application\BuildingBlocks.Application.csproj : warning NU1504: Duplicate 'PackageReference' items found. Remove the duplicate items or use the Update functionality to ensure a consistent restore behavior. The duplicate 'PackageReference' items are: MediatR , MediatR ; FluentValidation.DependencyInjectionExtensions , FluentValidation.DependencyInjectionExtensions .
C:\WorkSpace\AquaAPI\src\Services\NotificationService\Notification.Domain\Notification.Domain.csproj : warning NU1506: Duplicate 'PackageVersion' items found. Remove the duplicate items or use the Update functionality to ensure a consistent restore behavior. The duplicate 'PackageVersion' items are: Microsoft.Extensions.Configuration.Abstractions 10.0.10, Microsoft.Extensions.Configuration.Abstractions 10.0.0.
C:\WorkSpace\AquaAPI\src\Services\NotificationService\NotificationService\Notification.API.csproj : warning NU1506: Duplicate 'PackageVersion' items found. Remove the duplicate items or use the Update functionality to ensure a consistent restore behavior. The duplicate 'PackageVersion' items are: Microsoft.Extensions.Configuration.Abstractions 10.0.10, Microsoft.Extensions.Configuration.Abstractions 10.0.0.
C:\WorkSpace\AquaAPI\src\Services\NotificationService\Notification.Application\Notification.Application.csproj : warning NU1506: Duplicate 'PackageVersion' items found. Remove the duplicate items or use the Update functionality to ensure a consistent restore behavior. The duplicate 'PackageVersion' items are: Microsoft.Extensions.Configuration.Abstractions 10.0.10, Microsoft.Extensions.Configuration.Abstractions 10.0.0.
C:\WorkSpace\AquaAPI\src\BuildingBlocks\BuildingBlocks.Infrastructure\BuildingBlocks.Infrastructure.csproj : warning NU1506: Duplicate 'PackageVersion' items found. Remove the duplicate items or use the Update functionality to ensure a consistent restore behavior. The duplicate 'PackageVersion' items are: Microsoft.Extensions.Configuration.Abstractions 10.0.10, Microsoft.Extensions.Configuration.Abstractions 10.0.0.
C:\WorkSpace\AquaAPI\src\BuildingBlocks\BuildingBlocks.IntegrationEvents\BuildingBlocks.IntegrationEvents.csproj : warning NU1506: Duplicate 'PackageVersion' items found. Remove the duplicate items or use the Update functionality to ensure a consistent restore behavior. The duplicate 'PackageVersion' items are: Microsoft.Extensions.Configuration.Abstractions 10.0.10, Microsoft.Extensions.Configuration.Abstractions 10.0.0.
C:\WorkSpace\AquaAPI\src\Services\NotificationService\Notification.Infrastructure\Notification.Infrastructure.csproj : warning NU1506: Duplicate 'PackageVersion' items found. Remove the duplicate items or use the Update functionality to ensure a consistent restore behavior. The duplicate 'PackageVersion' items are: Microsoft.Extensions.Configuration.Abstractions 10.0.10, Microsoft.Extensions.Configuration.Abstractions 10.0.0.
C:\WorkSpace\AquaAPI\src\BuildingBlocks\BuildingBlocks.Presentation\BuildingBlocks.Presentation.csproj : warning NU1506: Duplicate 'PackageVersion' items found. Remove the duplicate items or use the Update functionality to ensure a consistent restore behavior. The duplicate 'PackageVersion' items are: Microsoft.Extensions.Configuration.Abstractions 10.0.10, Microsoft.Extensions.Configuration.Abstractions 10.0.0.
C:\WorkSpace\AquaAPI\src\BuildingBlocks\BuildingBlocks.Domain\BuildingBlocks.Domain.csproj : warning NU1506: Duplicate 'PackageVersion' items found. Remove the duplicate items or use the Update functionality to ensure a consistent restore behavior. The duplicate 'PackageVersion' items are: Microsoft.Extensions.Configuration.Abstractions 10.0.10, Microsoft.Extensions.Configuration.Abstractions 10.0.0.
C:\WorkSpace\AquaAPI\src\BuildingBlocks\BuildingBlocks.GrpcContracts\BuildingBlocks.GrpcContracts.csproj : warning NU1506: Duplicate 'PackageVersion' items found. Remove the duplicate items or use the Update functionality to ensure a consistent restore behavior. The duplicate 'PackageVersion' items are: Microsoft.Extensions.Configuration.Abstractions 10.0.10, Microsoft.Extensions.Configuration.Abstractions 10.0.0.
C:\WorkSpace\AquaAPI\src\BuildingBlocks\BuildingBlocks.Application\BuildingBlocks.Application.csproj : warning NU1506: Duplicate 'PackageVersion' items found. Remove the duplicate items or use the Update functionality to ensure a consistent restore behavior. The duplicate 'PackageVersion' items are: Microsoft.Extensions.Configuration.Abstractions 10.0.10, Microsoft.Extensions.Configuration.Abstractions 10.0.0.
C:\WorkSpace\AquaAPI\src\Services\NotificationService\Notification.ArchitectureTests\Notification.ArchitectureTests.csproj : warning NU1506: Duplicate 'PackageVersion' items found. Remove the duplicate items or use the Update functionality to ensure a consistent restore behavior. The duplicate 'PackageVersion' items are: Microsoft.Extensions.Configuration.Abstractions 10.0.10, Microsoft.Extensions.Configuration.Abstractions 10.0.0.
C:\WorkSpace\AquaAPI\src\BuildingBlocks\BuildingBlocks.Application\BuildingBlocks.Application.csproj : warning NU1504: Duplicate 'PackageReference' items found. Remove the duplicate items or use the Update functionality to ensure a consistent restore behavior. The duplicate 'PackageReference' items are: MediatR , MediatR ; FluentValidation.DependencyInjectionExtensions , FluentValidation.DependencyInjectionExtensions .
    13 Warning(s)
    0 Error(s)

Time Elapsed 00:00:02.08
  Determining projects to restore...
C:\WorkSpace\AquaAPI\src\Services\NotificationService\Notification.Domain\Notification.Domain.csproj : warning NU1506: Duplicate 'PackageVersion' items found. Remove the duplicate items or use the Update functionality to ensure a consistent restore behavior. The duplicate 'PackageVersion' items are: Microsoft.Extensions.Configuration.Abstractions 10.0.10, Microsoft.Extensions.Configuration.Abstractions 10.0.0.
C:\WorkSpace\AquaAPI\src\BuildingBlocks\BuildingBlocks.Domain\BuildingBlocks.Domain.csproj : warning NU1506: Duplicate 'PackageVersion' items found. Remove the duplicate items or use the Update functionality to ensure a consistent restore behavior. The duplicate 'PackageVersion' items are: Microsoft.Extensions.Configuration.Abstractions 10.0.10, Microsoft.Extensions.Configuration.Abstractions 10.0.0.
C:\WorkSpace\AquaAPI\src\Services\NotificationService\Notification.TestShared\Notification.TestShared.csproj : warning NU1506: Duplicate 'PackageVersion' items found. Remove the duplicate items or use the Update functionality to ensure a consistent restore behavior. The duplicate 'PackageVersion' items are: Microsoft.Extensions.Configuration.Abstractions 10.0.10, Microsoft.Extensions.Configuration.Abstractions 10.0.0.
C:\WorkSpace\AquaAPI\src\Services\NotificationService\Notification.Domain.UnitTests\Notification.Domain.UnitTests.csproj : warning NU1506: Duplicate 'PackageVersion' items found. Remove the duplicate items or use the Update functionality to ensure a consistent restore behavior. The duplicate 'PackageVersion' items are: Microsoft.Extensions.Configuration.Abstractions 10.0.10, Microsoft.Extensions.Configuration.Abstractions 10.0.0.
  All projects are up-to-date for restore.
  BuildingBlocks.Domain -> C:\WorkSpace\AquaAPI\src\BuildingBlocks\BuildingBlocks.Domain\bin\Debug\net8.0\BuildingBlocks.Domain.dll
  Notification.Domain -> C:\WorkSpace\AquaAPI\src\Services\NotificationService\Notification.Domain\bin\Debug\net8.0\Notification.Domain.dll
  Notification.TestShared -> C:\WorkSpace\AquaAPI\src\Services\NotificationService\Notification.TestShared\bin\Debug\net8.0\Notification.TestShared.dll
  Notification.Domain.UnitTests -> C:\WorkSpace\AquaAPI\src\Services\NotificationService\Notification.Domain.UnitTests\bin\Debug\net8.0\Notification.Domain.UnitTests.dll

Build succeeded.

C:\WorkSpace\AquaAPI\src\Services\NotificationService\Notification.Domain\Notification.Domain.csproj : warning NU1506: Duplicate 'PackageVersion' items found. Remove the duplicate items or use the Update functionality to ensure a consistent restore behavior. The duplicate 'PackageVersion' items are: Microsoft.Extensions.Configuration.Abstractions 10.0.10, Microsoft.Extensions.Configuration.Abstractions 10.0.0.
C:\WorkSpace\AquaAPI\src\BuildingBlocks\BuildingBlocks.Domain\BuildingBlocks.Domain.csproj : warning NU1506: Duplicate 'PackageVersion' items found. Remove the duplicate items or use the Update functionality to ensure a consistent restore behavior. The duplicate 'PackageVersion' items are: Microsoft.Extensions.Configuration.Abstractions 10.0.10, Microsoft.Extensions.Configuration.Abstractions 10.0.0.
C:\WorkSpace\AquaAPI\src\Services\NotificationService\Notification.TestShared\Notification.TestShared.csproj : warning NU1506: Duplicate 'PackageVersion' items found. Remove the duplicate items or use the Update functionality to ensure a consistent restore behavior. The duplicate 'PackageVersion' items are: Microsoft.Extensions.Configuration.Abstractions 10.0.10, Microsoft.Extensions.Configuration.Abstractions 10.0.0.
C:\WorkSpace\AquaAPI\src\Services\NotificationService\Notification.Domain.UnitTests\Notification.Domain.UnitTests.csproj : warning NU1506: Duplicate 'PackageVersion' items found. Remove the duplicate items or use the Update functionality to ensure a consistent restore behavior. The duplicate 'PackageVersion' items are: Microsoft.Extensions.Configuration.Abstractions 10.0.10, Microsoft.Extensions.Configuration.Abstractions 10.0.0.
    4 Warning(s)
    0 Error(s)

Time Elapsed 00:00:01.61
  Determining projects to restore...
C:\WorkSpace\AquaAPI\src\BuildingBlocks\BuildingBlocks.Application\BuildingBlocks.Application.csproj : warning NU1504: Duplicate 'PackageReference' items found. Remove the duplicate items or use the Update functionality to ensure a consistent restore behavior. The duplicate 'PackageReference' items are: MediatR , MediatR ; FluentValidation.DependencyInjectionExtensions , FluentValidation.DependencyInjectionExtensions .
C:\WorkSpace\AquaAPI\src\Services\NotificationService\Notification.Application\Notification.Application.csproj : warning NU1506: Duplicate 'PackageVersion' items found. Remove the duplicate items or use the Update functionality to ensure a consistent restore behavior. The duplicate 'PackageVersion' items are: Microsoft.Extensions.Configuration.Abstractions 10.0.10, Microsoft.Extensions.Configuration.Abstractions 10.0.0.
C:\WorkSpace\AquaAPI\src\BuildingBlocks\BuildingBlocks.Infrastructure\BuildingBlocks.Infrastructure.csproj : warning NU1506: Duplicate 'PackageVersion' items found. Remove the duplicate items or use the Update functionality to ensure a consistent restore behavior. The duplicate 'PackageVersion' items are: Microsoft.Extensions.Configuration.Abstractions 10.0.10, Microsoft.Extensions.Configuration.Abstractions 10.0.0.
C:\WorkSpace\AquaAPI\src\Services\NotificationService\Notification.Infrastructure\Notification.Infrastructure.csproj : warning NU1506: Duplicate 'PackageVersion' items found. Remove the duplicate items or use the Update functionality to ensure a consistent restore behavior. The duplicate 'PackageVersion' items are: Microsoft.Extensions.Configuration.Abstractions 10.0.10, Microsoft.Extensions.Configuration.Abstractions 10.0.0.
C:\WorkSpace\AquaAPI\src\Services\NotificationService\NotificationService\Notification.API.csproj : warning NU1506: Duplicate 'PackageVersion' items found. Remove the duplicate items or use the Update functionality to ensure a consistent restore behavior. The duplicate 'PackageVersion' items are: Microsoft.Extensions.Configuration.Abstractions 10.0.10, Microsoft.Extensions.Configuration.Abstractions 10.0.0.
C:\WorkSpace\AquaAPI\src\Services\NotificationService\Notification.TestShared\Notification.TestShared.csproj : warning NU1506: Duplicate 'PackageVersion' items found. Remove the duplicate items or use the Update functionality to ensure a consistent restore behavior. The duplicate 'PackageVersion' items are: Microsoft.Extensions.Configuration.Abstractions 10.0.10, Microsoft.Extensions.Configuration.Abstractions 10.0.0.
C:\WorkSpace\AquaAPI\src\BuildingBlocks\BuildingBlocks.GrpcContracts\BuildingBlocks.GrpcContracts.csproj : warning NU1506: Duplicate 'PackageVersion' items found. Remove the duplicate items or use the Update functionality to ensure a consistent restore behavior. The duplicate 'PackageVersion' items are: Microsoft.Extensions.Configuration.Abstractions 10.0.10, Microsoft.Extensions.Configuration.Abstractions 10.0.0.
C:\WorkSpace\AquaAPI\src\BuildingBlocks\BuildingBlocks.IntegrationEvents\BuildingBlocks.IntegrationEvents.csproj : warning NU1506: Duplicate 'PackageVersion' items found. Remove the duplicate items or use the Update functionality to ensure a consistent restore behavior. The duplicate 'PackageVersion' items are: Microsoft.Extensions.Configuration.Abstractions 10.0.10, Microsoft.Extensions.Configuration.Abstractions 10.0.0.
C:\WorkSpace\AquaAPI\src\BuildingBlocks\BuildingBlocks.Application\BuildingBlocks.Application.csproj : warning NU1506: Duplicate 'PackageVersion' items found. Remove the duplicate items or use the Update functionality to ensure a consistent restore behavior. The duplicate 'PackageVersion' items are: Microsoft.Extensions.Configuration.Abstractions 10.0.10, Microsoft.Extensions.Configuration.Abstractions 10.0.0.
C:\WorkSpace\AquaAPI\src\BuildingBlocks\BuildingBlocks.Presentation\BuildingBlocks.Presentation.csproj : warning NU1506: Duplicate 'PackageVersion' items found. Remove the duplicate items or use the Update functionality to ensure a consistent restore behavior. The duplicate 'PackageVersion' items are: Microsoft.Extensions.Configuration.Abstractions 10.0.10, Microsoft.Extensions.Configuration.Abstractions 10.0.0.
C:\WorkSpace\AquaAPI\src\Services\NotificationService\Notification.Domain\Notification.Domain.csproj : warning NU1506: Duplicate 'PackageVersion' items found. Remove the duplicate items or use the Update functionality to ensure a consistent restore behavior. The duplicate 'PackageVersion' items are: Microsoft.Extensions.Configuration.Abstractions 10.0.10, Microsoft.Extensions.Configuration.Abstractions 10.0.0.
C:\WorkSpace\AquaAPI\src\BuildingBlocks\BuildingBlocks.Domain\BuildingBlocks.Domain.csproj : warning NU1506: Duplicate 'PackageVersion' items found. Remove the duplicate items or use the Update functionality to ensure a consistent restore behavior. The duplicate 'PackageVersion' items are: Microsoft.Extensions.Configuration.Abstractions 10.0.10, Microsoft.Extensions.Configuration.Abstractions 10.0.0.
C:\WorkSpace\AquaAPI\src\Services\NotificationService\Notification.Infrastructure.IntegrationTests\Notification.Infrastructure.IntegrationTests.csproj : warning NU1506: Duplicate 'PackageVersion' items found. Remove the duplicate items or use the Update functionality to ensure a consistent restore behavior. The duplicate 'PackageVersion' items are: Microsoft.Extensions.Configuration.Abstractions 10.0.10, Microsoft.Extensions.Configuration.Abstractions 10.0.0.
  All projects are up-to-date for restore.
C:\WorkSpace\AquaAPI\src\BuildingBlocks\BuildingBlocks.Application\BuildingBlocks.Application.csproj : warning NU1504: Duplicate 'PackageReference' items found. Remove the duplicate items or use the Update functionality to ensure a consistent restore behavior. The duplicate 'PackageReference' items are: MediatR , MediatR ; FluentValidation.DependencyInjectionExtensions , FluentValidation.DependencyInjectionExtensions .
  BuildingBlocks.GrpcContracts -> C:\WorkSpace\AquaAPI\src\BuildingBlocks\BuildingBlocks.GrpcContracts\bin\Debug\net8.0\BuildingBlocks.GrpcContracts.dll
  BuildingBlocks.Domain -> C:\WorkSpace\AquaAPI\src\BuildingBlocks\BuildingBlocks.Domain\bin\Debug\net8.0\BuildingBlocks.Domain.dll
  BuildingBlocks.Application -> C:\WorkSpace\AquaAPI\src\BuildingBlocks\BuildingBlocks.Application\bin\Debug\net8.0\BuildingBlocks.Application.dll
  BuildingBlocks.IntegrationEvents -> C:\WorkSpace\AquaAPI\src\BuildingBlocks\BuildingBlocks.IntegrationEvents\bin\Debug\net8.0\BuildingBlocks.IntegrationEvents.dll
  Notification.Domain -> C:\WorkSpace\AquaAPI\src\Services\NotificationService\Notification.Domain\bin\Debug\net8.0\Notification.Domain.dll
  BuildingBlocks.Presentation -> C:\WorkSpace\AquaAPI\src\BuildingBlocks\BuildingBlocks.Presentation\bin\Debug\net8.0\BuildingBlocks.Presentation.dll
  Notification.TestShared -> C:\WorkSpace\AquaAPI\src\Services\NotificationService\Notification.TestShared\bin\Debug\net8.0\Notification.TestShared.dll
  Notification.Application -> C:\WorkSpace\AquaAPI\src\Services\NotificationService\Notification.Application\bin\Debug\net8.0\Notification.Application.dll
  BuildingBlocks.Infrastructure -> C:\WorkSpace\AquaAPI\src\BuildingBlocks\BuildingBlocks.Infrastructure\bin\Debug\net8.0\BuildingBlocks.Infrastructure.dll
  Notification.Infrastructure -> C:\WorkSpace\AquaAPI\src\Services\NotificationService\Notification.Infrastructure\bin\Debug\net8.0\Notification.Infrastructure.dll
  Notification.API -> C:\WorkSpace\AquaAPI\src\Services\NotificationService\NotificationService\bin\Debug\net8.0\Notification.API.dll
  Notification.Infrastructure.IntegrationTests -> C:\WorkSpace\AquaAPI\src\Services\NotificationService\Notification.Infrastructure.IntegrationTests\bin\Debug\net8.0\Notification.Infrastructure.IntegrationTests.dll

Build succeeded.

C:\WorkSpace\AquaAPI\src\BuildingBlocks\BuildingBlocks.Application\BuildingBlocks.Application.csproj : warning NU1504: Duplicate 'PackageReference' items found. Remove the duplicate items or use the Update functionality to ensure a consistent restore behavior. The duplicate 'PackageReference' items are: MediatR , MediatR ; FluentValidation.DependencyInjectionExtensions , FluentValidation.DependencyInjectionExtensions .
C:\WorkSpace\AquaAPI\src\Services\NotificationService\Notification.Application\Notification.Application.csproj : warning NU1506: Duplicate 'PackageVersion' items found. Remove the duplicate items or use the Update functionality to ensure a consistent restore behavior. The duplicate 'PackageVersion' items are: Microsoft.Extensions.Configuration.Abstractions 10.0.10, Microsoft.Extensions.Configuration.Abstractions 10.0.0.
C:\WorkSpace\AquaAPI\src\BuildingBlocks\BuildingBlocks.Infrastructure\BuildingBlocks.Infrastructure.csproj : warning NU1506: Duplicate 'PackageVersion' items found. Remove the duplicate items or use the Update functionality to ensure a consistent restore behavior. The duplicate 'PackageVersion' items are: Microsoft.Extensions.Configuration.Abstractions 10.0.10, Microsoft.Extensions.Configuration.Abstractions 10.0.0.
C:\WorkSpace\AquaAPI\src\Services\NotificationService\Notification.Infrastructure\Notification.Infrastructure.csproj : warning NU1506: Duplicate 'PackageVersion' items found. Remove the duplicate items or use the Update functionality to ensure a consistent restore behavior. The duplicate 'PackageVersion' items are: Microsoft.Extensions.Configuration.Abstractions 10.0.10, Microsoft.Extensions.Configuration.Abstractions 10.0.0.
C:\WorkSpace\AquaAPI\src\Services\NotificationService\NotificationService\Notification.API.csproj : warning NU1506: Duplicate 'PackageVersion' items found. Remove the duplicate items or use the Update functionality to ensure a consistent restore behavior. The duplicate 'PackageVersion' items are: Microsoft.Extensions.Configuration.Abstractions 10.0.10, Microsoft.Extensions.Configuration.Abstractions 10.0.0.
C:\WorkSpace\AquaAPI\src\Services\NotificationService\Notification.TestShared\Notification.TestShared.csproj : warning NU1506: Duplicate 'PackageVersion' items found. Remove the duplicate items or use the Update functionality to ensure a consistent restore behavior. The duplicate 'PackageVersion' items are: Microsoft.Extensions.Configuration.Abstractions 10.0.10, Microsoft.Extensions.Configuration.Abstractions 10.0.0.
C:\WorkSpace\AquaAPI\src\BuildingBlocks\BuildingBlocks.GrpcContracts\BuildingBlocks.GrpcContracts.csproj : warning NU1506: Duplicate 'PackageVersion' items found. Remove the duplicate items or use the Update functionality to ensure a consistent restore behavior. The duplicate 'PackageVersion' items are: Microsoft.Extensions.Configuration.Abstractions 10.0.10, Microsoft.Extensions.Configuration.Abstractions 10.0.0.
C:\WorkSpace\AquaAPI\src\BuildingBlocks\BuildingBlocks.IntegrationEvents\BuildingBlocks.IntegrationEvents.csproj : warning NU1506: Duplicate 'PackageVersion' items found. Remove the duplicate items or use the Update functionality to ensure a consistent restore behavior. The duplicate 'PackageVersion' items are: Microsoft.Extensions.Configuration.Abstractions 10.0.10, Microsoft.Extensions.Configuration.Abstractions 10.0.0.
C:\WorkSpace\AquaAPI\src\BuildingBlocks\BuildingBlocks.Application\BuildingBlocks.Application.csproj : warning NU1506: Duplicate 'PackageVersion' items found. Remove the duplicate items or use the Update functionality to ensure a consistent restore behavior. The duplicate 'PackageVersion' items are: Microsoft.Extensions.Configuration.Abstractions 10.0.10, Microsoft.Extensions.Configuration.Abstractions 10.0.0.
C:\WorkSpace\AquaAPI\src\BuildingBlocks\BuildingBlocks.Presentation\BuildingBlocks.Presentation.csproj : warning NU1506: Duplicate 'PackageVersion' items found. Remove the duplicate items or use the Update functionality to ensure a consistent restore behavior. The duplicate 'PackageVersion' items are: Microsoft.Extensions.Configuration.Abstractions 10.0.10, Microsoft.Extensions.Configuration.Abstractions 10.0.0.
C:\WorkSpace\AquaAPI\src\Services\NotificationService\Notification.Domain\Notification.Domain.csproj : warning NU1506: Duplicate 'PackageVersion' items found. Remove the duplicate items or use the Update functionality to ensure a consistent restore behavior. The duplicate 'PackageVersion' items are: Microsoft.Extensions.Configuration.Abstractions 10.0.10, Microsoft.Extensions.Configuration.Abstractions 10.0.0.
C:\WorkSpace\AquaAPI\src\BuildingBlocks\BuildingBlocks.Domain\BuildingBlocks.Domain.csproj : warning NU1506: Duplicate 'PackageVersion' items found. Remove the duplicate items or use the Update functionality to ensure a consistent restore behavior. The duplicate 'PackageVersion' items are: Microsoft.Extensions.Configuration.Abstractions 10.0.10, Microsoft.Extensions.Configuration.Abstractions 10.0.0.
C:\WorkSpace\AquaAPI\src\Services\NotificationService\Notification.Infrastructure.IntegrationTests\Notification.Infrastructure.IntegrationTests.csproj : warning NU1506: Duplicate 'PackageVersion' items found. Remove the duplicate items or use the Update functionality to ensure a consistent restore behavior. The duplicate 'PackageVersion' items are: Microsoft.Extensions.Configuration.Abstractions 10.0.10, Microsoft.Extensions.Configuration.Abstractions 10.0.0.
C:\WorkSpace\AquaAPI\src\BuildingBlocks\BuildingBlocks.Application\BuildingBlocks.Application.csproj : warning NU1504: Duplicate 'PackageReference' items found. Remove the duplicate items or use the Update functionality to ensure a consistent restore behavior. The duplicate 'PackageReference' items are: MediatR , MediatR ; FluentValidation.DependencyInjectionExtensions , FluentValidation.DependencyInjectionExtensions .
    14 Warning(s)
    0 Error(s)

Time Elapsed 00:00:02.46
  Determining projects to restore...
C:\WorkSpace\AquaAPI\src\BuildingBlocks\BuildingBlocks.Application\BuildingBlocks.Application.csproj : warning NU1504: Duplicate 'PackageReference' items found. Remove the duplicate items or use the Update functionality to ensure a consistent restore behavior. The duplicate 'PackageReference' items are: MediatR , MediatR ; FluentValidation.DependencyInjectionExtensions , FluentValidation.DependencyInjectionExtensions .
C:\WorkSpace\AquaAPI\src\Services\TelemetryService\Telemetry.API.E2ETests\Telemetry.API.E2ETests.csproj : warning NU1504: Duplicate 'PackageReference' items found. Remove the duplicate items or use the Update functionality to ensure a consistent restore behavior. The duplicate 'PackageReference' items are: Microsoft.NET.Test.Sdk , Microsoft.NET.Test.Sdk ; xunit , xunit ; xunit.runner.visualstudio , xunit.runner.visualstudio ; coverlet.collector , coverlet.collector ; FluentAssertions , FluentAssertions ; Microsoft.AspNetCore.Mvc.Testing , Microsoft.AspNetCore.Mvc.Testing .
C:\WorkSpace\AquaAPI\src\Services\TelemetryService\Telemetry.Infrastructure\Telemetry.Infrastructure.csproj : warning NU1506: Duplicate 'PackageVersion' items found. Remove the duplicate items or use the Update functionality to ensure a consistent restore behavior. The duplicate 'PackageVersion' items are: Microsoft.Extensions.Configuration.Abstractions 10.0.10, Microsoft.Extensions.Configuration.Abstractions 10.0.0.
C:\WorkSpace\AquaAPI\src\Services\TelemetryService\Telemetry.TestShared\Telemetry.TestShared.csproj : warning NU1506: Duplicate 'PackageVersion' items found. Remove the duplicate items or use the Update functionality to ensure a consistent restore behavior. The duplicate 'PackageVersion' items are: Microsoft.Extensions.Configuration.Abstractions 10.0.10, Microsoft.Extensions.Configuration.Abstractions 10.0.0.
C:\WorkSpace\AquaAPI\src\Services\TelemetryService\TelemetryService\Telemetry.API.csproj : warning NU1506: Duplicate 'PackageVersion' items found. Remove the duplicate items or use the Update functionality to ensure a consistent restore behavior. The duplicate 'PackageVersion' items are: Microsoft.Extensions.Configuration.Abstractions 10.0.10, Microsoft.Extensions.Configuration.Abstractions 10.0.0.
C:\WorkSpace\AquaAPI\src\Services\TelemetryService\Telemetry.Infrastructure.IntegrationTests\Telemetry.Infrastructure.IntegrationTests.csproj : warning NU1506: Duplicate 'PackageVersion' items found. Remove the duplicate items or use the Update functionality to ensure a consistent restore behavior. The duplicate 'PackageVersion' items are: Microsoft.Extensions.Configuration.Abstractions 10.0.10, Microsoft.Extensions.Configuration.Abstractions 10.0.0.
C:\WorkSpace\AquaAPI\src\BuildingBlocks\BuildingBlocks.Infrastructure\BuildingBlocks.Infrastructure.csproj : warning NU1506: Duplicate 'PackageVersion' items found. Remove the duplicate items or use the Update functionality to ensure a consistent restore behavior. The duplicate 'PackageVersion' items are: Microsoft.Extensions.Configuration.Abstractions 10.0.10, Microsoft.Extensions.Configuration.Abstractions 10.0.0.
C:\WorkSpace\AquaAPI\src\Services\TelemetryService\Telemetry.Application\Telemetry.Application.csproj : warning NU1506: Duplicate 'PackageVersion' items found. Remove the duplicate items or use the Update functionality to ensure a consistent restore behavior. The duplicate 'PackageVersion' items are: Microsoft.Extensions.Configuration.Abstractions 10.0.10, Microsoft.Extensions.Configuration.Abstractions 10.0.0.
C:\WorkSpace\AquaAPI\src\BuildingBlocks\BuildingBlocks.GrpcContracts\BuildingBlocks.GrpcContracts.csproj : warning NU1506: Duplicate 'PackageVersion' items found. Remove the duplicate items or use the Update functionality to ensure a consistent restore behavior. The duplicate 'PackageVersion' items are: Microsoft.Extensions.Configuration.Abstractions 10.0.10, Microsoft.Extensions.Configuration.Abstractions 10.0.0.
C:\WorkSpace\AquaAPI\src\BuildingBlocks\BuildingBlocks.IntegrationEvents\BuildingBlocks.IntegrationEvents.csproj : warning NU1506: Duplicate 'PackageVersion' items found. Remove the duplicate items or use the Update functionality to ensure a consistent restore behavior. The duplicate 'PackageVersion' items are: Microsoft.Extensions.Configuration.Abstractions 10.0.10, Microsoft.Extensions.Configuration.Abstractions 10.0.0.
C:\WorkSpace\AquaAPI\src\BuildingBlocks\BuildingBlocks.Application\BuildingBlocks.Application.csproj : warning NU1506: Duplicate 'PackageVersion' items found. Remove the duplicate items or use the Update functionality to ensure a consistent restore behavior. The duplicate 'PackageVersion' items are: Microsoft.Extensions.Configuration.Abstractions 10.0.10, Microsoft.Extensions.Configuration.Abstractions 10.0.0.
C:\WorkSpace\AquaAPI\src\Services\TelemetryService\Telemetry.Domain\Telemetry.Domain.csproj : warning NU1506: Duplicate 'PackageVersion' items found. Remove the duplicate items or use the Update functionality to ensure a consistent restore behavior. The duplicate 'PackageVersion' items are: Microsoft.Extensions.Configuration.Abstractions 10.0.10, Microsoft.Extensions.Configuration.Abstractions 10.0.0.
C:\WorkSpace\AquaAPI\src\BuildingBlocks\BuildingBlocks.Presentation\BuildingBlocks.Presentation.csproj : warning NU1506: Duplicate 'PackageVersion' items found. Remove the duplicate items or use the Update functionality to ensure a consistent restore behavior. The duplicate 'PackageVersion' items are: Microsoft.Extensions.Configuration.Abstractions 10.0.10, Microsoft.Extensions.Configuration.Abstractions 10.0.0.
C:\WorkSpace\AquaAPI\src\BuildingBlocks\BuildingBlocks.Domain\BuildingBlocks.Domain.csproj : warning NU1506: Duplicate 'PackageVersion' items found. Remove the duplicate items or use the Update functionality to ensure a consistent restore behavior. The duplicate 'PackageVersion' items are: Microsoft.Extensions.Configuration.Abstractions 10.0.10, Microsoft.Extensions.Configuration.Abstractions 10.0.0.
C:\WorkSpace\AquaAPI\src\Services\TelemetryService\Telemetry.API.E2ETests\Telemetry.API.E2ETests.csproj : warning NU1506: Duplicate 'PackageVersion' items found. Remove the duplicate items or use the Update functionality to ensure a consistent restore behavior. The duplicate 'PackageVersion' items are: Microsoft.Extensions.Configuration.Abstractions 10.0.10, Microsoft.Extensions.Configuration.Abstractions 10.0.0.
  All projects are up-to-date for restore.
C:\WorkSpace\AquaAPI\src\Services\TelemetryService\Telemetry.API.E2ETests\Telemetry.API.E2ETests.csproj : warning NU1504: Duplicate 'PackageReference' items found. Remove the duplicate items or use the Update functionality to ensure a consistent restore behavior. The duplicate 'PackageReference' items are: Microsoft.NET.Test.Sdk , Microsoft.NET.Test.Sdk ; xunit , xunit ; xunit.runner.visualstudio , xunit.runner.visualstudio ; coverlet.collector , coverlet.collector ; FluentAssertions , FluentAssertions ; Microsoft.AspNetCore.Mvc.Testing , Microsoft.AspNetCore.Mvc.Testing .
C:\WorkSpace\AquaAPI\src\BuildingBlocks\BuildingBlocks.Application\BuildingBlocks.Application.csproj : warning NU1504: Duplicate 'PackageReference' items found. Remove the duplicate items or use the Update functionality to ensure a consistent restore behavior. The duplicate 'PackageReference' items are: MediatR , MediatR ; FluentValidation.DependencyInjectionExtensions , FluentValidation.DependencyInjectionExtensions .
  BuildingBlocks.Domain -> C:\WorkSpace\AquaAPI\src\BuildingBlocks\BuildingBlocks.Domain\bin\Debug\net8.0\BuildingBlocks.Domain.dll
  BuildingBlocks.GrpcContracts -> C:\WorkSpace\AquaAPI\src\BuildingBlocks\BuildingBlocks.GrpcContracts\bin\Debug\net8.0\BuildingBlocks.GrpcContracts.dll
  Telemetry.Domain -> C:\WorkSpace\AquaAPI\src\Services\TelemetryService\Telemetry.Domain\bin\Debug\net8.0\Telemetry.Domain.dll
  BuildingBlocks.IntegrationEvents -> C:\WorkSpace\AquaAPI\src\BuildingBlocks\BuildingBlocks.IntegrationEvents\bin\Debug\net8.0\BuildingBlocks.IntegrationEvents.dll
  BuildingBlocks.Application -> C:\WorkSpace\AquaAPI\src\BuildingBlocks\BuildingBlocks.Application\bin\Debug\net8.0\BuildingBlocks.Application.dll
  BuildingBlocks.Presentation -> C:\WorkSpace\AquaAPI\src\BuildingBlocks\BuildingBlocks.Presentation\bin\Debug\net8.0\BuildingBlocks.Presentation.dll
  Telemetry.Application -> C:\WorkSpace\AquaAPI\src\Services\TelemetryService\Telemetry.Application\bin\Debug\net8.0\Telemetry.Application.dll
  BuildingBlocks.Infrastructure -> C:\WorkSpace\AquaAPI\src\BuildingBlocks\BuildingBlocks.Infrastructure\bin\Debug\net8.0\BuildingBlocks.Infrastructure.dll
  Telemetry.TestShared -> C:\WorkSpace\AquaAPI\src\Services\TelemetryService\Telemetry.TestShared\bin\Debug\net8.0\Telemetry.TestShared.dll
  Telemetry.Infrastructure -> C:\WorkSpace\AquaAPI\src\Services\TelemetryService\Telemetry.Infrastructure\bin\Debug\net8.0\Telemetry.Infrastructure.dll
  Telemetry.API -> C:\WorkSpace\AquaAPI\src\Services\TelemetryService\TelemetryService\bin\Debug\net8.0\Telemetry.API.dll
  Telemetry.Infrastructure.IntegrationTests -> C:\WorkSpace\AquaAPI\src\Services\TelemetryService\Telemetry.Infrastructure.IntegrationTests\bin\Debug\net8.0\Telemetry.Infrastructure.IntegrationTests.dll
  Telemetry.API.E2ETests -> C:\WorkSpace\AquaAPI\src\Services\TelemetryService\Telemetry.API.E2ETests\bin\Debug\net8.0\Telemetry.API.E2ETests.dll

Build succeeded.

C:\WorkSpace\AquaAPI\src\BuildingBlocks\BuildingBlocks.Application\BuildingBlocks.Application.csproj : warning NU1504: Duplicate 'PackageReference' items found. Remove the duplicate items or use the Update functionality to ensure a consistent restore behavior. The duplicate 'PackageReference' items are: MediatR , MediatR ; FluentValidation.DependencyInjectionExtensions , FluentValidation.DependencyInjectionExtensions .
C:\WorkSpace\AquaAPI\src\Services\TelemetryService\Telemetry.API.E2ETests\Telemetry.API.E2ETests.csproj : warning NU1504: Duplicate 'PackageReference' items found. Remove the duplicate items or use the Update functionality to ensure a consistent restore behavior. The duplicate 'PackageReference' items are: Microsoft.NET.Test.Sdk , Microsoft.NET.Test.Sdk ; xunit , xunit ; xunit.runner.visualstudio , xunit.runner.visualstudio ; coverlet.collector , coverlet.collector ; FluentAssertions , FluentAssertions ; Microsoft.AspNetCore.Mvc.Testing , Microsoft.AspNetCore.Mvc.Testing .
C:\WorkSpace\AquaAPI\src\Services\TelemetryService\Telemetry.Infrastructure\Telemetry.Infrastructure.csproj : warning NU1506: Duplicate 'PackageVersion' items found. Remove the duplicate items or use the Update functionality to ensure a consistent restore behavior. The duplicate 'PackageVersion' items are: Microsoft.Extensions.Configuration.Abstractions 10.0.10, Microsoft.Extensions.Configuration.Abstractions 10.0.0.
C:\WorkSpace\AquaAPI\src\Services\TelemetryService\Telemetry.TestShared\Telemetry.TestShared.csproj : warning NU1506: Duplicate 'PackageVersion' items found. Remove the duplicate items or use the Update functionality to ensure a consistent restore behavior. The duplicate 'PackageVersion' items are: Microsoft.Extensions.Configuration.Abstractions 10.0.10, Microsoft.Extensions.Configuration.Abstractions 10.0.0.
C:\WorkSpace\AquaAPI\src\Services\TelemetryService\TelemetryService\Telemetry.API.csproj : warning NU1506: Duplicate 'PackageVersion' items found. Remove the duplicate items or use the Update functionality to ensure a consistent restore behavior. The duplicate 'PackageVersion' items are: Microsoft.Extensions.Configuration.Abstractions 10.0.10, Microsoft.Extensions.Configuration.Abstractions 10.0.0.
C:\WorkSpace\AquaAPI\src\Services\TelemetryService\Telemetry.Infrastructure.IntegrationTests\Telemetry.Infrastructure.IntegrationTests.csproj : warning NU1506: Duplicate 'PackageVersion' items found. Remove the duplicate items or use the Update functionality to ensure a consistent restore behavior. The duplicate 'PackageVersion' items are: Microsoft.Extensions.Configuration.Abstractions 10.0.10, Microsoft.Extensions.Configuration.Abstractions 10.0.0.
C:\WorkSpace\AquaAPI\src\BuildingBlocks\BuildingBlocks.Infrastructure\BuildingBlocks.Infrastructure.csproj : warning NU1506: Duplicate 'PackageVersion' items found. Remove the duplicate items or use the Update functionality to ensure a consistent restore behavior. The duplicate 'PackageVersion' items are: Microsoft.Extensions.Configuration.Abstractions 10.0.10, Microsoft.Extensions.Configuration.Abstractions 10.0.0.
C:\WorkSpace\AquaAPI\src\Services\TelemetryService\Telemetry.Application\Telemetry.Application.csproj : warning NU1506: Duplicate 'PackageVersion' items found. Remove the duplicate items or use the Update functionality to ensure a consistent restore behavior. The duplicate 'PackageVersion' items are: Microsoft.Extensions.Configuration.Abstractions 10.0.10, Microsoft.Extensions.Configuration.Abstractions 10.0.0.
C:\WorkSpace\AquaAPI\src\BuildingBlocks\BuildingBlocks.GrpcContracts\BuildingBlocks.GrpcContracts.csproj : warning NU1506: Duplicate 'PackageVersion' items found. Remove the duplicate items or use the Update functionality to ensure a consistent restore behavior. The duplicate 'PackageVersion' items are: Microsoft.Extensions.Configuration.Abstractions 10.0.10, Microsoft.Extensions.Configuration.Abstractions 10.0.0.
C:\WorkSpace\AquaAPI\src\BuildingBlocks\BuildingBlocks.IntegrationEvents\BuildingBlocks.IntegrationEvents.csproj : warning NU1506: Duplicate 'PackageVersion' items found. Remove the duplicate items or use the Update functionality to ensure a consistent restore behavior. The duplicate 'PackageVersion' items are: Microsoft.Extensions.Configuration.Abstractions 10.0.10, Microsoft.Extensions.Configuration.Abstractions 10.0.0.
C:\WorkSpace\AquaAPI\src\BuildingBlocks\BuildingBlocks.Application\BuildingBlocks.Application.csproj : warning NU1506: Duplicate 'PackageVersion' items found. Remove the duplicate items or use the Update functionality to ensure a consistent restore behavior. The duplicate 'PackageVersion' items are: Microsoft.Extensions.Configuration.Abstractions 10.0.10, Microsoft.Extensions.Configuration.Abstractions 10.0.0.
C:\WorkSpace\AquaAPI\src\Services\TelemetryService\Telemetry.Domain\Telemetry.Domain.csproj : warning NU1506: Duplicate 'PackageVersion' items found. Remove the duplicate items or use the Update functionality to ensure a consistent restore behavior. The duplicate 'PackageVersion' items are: Microsoft.Extensions.Configuration.Abstractions 10.0.10, Microsoft.Extensions.Configuration.Abstractions 10.0.0.
C:\WorkSpace\AquaAPI\src\BuildingBlocks\BuildingBlocks.Presentation\BuildingBlocks.Presentation.csproj : warning NU1506: Duplicate 'PackageVersion' items found. Remove the duplicate items or use the Update functionality to ensure a consistent restore behavior. The duplicate 'PackageVersion' items are: Microsoft.Extensions.Configuration.Abstractions 10.0.10, Microsoft.Extensions.Configuration.Abstractions 10.0.0.
C:\WorkSpace\AquaAPI\src\BuildingBlocks\BuildingBlocks.Domain\BuildingBlocks.Domain.csproj : warning NU1506: Duplicate 'PackageVersion' items found. Remove the duplicate items or use the Update functionality to ensure a consistent restore behavior. The duplicate 'PackageVersion' items are: Microsoft.Extensions.Configuration.Abstractions 10.0.10, Microsoft.Extensions.Configuration.Abstractions 10.0.0.
C:\WorkSpace\AquaAPI\src\Services\TelemetryService\Telemetry.API.E2ETests\Telemetry.API.E2ETests.csproj : warning NU1506: Duplicate 'PackageVersion' items found. Remove the duplicate items or use the Update functionality to ensure a consistent restore behavior. The duplicate 'PackageVersion' items are: Microsoft.Extensions.Configuration.Abstractions 10.0.10, Microsoft.Extensions.Configuration.Abstractions 10.0.0.
C:\WorkSpace\AquaAPI\src\Services\TelemetryService\Telemetry.API.E2ETests\Telemetry.API.E2ETests.csproj : warning NU1504: Duplicate 'PackageReference' items found. Remove the duplicate items or use the Update functionality to ensure a consistent restore behavior. The duplicate 'PackageReference' items are: Microsoft.NET.Test.Sdk , Microsoft.NET.Test.Sdk ; xunit , xunit ; xunit.runner.visualstudio , xunit.runner.visualstudio ; coverlet.collector , coverlet.collector ; FluentAssertions , FluentAssertions ; Microsoft.AspNetCore.Mvc.Testing , Microsoft.AspNetCore.Mvc.Testing .
C:\WorkSpace\AquaAPI\src\BuildingBlocks\BuildingBlocks.Application\BuildingBlocks.Application.csproj : warning NU1504: Duplicate 'PackageReference' items found. Remove the duplicate items or use the Update functionality to ensure a consistent restore behavior. The duplicate 'PackageReference' items are: MediatR , MediatR ; FluentValidation.DependencyInjectionExtensions , FluentValidation.DependencyInjectionExtensions .
    17 Warning(s)
    0 Error(s)

Time Elapsed 00:00:02.42
  Determining projects to restore...
C:\WorkSpace\AquaAPI\src\BuildingBlocks\BuildingBlocks.Application\BuildingBlocks.Application.csproj : warning NU1504: Duplicate 'PackageReference' items found. Remove the duplicate items or use the Update functionality to ensure a consistent restore behavior. The duplicate 'PackageReference' items are: MediatR , MediatR ; FluentValidation.DependencyInjectionExtensions , FluentValidation.DependencyInjectionExtensions .
C:\WorkSpace\AquaAPI\src\Services\TelemetryService\Telemetry.Domain\Telemetry.Domain.csproj : warning NU1506: Duplicate 'PackageVersion' items found. Remove the duplicate items or use the Update functionality to ensure a consistent restore behavior. The duplicate 'PackageVersion' items are: Microsoft.Extensions.Configuration.Abstractions 10.0.10, Microsoft.Extensions.Configuration.Abstractions 10.0.0.
C:\WorkSpace\AquaAPI\src\Services\TelemetryService\Telemetry.Application\Telemetry.Application.csproj : warning NU1506: Duplicate 'PackageVersion' items found. Remove the duplicate items or use the Update functionality to ensure a consistent restore behavior. The duplicate 'PackageVersion' items are: Microsoft.Extensions.Configuration.Abstractions 10.0.10, Microsoft.Extensions.Configuration.Abstractions 10.0.0.
C:\WorkSpace\AquaAPI\src\Services\TelemetryService\Telemetry.TestShared\Telemetry.TestShared.csproj : warning NU1506: Duplicate 'PackageVersion' items found. Remove the duplicate items or use the Update functionality to ensure a consistent restore behavior. The duplicate 'PackageVersion' items are: Microsoft.Extensions.Configuration.Abstractions 10.0.10, Microsoft.Extensions.Configuration.Abstractions 10.0.0.
C:\WorkSpace\AquaAPI\src\BuildingBlocks\BuildingBlocks.IntegrationEvents\BuildingBlocks.IntegrationEvents.csproj : warning NU1506: Duplicate 'PackageVersion' items found. Remove the duplicate items or use the Update functionality to ensure a consistent restore behavior. The duplicate 'PackageVersion' items are: Microsoft.Extensions.Configuration.Abstractions 10.0.10, Microsoft.Extensions.Configuration.Abstractions 10.0.0.
C:\WorkSpace\AquaAPI\src\Services\TelemetryService\Telemetry.Infrastructure\Telemetry.Infrastructure.csproj : warning NU1506: Duplicate 'PackageVersion' items found. Remove the duplicate items or use the Update functionality to ensure a consistent restore behavior. The duplicate 'PackageVersion' items are: Microsoft.Extensions.Configuration.Abstractions 10.0.10, Microsoft.Extensions.Configuration.Abstractions 10.0.0.
C:\WorkSpace\AquaAPI\src\BuildingBlocks\BuildingBlocks.Presentation\BuildingBlocks.Presentation.csproj : warning NU1506: Duplicate 'PackageVersion' items found. Remove the duplicate items or use the Update functionality to ensure a consistent restore behavior. The duplicate 'PackageVersion' items are: Microsoft.Extensions.Configuration.Abstractions 10.0.10, Microsoft.Extensions.Configuration.Abstractions 10.0.0.
C:\WorkSpace\AquaAPI\src\BuildingBlocks\BuildingBlocks.GrpcContracts\BuildingBlocks.GrpcContracts.csproj : warning NU1506: Duplicate 'PackageVersion' items found. Remove the duplicate items or use the Update functionality to ensure a consistent restore behavior. The duplicate 'PackageVersion' items are: Microsoft.Extensions.Configuration.Abstractions 10.0.10, Microsoft.Extensions.Configuration.Abstractions 10.0.0.
C:\WorkSpace\AquaAPI\src\BuildingBlocks\BuildingBlocks.Infrastructure\BuildingBlocks.Infrastructure.csproj : warning NU1506: Duplicate 'PackageVersion' items found. Remove the duplicate items or use the Update functionality to ensure a consistent restore behavior. The duplicate 'PackageVersion' items are: Microsoft.Extensions.Configuration.Abstractions 10.0.10, Microsoft.Extensions.Configuration.Abstractions 10.0.0.
C:\WorkSpace\AquaAPI\src\BuildingBlocks\BuildingBlocks.Application\BuildingBlocks.Application.csproj : warning NU1506: Duplicate 'PackageVersion' items found. Remove the duplicate items or use the Update functionality to ensure a consistent restore behavior. The duplicate 'PackageVersion' items are: Microsoft.Extensions.Configuration.Abstractions 10.0.10, Microsoft.Extensions.Configuration.Abstractions 10.0.0.
C:\WorkSpace\AquaAPI\src\BuildingBlocks\BuildingBlocks.Domain\BuildingBlocks.Domain.csproj : warning NU1506: Duplicate 'PackageVersion' items found. Remove the duplicate items or use the Update functionality to ensure a consistent restore behavior. The duplicate 'PackageVersion' items are: Microsoft.Extensions.Configuration.Abstractions 10.0.10, Microsoft.Extensions.Configuration.Abstractions 10.0.0.
C:\WorkSpace\AquaAPI\src\Services\TelemetryService\Telemetry.Application.UnitTests\Telemetry.Application.UnitTests.csproj : warning NU1506: Duplicate 'PackageVersion' items found. Remove the duplicate items or use the Update functionality to ensure a consistent restore behavior. The duplicate 'PackageVersion' items are: Microsoft.Extensions.Configuration.Abstractions 10.0.10, Microsoft.Extensions.Configuration.Abstractions 10.0.0.
  All projects are up-to-date for restore.
C:\WorkSpace\AquaAPI\src\BuildingBlocks\BuildingBlocks.Application\BuildingBlocks.Application.csproj : warning NU1504: Duplicate 'PackageReference' items found. Remove the duplicate items or use the Update functionality to ensure a consistent restore behavior. The duplicate 'PackageReference' items are: MediatR , MediatR ; FluentValidation.DependencyInjectionExtensions , FluentValidation.DependencyInjectionExtensions .
  BuildingBlocks.GrpcContracts -> C:\WorkSpace\AquaAPI\src\BuildingBlocks\BuildingBlocks.GrpcContracts\bin\Debug\net8.0\BuildingBlocks.GrpcContracts.dll
  BuildingBlocks.Domain -> C:\WorkSpace\AquaAPI\src\BuildingBlocks\BuildingBlocks.Domain\bin\Debug\net8.0\BuildingBlocks.Domain.dll
  Telemetry.Domain -> C:\WorkSpace\AquaAPI\src\Services\TelemetryService\Telemetry.Domain\bin\Debug\net8.0\Telemetry.Domain.dll
  BuildingBlocks.Application -> C:\WorkSpace\AquaAPI\src\BuildingBlocks\BuildingBlocks.Application\bin\Debug\net8.0\BuildingBlocks.Application.dll
  BuildingBlocks.IntegrationEvents -> C:\WorkSpace\AquaAPI\src\BuildingBlocks\BuildingBlocks.IntegrationEvents\bin\Debug\net8.0\BuildingBlocks.IntegrationEvents.dll
  BuildingBlocks.Presentation -> C:\WorkSpace\AquaAPI\src\BuildingBlocks\BuildingBlocks.Presentation\bin\Debug\net8.0\BuildingBlocks.Presentation.dll
  Telemetry.TestShared -> C:\WorkSpace\AquaAPI\src\Services\TelemetryService\Telemetry.TestShared\bin\Debug\net8.0\Telemetry.TestShared.dll
  Telemetry.Application -> C:\WorkSpace\AquaAPI\src\Services\TelemetryService\Telemetry.Application\bin\Debug\net8.0\Telemetry.Application.dll
  BuildingBlocks.Infrastructure -> C:\WorkSpace\AquaAPI\src\BuildingBlocks\BuildingBlocks.Infrastructure\bin\Debug\net8.0\BuildingBlocks.Infrastructure.dll
  Telemetry.Infrastructure -> C:\WorkSpace\AquaAPI\src\Services\TelemetryService\Telemetry.Infrastructure\bin\Debug\net8.0\Telemetry.Infrastructure.dll
  Telemetry.Application.UnitTests -> C:\WorkSpace\AquaAPI\src\Services\TelemetryService\Telemetry.Application.UnitTests\bin\Debug\net8.0\Telemetry.Application.UnitTests.dll

Build succeeded.

C:\WorkSpace\AquaAPI\src\BuildingBlocks\BuildingBlocks.Application\BuildingBlocks.Application.csproj : warning NU1504: Duplicate 'PackageReference' items found. Remove the duplicate items or use the Update functionality to ensure a consistent restore behavior. The duplicate 'PackageReference' items are: MediatR , MediatR ; FluentValidation.DependencyInjectionExtensions , FluentValidation.DependencyInjectionExtensions .
C:\WorkSpace\AquaAPI\src\Services\TelemetryService\Telemetry.Domain\Telemetry.Domain.csproj : warning NU1506: Duplicate 'PackageVersion' items found. Remove the duplicate items or use the Update functionality to ensure a consistent restore behavior. The duplicate 'PackageVersion' items are: Microsoft.Extensions.Configuration.Abstractions 10.0.10, Microsoft.Extensions.Configuration.Abstractions 10.0.0.
C:\WorkSpace\AquaAPI\src\Services\TelemetryService\Telemetry.Application\Telemetry.Application.csproj : warning NU1506: Duplicate 'PackageVersion' items found. Remove the duplicate items or use the Update functionality to ensure a consistent restore behavior. The duplicate 'PackageVersion' items are: Microsoft.Extensions.Configuration.Abstractions 10.0.10, Microsoft.Extensions.Configuration.Abstractions 10.0.0.
C:\WorkSpace\AquaAPI\src\Services\TelemetryService\Telemetry.TestShared\Telemetry.TestShared.csproj : warning NU1506: Duplicate 'PackageVersion' items found. Remove the duplicate items or use the Update functionality to ensure a consistent restore behavior. The duplicate 'PackageVersion' items are: Microsoft.Extensions.Configuration.Abstractions 10.0.10, Microsoft.Extensions.Configuration.Abstractions 10.0.0.
C:\WorkSpace\AquaAPI\src\BuildingBlocks\BuildingBlocks.IntegrationEvents\BuildingBlocks.IntegrationEvents.csproj : warning NU1506: Duplicate 'PackageVersion' items found. Remove the duplicate items or use the Update functionality to ensure a consistent restore behavior. The duplicate 'PackageVersion' items are: Microsoft.Extensions.Configuration.Abstractions 10.0.10, Microsoft.Extensions.Configuration.Abstractions 10.0.0.
C:\WorkSpace\AquaAPI\src\Services\TelemetryService\Telemetry.Infrastructure\Telemetry.Infrastructure.csproj : warning NU1506: Duplicate 'PackageVersion' items found. Remove the duplicate items or use the Update functionality to ensure a consistent restore behavior. The duplicate 'PackageVersion' items are: Microsoft.Extensions.Configuration.Abstractions 10.0.10, Microsoft.Extensions.Configuration.Abstractions 10.0.0.
C:\WorkSpace\AquaAPI\src\BuildingBlocks\BuildingBlocks.Presentation\BuildingBlocks.Presentation.csproj : warning NU1506: Duplicate 'PackageVersion' items found. Remove the duplicate items or use the Update functionality to ensure a consistent restore behavior. The duplicate 'PackageVersion' items are: Microsoft.Extensions.Configuration.Abstractions 10.0.10, Microsoft.Extensions.Configuration.Abstractions 10.0.0.
C:\WorkSpace\AquaAPI\src\BuildingBlocks\BuildingBlocks.GrpcContracts\BuildingBlocks.GrpcContracts.csproj : warning NU1506: Duplicate 'PackageVersion' items found. Remove the duplicate items or use the Update functionality to ensure a consistent restore behavior. The duplicate 'PackageVersion' items are: Microsoft.Extensions.Configuration.Abstractions 10.0.10, Microsoft.Extensions.Configuration.Abstractions 10.0.0.
C:\WorkSpace\AquaAPI\src\BuildingBlocks\BuildingBlocks.Infrastructure\BuildingBlocks.Infrastructure.csproj : warning NU1506: Duplicate 'PackageVersion' items found. Remove the duplicate items or use the Update functionality to ensure a consistent restore behavior. The duplicate 'PackageVersion' items are: Microsoft.Extensions.Configuration.Abstractions 10.0.10, Microsoft.Extensions.Configuration.Abstractions 10.0.0.
C:\WorkSpace\AquaAPI\src\BuildingBlocks\BuildingBlocks.Application\BuildingBlocks.Application.csproj : warning NU1506: Duplicate 'PackageVersion' items found. Remove the duplicate items or use the Update functionality to ensure a consistent restore behavior. The duplicate 'PackageVersion' items are: Microsoft.Extensions.Configuration.Abstractions 10.0.10, Microsoft.Extensions.Configuration.Abstractions 10.0.0.
C:\WorkSpace\AquaAPI\src\BuildingBlocks\BuildingBlocks.Domain\BuildingBlocks.Domain.csproj : warning NU1506: Duplicate 'PackageVersion' items found. Remove the duplicate items or use the Update functionality to ensure a consistent restore behavior. The duplicate 'PackageVersion' items are: Microsoft.Extensions.Configuration.Abstractions 10.0.10, Microsoft.Extensions.Configuration.Abstractions 10.0.0.
C:\WorkSpace\AquaAPI\src\Services\TelemetryService\Telemetry.Application.UnitTests\Telemetry.Application.UnitTests.csproj : warning NU1506: Duplicate 'PackageVersion' items found. Remove the duplicate items or use the Update functionality to ensure a consistent restore behavior. The duplicate 'PackageVersion' items are: Microsoft.Extensions.Configuration.Abstractions 10.0.10, Microsoft.Extensions.Configuration.Abstractions 10.0.0.
C:\WorkSpace\AquaAPI\src\BuildingBlocks\BuildingBlocks.Application\BuildingBlocks.Application.csproj : warning NU1504: Duplicate 'PackageReference' items found. Remove the duplicate items or use the Update functionality to ensure a consistent restore behavior. The duplicate 'PackageReference' items are: MediatR , MediatR ; FluentValidation.DependencyInjectionExtensions , FluentValidation.DependencyInjectionExtensions .
    13 Warning(s)
    0 Error(s)

Time Elapsed 00:00:01.84
  Determining projects to restore...
C:\WorkSpace\AquaAPI\src\BuildingBlocks\BuildingBlocks.Application\BuildingBlocks.Application.csproj : warning NU1504: Duplicate 'PackageReference' items found. Remove the duplicate items or use the Update functionality to ensure a consistent restore behavior. The duplicate 'PackageReference' items are: MediatR , MediatR ; FluentValidation.DependencyInjectionExtensions , FluentValidation.DependencyInjectionExtensions .
C:\WorkSpace\AquaAPI\src\Services\TelemetryService\TelemetryService\Telemetry.API.csproj : warning NU1506: Duplicate 'PackageVersion' items found. Remove the duplicate items or use the Update functionality to ensure a consistent restore behavior. The duplicate 'PackageVersion' items are: Microsoft.Extensions.Configuration.Abstractions 10.0.10, Microsoft.Extensions.Configuration.Abstractions 10.0.0.
C:\WorkSpace\AquaAPI\src\Services\TelemetryService\Telemetry.Infrastructure\Telemetry.Infrastructure.csproj : warning NU1506: Duplicate 'PackageVersion' items found. Remove the duplicate items or use the Update functionality to ensure a consistent restore behavior. The duplicate 'PackageVersion' items are: Microsoft.Extensions.Configuration.Abstractions 10.0.10, Microsoft.Extensions.Configuration.Abstractions 10.0.0.
C:\WorkSpace\AquaAPI\src\BuildingBlocks\BuildingBlocks.IntegrationEvents\BuildingBlocks.IntegrationEvents.csproj : warning NU1506: Duplicate 'PackageVersion' items found. Remove the duplicate items or use the Update functionality to ensure a consistent restore behavior. The duplicate 'PackageVersion' items are: Microsoft.Extensions.Configuration.Abstractions 10.0.10, Microsoft.Extensions.Configuration.Abstractions 10.0.0.
C:\WorkSpace\AquaAPI\src\Services\TelemetryService\Telemetry.Domain\Telemetry.Domain.csproj : warning NU1506: Duplicate 'PackageVersion' items found. Remove the duplicate items or use the Update functionality to ensure a consistent restore behavior. The duplicate 'PackageVersion' items are: Microsoft.Extensions.Configuration.Abstractions 10.0.10, Microsoft.Extensions.Configuration.Abstractions 10.0.0.
C:\WorkSpace\AquaAPI\src\Services\TelemetryService\Telemetry.Application\Telemetry.Application.csproj : warning NU1506: Duplicate 'PackageVersion' items found. Remove the duplicate items or use the Update functionality to ensure a consistent restore behavior. The duplicate 'PackageVersion' items are: Microsoft.Extensions.Configuration.Abstractions 10.0.10, Microsoft.Extensions.Configuration.Abstractions 10.0.0.
C:\WorkSpace\AquaAPI\src\BuildingBlocks\BuildingBlocks.Presentation\BuildingBlocks.Presentation.csproj : warning NU1506: Duplicate 'PackageVersion' items found. Remove the duplicate items or use the Update functionality to ensure a consistent restore behavior. The duplicate 'PackageVersion' items are: Microsoft.Extensions.Configuration.Abstractions 10.0.10, Microsoft.Extensions.Configuration.Abstractions 10.0.0.
C:\WorkSpace\AquaAPI\src\BuildingBlocks\BuildingBlocks.GrpcContracts\BuildingBlocks.GrpcContracts.csproj : warning NU1506: Duplicate 'PackageVersion' items found. Remove the duplicate items or use the Update functionality to ensure a consistent restore behavior. The duplicate 'PackageVersion' items are: Microsoft.Extensions.Configuration.Abstractions 10.0.10, Microsoft.Extensions.Configuration.Abstractions 10.0.0.
C:\WorkSpace\AquaAPI\src\BuildingBlocks\BuildingBlocks.Infrastructure\BuildingBlocks.Infrastructure.csproj : warning NU1506: Duplicate 'PackageVersion' items found. Remove the duplicate items or use the Update functionality to ensure a consistent restore behavior. The duplicate 'PackageVersion' items are: Microsoft.Extensions.Configuration.Abstractions 10.0.10, Microsoft.Extensions.Configuration.Abstractions 10.0.0.
C:\WorkSpace\AquaAPI\src\BuildingBlocks\BuildingBlocks.Application\BuildingBlocks.Application.csproj : warning NU1506: Duplicate 'PackageVersion' items found. Remove the duplicate items or use the Update functionality to ensure a consistent restore behavior. The duplicate 'PackageVersion' items are: Microsoft.Extensions.Configuration.Abstractions 10.0.10, Microsoft.Extensions.Configuration.Abstractions 10.0.0.
C:\WorkSpace\AquaAPI\src\BuildingBlocks\BuildingBlocks.Domain\BuildingBlocks.Domain.csproj : warning NU1506: Duplicate 'PackageVersion' items found. Remove the duplicate items or use the Update functionality to ensure a consistent restore behavior. The duplicate 'PackageVersion' items are: Microsoft.Extensions.Configuration.Abstractions 10.0.10, Microsoft.Extensions.Configuration.Abstractions 10.0.0.
C:\WorkSpace\AquaAPI\src\Services\TelemetryService\Telemetry.ArchitectureTests\Telemetry.ArchitectureTests.csproj : warning NU1506: Duplicate 'PackageVersion' items found. Remove the duplicate items or use the Update functionality to ensure a consistent restore behavior. The duplicate 'PackageVersion' items are: Microsoft.Extensions.Configuration.Abstractions 10.0.10, Microsoft.Extensions.Configuration.Abstractions 10.0.0.
  All projects are up-to-date for restore.
C:\WorkSpace\AquaAPI\src\BuildingBlocks\BuildingBlocks.Application\BuildingBlocks.Application.csproj : warning NU1504: Duplicate 'PackageReference' items found. Remove the duplicate items or use the Update functionality to ensure a consistent restore behavior. The duplicate 'PackageReference' items are: MediatR , MediatR ; FluentValidation.DependencyInjectionExtensions , FluentValidation.DependencyInjectionExtensions .
  BuildingBlocks.Domain -> C:\WorkSpace\AquaAPI\src\BuildingBlocks\BuildingBlocks.Domain\bin\Debug\net8.0\BuildingBlocks.Domain.dll
  BuildingBlocks.GrpcContracts -> C:\WorkSpace\AquaAPI\src\BuildingBlocks\BuildingBlocks.GrpcContracts\bin\Debug\net8.0\BuildingBlocks.GrpcContracts.dll
  Telemetry.Domain -> C:\WorkSpace\AquaAPI\src\Services\TelemetryService\Telemetry.Domain\bin\Debug\net8.0\Telemetry.Domain.dll
  BuildingBlocks.IntegrationEvents -> C:\WorkSpace\AquaAPI\src\BuildingBlocks\BuildingBlocks.IntegrationEvents\bin\Debug\net8.0\BuildingBlocks.IntegrationEvents.dll
  BuildingBlocks.Presentation -> C:\WorkSpace\AquaAPI\src\BuildingBlocks\BuildingBlocks.Presentation\bin\Debug\net8.0\BuildingBlocks.Presentation.dll
  BuildingBlocks.Infrastructure -> C:\WorkSpace\AquaAPI\src\BuildingBlocks\BuildingBlocks.Infrastructure\bin\Debug\net8.0\BuildingBlocks.Infrastructure.dll
  BuildingBlocks.Application -> C:\WorkSpace\AquaAPI\src\BuildingBlocks\BuildingBlocks.Application\bin\Debug\net8.0\BuildingBlocks.Application.dll
  Telemetry.Application -> C:\WorkSpace\AquaAPI\src\Services\TelemetryService\Telemetry.Application\bin\Debug\net8.0\Telemetry.Application.dll
  Telemetry.Infrastructure -> C:\WorkSpace\AquaAPI\src\Services\TelemetryService\Telemetry.Infrastructure\bin\Debug\net8.0\Telemetry.Infrastructure.dll
  Telemetry.API -> C:\WorkSpace\AquaAPI\src\Services\TelemetryService\TelemetryService\bin\Debug\net8.0\Telemetry.API.dll
  Telemetry.ArchitectureTests -> C:\WorkSpace\AquaAPI\src\Services\TelemetryService\Telemetry.ArchitectureTests\bin\Debug\net8.0\Telemetry.ArchitectureTests.dll

Build succeeded.

C:\WorkSpace\AquaAPI\src\BuildingBlocks\BuildingBlocks.Application\BuildingBlocks.Application.csproj : warning NU1504: Duplicate 'PackageReference' items found. Remove the duplicate items or use the Update functionality to ensure a consistent restore behavior. The duplicate 'PackageReference' items are: MediatR , MediatR ; FluentValidation.DependencyInjectionExtensions , FluentValidation.DependencyInjectionExtensions .
C:\WorkSpace\AquaAPI\src\Services\TelemetryService\TelemetryService\Telemetry.API.csproj : warning NU1506: Duplicate 'PackageVersion' items found. Remove the duplicate items or use the Update functionality to ensure a consistent restore behavior. The duplicate 'PackageVersion' items are: Microsoft.Extensions.Configuration.Abstractions 10.0.10, Microsoft.Extensions.Configuration.Abstractions 10.0.0.
C:\WorkSpace\AquaAPI\src\Services\TelemetryService\Telemetry.Infrastructure\Telemetry.Infrastructure.csproj : warning NU1506: Duplicate 'PackageVersion' items found. Remove the duplicate items or use the Update functionality to ensure a consistent restore behavior. The duplicate 'PackageVersion' items are: Microsoft.Extensions.Configuration.Abstractions 10.0.10, Microsoft.Extensions.Configuration.Abstractions 10.0.0.
C:\WorkSpace\AquaAPI\src\BuildingBlocks\BuildingBlocks.IntegrationEvents\BuildingBlocks.IntegrationEvents.csproj : warning NU1506: Duplicate 'PackageVersion' items found. Remove the duplicate items or use the Update functionality to ensure a consistent restore behavior. The duplicate 'PackageVersion' items are: Microsoft.Extensions.Configuration.Abstractions 10.0.10, Microsoft.Extensions.Configuration.Abstractions 10.0.0.
C:\WorkSpace\AquaAPI\src\Services\TelemetryService\Telemetry.Domain\Telemetry.Domain.csproj : warning NU1506: Duplicate 'PackageVersion' items found. Remove the duplicate items or use the Update functionality to ensure a consistent restore behavior. The duplicate 'PackageVersion' items are: Microsoft.Extensions.Configuration.Abstractions 10.0.10, Microsoft.Extensions.Configuration.Abstractions 10.0.0.
C:\WorkSpace\AquaAPI\src\Services\TelemetryService\Telemetry.Application\Telemetry.Application.csproj : warning NU1506: Duplicate 'PackageVersion' items found. Remove the duplicate items or use the Update functionality to ensure a consistent restore behavior. The duplicate 'PackageVersion' items are: Microsoft.Extensions.Configuration.Abstractions 10.0.10, Microsoft.Extensions.Configuration.Abstractions 10.0.0.
C:\WorkSpace\AquaAPI\src\BuildingBlocks\BuildingBlocks.Presentation\BuildingBlocks.Presentation.csproj : warning NU1506: Duplicate 'PackageVersion' items found. Remove the duplicate items or use the Update functionality to ensure a consistent restore behavior. The duplicate 'PackageVersion' items are: Microsoft.Extensions.Configuration.Abstractions 10.0.10, Microsoft.Extensions.Configuration.Abstractions 10.0.0.
C:\WorkSpace\AquaAPI\src\BuildingBlocks\BuildingBlocks.GrpcContracts\BuildingBlocks.GrpcContracts.csproj : warning NU1506: Duplicate 'PackageVersion' items found. Remove the duplicate items or use the Update functionality to ensure a consistent restore behavior. The duplicate 'PackageVersion' items are: Microsoft.Extensions.Configuration.Abstractions 10.0.10, Microsoft.Extensions.Configuration.Abstractions 10.0.0.
C:\WorkSpace\AquaAPI\src\BuildingBlocks\BuildingBlocks.Infrastructure\BuildingBlocks.Infrastructure.csproj : warning NU1506: Duplicate 'PackageVersion' items found. Remove the duplicate items or use the Update functionality to ensure a consistent restore behavior. The duplicate 'PackageVersion' items are: Microsoft.Extensions.Configuration.Abstractions 10.0.10, Microsoft.Extensions.Configuration.Abstractions 10.0.0.
C:\WorkSpace\AquaAPI\src\BuildingBlocks\BuildingBlocks.Application\BuildingBlocks.Application.csproj : warning NU1506: Duplicate 'PackageVersion' items found. Remove the duplicate items or use the Update functionality to ensure a consistent restore behavior. The duplicate 'PackageVersion' items are: Microsoft.Extensions.Configuration.Abstractions 10.0.10, Microsoft.Extensions.Configuration.Abstractions 10.0.0.
C:\WorkSpace\AquaAPI\src\BuildingBlocks\BuildingBlocks.Domain\BuildingBlocks.Domain.csproj : warning NU1506: Duplicate 'PackageVersion' items found. Remove the duplicate items or use the Update functionality to ensure a consistent restore behavior. The duplicate 'PackageVersion' items are: Microsoft.Extensions.Configuration.Abstractions 10.0.10, Microsoft.Extensions.Configuration.Abstractions 10.0.0.
C:\WorkSpace\AquaAPI\src\Services\TelemetryService\Telemetry.ArchitectureTests\Telemetry.ArchitectureTests.csproj : warning NU1506: Duplicate 'PackageVersion' items found. Remove the duplicate items or use the Update functionality to ensure a consistent restore behavior. The duplicate 'PackageVersion' items are: Microsoft.Extensions.Configuration.Abstractions 10.0.10, Microsoft.Extensions.Configuration.Abstractions 10.0.0.
C:\WorkSpace\AquaAPI\src\BuildingBlocks\BuildingBlocks.Application\BuildingBlocks.Application.csproj : warning NU1504: Duplicate 'PackageReference' items found. Remove the duplicate items or use the Update functionality to ensure a consistent restore behavior. The duplicate 'PackageReference' items are: MediatR , MediatR ; FluentValidation.DependencyInjectionExtensions , FluentValidation.DependencyInjectionExtensions .
    13 Warning(s)
    0 Error(s)

Time Elapsed 00:00:02.02
  Determining projects to restore...
C:\WorkSpace\AquaAPI\src\Services\TelemetryService\Telemetry.TestShared\Telemetry.TestShared.csproj : warning NU1506: Duplicate 'PackageVersion' items found. Remove the duplicate items or use the Update functionality to ensure a consistent restore behavior. The duplicate 'PackageVersion' items are: Microsoft.Extensions.Configuration.Abstractions 10.0.10, Microsoft.Extensions.Configuration.Abstractions 10.0.0.
C:\WorkSpace\AquaAPI\src\Services\TelemetryService\Telemetry.Domain\Telemetry.Domain.csproj : warning NU1506: Duplicate 'PackageVersion' items found. Remove the duplicate items or use the Update functionality to ensure a consistent restore behavior. The duplicate 'PackageVersion' items are: Microsoft.Extensions.Configuration.Abstractions 10.0.10, Microsoft.Extensions.Configuration.Abstractions 10.0.0.
C:\WorkSpace\AquaAPI\src\BuildingBlocks\BuildingBlocks.Domain\BuildingBlocks.Domain.csproj : warning NU1506: Duplicate 'PackageVersion' items found. Remove the duplicate items or use the Update functionality to ensure a consistent restore behavior. The duplicate 'PackageVersion' items are: Microsoft.Extensions.Configuration.Abstractions 10.0.10, Microsoft.Extensions.Configuration.Abstractions 10.0.0.
C:\WorkSpace\AquaAPI\src\Services\TelemetryService\Telemetry.Domain.UnitTests\Telemetry.Domain.UnitTests.csproj : warning NU1506: Duplicate 'PackageVersion' items found. Remove the duplicate items or use the Update functionality to ensure a consistent restore behavior. The duplicate 'PackageVersion' items are: Microsoft.Extensions.Configuration.Abstractions 10.0.10, Microsoft.Extensions.Configuration.Abstractions 10.0.0.
  All projects are up-to-date for restore.
  BuildingBlocks.Domain -> C:\WorkSpace\AquaAPI\src\BuildingBlocks\BuildingBlocks.Domain\bin\Debug\net8.0\BuildingBlocks.Domain.dll
  Telemetry.Domain -> C:\WorkSpace\AquaAPI\src\Services\TelemetryService\Telemetry.Domain\bin\Debug\net8.0\Telemetry.Domain.dll
  Telemetry.TestShared -> C:\WorkSpace\AquaAPI\src\Services\TelemetryService\Telemetry.TestShared\bin\Debug\net8.0\Telemetry.TestShared.dll
  Telemetry.Domain.UnitTests -> C:\WorkSpace\AquaAPI\src\Services\TelemetryService\Telemetry.Domain.UnitTests\bin\Debug\net8.0\Telemetry.Domain.UnitTests.dll

Build succeeded.

C:\WorkSpace\AquaAPI\src\Services\TelemetryService\Telemetry.TestShared\Telemetry.TestShared.csproj : warning NU1506: Duplicate 'PackageVersion' items found. Remove the duplicate items or use the Update functionality to ensure a consistent restore behavior. The duplicate 'PackageVersion' items are: Microsoft.Extensions.Configuration.Abstractions 10.0.10, Microsoft.Extensions.Configuration.Abstractions 10.0.0.
C:\WorkSpace\AquaAPI\src\Services\TelemetryService\Telemetry.Domain\Telemetry.Domain.csproj : warning NU1506: Duplicate 'PackageVersion' items found. Remove the duplicate items or use the Update functionality to ensure a consistent restore behavior. The duplicate 'PackageVersion' items are: Microsoft.Extensions.Configuration.Abstractions 10.0.10, Microsoft.Extensions.Configuration.Abstractions 10.0.0.
C:\WorkSpace\AquaAPI\src\BuildingBlocks\BuildingBlocks.Domain\BuildingBlocks.Domain.csproj : warning NU1506: Duplicate 'PackageVersion' items found. Remove the duplicate items or use the Update functionality to ensure a consistent restore behavior. The duplicate 'PackageVersion' items are: Microsoft.Extensions.Configuration.Abstractions 10.0.10, Microsoft.Extensions.Configuration.Abstractions 10.0.0.
C:\WorkSpace\AquaAPI\src\Services\TelemetryService\Telemetry.Domain.UnitTests\Telemetry.Domain.UnitTests.csproj : warning NU1506: Duplicate 'PackageVersion' items found. Remove the duplicate items or use the Update functionality to ensure a consistent restore behavior. The duplicate 'PackageVersion' items are: Microsoft.Extensions.Configuration.Abstractions 10.0.10, Microsoft.Extensions.Configuration.Abstractions 10.0.0.
    4 Warning(s)
    0 Error(s)

Time Elapsed 00:00:01.52
  Determining projects to restore...
C:\WorkSpace\AquaAPI\src\BuildingBlocks\BuildingBlocks.Application\BuildingBlocks.Application.csproj : warning NU1504: Duplicate 'PackageReference' items found. Remove the duplicate items or use the Update functionality to ensure a consistent restore behavior. The duplicate 'PackageReference' items are: MediatR , MediatR ; FluentValidation.DependencyInjectionExtensions , FluentValidation.DependencyInjectionExtensions .
C:\WorkSpace\AquaAPI\src\Services\TelemetryService\TelemetryService\Telemetry.API.csproj : warning NU1506: Duplicate 'PackageVersion' items found. Remove the duplicate items or use the Update functionality to ensure a consistent restore behavior. The duplicate 'PackageVersion' items are: Microsoft.Extensions.Configuration.Abstractions 10.0.10, Microsoft.Extensions.Configuration.Abstractions 10.0.0.
C:\WorkSpace\AquaAPI\src\Services\TelemetryService\Telemetry.Domain\Telemetry.Domain.csproj : warning NU1506: Duplicate 'PackageVersion' items found. Remove the duplicate items or use the Update functionality to ensure a consistent restore behavior. The duplicate 'PackageVersion' items are: Microsoft.Extensions.Configuration.Abstractions 10.0.10, Microsoft.Extensions.Configuration.Abstractions 10.0.0.
C:\WorkSpace\AquaAPI\src\Services\TelemetryService\Telemetry.TestShared\Telemetry.TestShared.csproj : warning NU1506: Duplicate 'PackageVersion' items found. Remove the duplicate items or use the Update functionality to ensure a consistent restore behavior. The duplicate 'PackageVersion' items are: Microsoft.Extensions.Configuration.Abstractions 10.0.10, Microsoft.Extensions.Configuration.Abstractions 10.0.0.
C:\WorkSpace\AquaAPI\src\Services\TelemetryService\Telemetry.Application\Telemetry.Application.csproj : warning NU1506: Duplicate 'PackageVersion' items found. Remove the duplicate items or use the Update functionality to ensure a consistent restore behavior. The duplicate 'PackageVersion' items are: Microsoft.Extensions.Configuration.Abstractions 10.0.10, Microsoft.Extensions.Configuration.Abstractions 10.0.0.
C:\WorkSpace\AquaAPI\src\BuildingBlocks\BuildingBlocks.Infrastructure\BuildingBlocks.Infrastructure.csproj : warning NU1506: Duplicate 'PackageVersion' items found. Remove the duplicate items or use the Update functionality to ensure a consistent restore behavior. The duplicate 'PackageVersion' items are: Microsoft.Extensions.Configuration.Abstractions 10.0.10, Microsoft.Extensions.Configuration.Abstractions 10.0.0.
C:\WorkSpace\AquaAPI\src\Services\TelemetryService\Telemetry.Infrastructure\Telemetry.Infrastructure.csproj : warning NU1506: Duplicate 'PackageVersion' items found. Remove the duplicate items or use the Update functionality to ensure a consistent restore behavior. The duplicate 'PackageVersion' items are: Microsoft.Extensions.Configuration.Abstractions 10.0.10, Microsoft.Extensions.Configuration.Abstractions 10.0.0.
C:\WorkSpace\AquaAPI\src\BuildingBlocks\BuildingBlocks.Presentation\BuildingBlocks.Presentation.csproj : warning NU1506: Duplicate 'PackageVersion' items found. Remove the duplicate items or use the Update functionality to ensure a consistent restore behavior. The duplicate 'PackageVersion' items are: Microsoft.Extensions.Configuration.Abstractions 10.0.10, Microsoft.Extensions.Configuration.Abstractions 10.0.0.
C:\WorkSpace\AquaAPI\src\BuildingBlocks\BuildingBlocks.Domain\BuildingBlocks.Domain.csproj : warning NU1506: Duplicate 'PackageVersion' items found. Remove the duplicate items or use the Update functionality to ensure a consistent restore behavior. The duplicate 'PackageVersion' items are: Microsoft.Extensions.Configuration.Abstractions 10.0.10, Microsoft.Extensions.Configuration.Abstractions 10.0.0.
C:\WorkSpace\AquaAPI\src\BuildingBlocks\BuildingBlocks.Application\BuildingBlocks.Application.csproj : warning NU1506: Duplicate 'PackageVersion' items found. Remove the duplicate items or use the Update functionality to ensure a consistent restore behavior. The duplicate 'PackageVersion' items are: Microsoft.Extensions.Configuration.Abstractions 10.0.10, Microsoft.Extensions.Configuration.Abstractions 10.0.0.
C:\WorkSpace\AquaAPI\src\BuildingBlocks\BuildingBlocks.IntegrationEvents\BuildingBlocks.IntegrationEvents.csproj : warning NU1506: Duplicate 'PackageVersion' items found. Remove the duplicate items or use the Update functionality to ensure a consistent restore behavior. The duplicate 'PackageVersion' items are: Microsoft.Extensions.Configuration.Abstractions 10.0.10, Microsoft.Extensions.Configuration.Abstractions 10.0.0.
C:\WorkSpace\AquaAPI\src\BuildingBlocks\BuildingBlocks.GrpcContracts\BuildingBlocks.GrpcContracts.csproj : warning NU1506: Duplicate 'PackageVersion' items found. Remove the duplicate items or use the Update functionality to ensure a consistent restore behavior. The duplicate 'PackageVersion' items are: Microsoft.Extensions.Configuration.Abstractions 10.0.10, Microsoft.Extensions.Configuration.Abstractions 10.0.0.
C:\WorkSpace\AquaAPI\src\Services\TelemetryService\Telemetry.Infrastructure.IntegrationTests\Telemetry.Infrastructure.IntegrationTests.csproj : warning NU1506: Duplicate 'PackageVersion' items found. Remove the duplicate items or use the Update functionality to ensure a consistent restore behavior. The duplicate 'PackageVersion' items are: Microsoft.Extensions.Configuration.Abstractions 10.0.10, Microsoft.Extensions.Configuration.Abstractions 10.0.0.
  All projects are up-to-date for restore.
C:\WorkSpace\AquaAPI\src\BuildingBlocks\BuildingBlocks.Application\BuildingBlocks.Application.csproj : warning NU1504: Duplicate 'PackageReference' items found. Remove the duplicate items or use the Update functionality to ensure a consistent restore behavior. The duplicate 'PackageReference' items are: MediatR , MediatR ; FluentValidation.DependencyInjectionExtensions , FluentValidation.DependencyInjectionExtensions .
  BuildingBlocks.Domain -> C:\WorkSpace\AquaAPI\src\BuildingBlocks\BuildingBlocks.Domain\bin\Debug\net8.0\BuildingBlocks.Domain.dll
  Telemetry.Domain -> C:\WorkSpace\AquaAPI\src\Services\TelemetryService\Telemetry.Domain\bin\Debug\net8.0\Telemetry.Domain.dll
  BuildingBlocks.IntegrationEvents -> C:\WorkSpace\AquaAPI\src\BuildingBlocks\BuildingBlocks.IntegrationEvents\bin\Debug\net8.0\BuildingBlocks.IntegrationEvents.dll
  BuildingBlocks.Application -> C:\WorkSpace\AquaAPI\src\BuildingBlocks\BuildingBlocks.Application\bin\Debug\net8.0\BuildingBlocks.Application.dll
  BuildingBlocks.Presentation -> C:\WorkSpace\AquaAPI\src\BuildingBlocks\BuildingBlocks.Presentation\bin\Debug\net8.0\BuildingBlocks.Presentation.dll
  Telemetry.TestShared -> C:\WorkSpace\AquaAPI\src\Services\TelemetryService\Telemetry.TestShared\bin\Debug\net8.0\Telemetry.TestShared.dll
  Telemetry.Application -> C:\WorkSpace\AquaAPI\src\Services\TelemetryService\Telemetry.Application\bin\Debug\net8.0\Telemetry.Application.dll
  BuildingBlocks.Infrastructure -> C:\WorkSpace\AquaAPI\src\BuildingBlocks\BuildingBlocks.Infrastructure\bin\Debug\net8.0\BuildingBlocks.Infrastructure.dll
  BuildingBlocks.GrpcContracts -> C:\WorkSpace\AquaAPI\src\BuildingBlocks\BuildingBlocks.GrpcContracts\bin\Debug\net8.0\BuildingBlocks.GrpcContracts.dll
  Telemetry.Infrastructure -> C:\WorkSpace\AquaAPI\src\Services\TelemetryService\Telemetry.Infrastructure\bin\Debug\net8.0\Telemetry.Infrastructure.dll
  Telemetry.API -> C:\WorkSpace\AquaAPI\src\Services\TelemetryService\TelemetryService\bin\Debug\net8.0\Telemetry.API.dll
  Telemetry.Infrastructure.IntegrationTests -> C:\WorkSpace\AquaAPI\src\Services\TelemetryService\Telemetry.Infrastructure.IntegrationTests\bin\Debug\net8.0\Telemetry.Infrastructure.IntegrationTests.dll

Build succeeded.

C:\WorkSpace\AquaAPI\src\BuildingBlocks\BuildingBlocks.Application\BuildingBlocks.Application.csproj : warning NU1504: Duplicate 'PackageReference' items found. Remove the duplicate items or use the Update functionality to ensure a consistent restore behavior. The duplicate 'PackageReference' items are: MediatR , MediatR ; FluentValidation.DependencyInjectionExtensions , FluentValidation.DependencyInjectionExtensions .
C:\WorkSpace\AquaAPI\src\Services\TelemetryService\TelemetryService\Telemetry.API.csproj : warning NU1506: Duplicate 'PackageVersion' items found. Remove the duplicate items or use the Update functionality to ensure a consistent restore behavior. The duplicate 'PackageVersion' items are: Microsoft.Extensions.Configuration.Abstractions 10.0.10, Microsoft.Extensions.Configuration.Abstractions 10.0.0.
C:\WorkSpace\AquaAPI\src\Services\TelemetryService\Telemetry.Domain\Telemetry.Domain.csproj : warning NU1506: Duplicate 'PackageVersion' items found. Remove the duplicate items or use the Update functionality to ensure a consistent restore behavior. The duplicate 'PackageVersion' items are: Microsoft.Extensions.Configuration.Abstractions 10.0.10, Microsoft.Extensions.Configuration.Abstractions 10.0.0.
C:\WorkSpace\AquaAPI\src\Services\TelemetryService\Telemetry.TestShared\Telemetry.TestShared.csproj : warning NU1506: Duplicate 'PackageVersion' items found. Remove the duplicate items or use the Update functionality to ensure a consistent restore behavior. The duplicate 'PackageVersion' items are: Microsoft.Extensions.Configuration.Abstractions 10.0.10, Microsoft.Extensions.Configuration.Abstractions 10.0.0.
C:\WorkSpace\AquaAPI\src\Services\TelemetryService\Telemetry.Application\Telemetry.Application.csproj : warning NU1506: Duplicate 'PackageVersion' items found. Remove the duplicate items or use the Update functionality to ensure a consistent restore behavior. The duplicate 'PackageVersion' items are: Microsoft.Extensions.Configuration.Abstractions 10.0.10, Microsoft.Extensions.Configuration.Abstractions 10.0.0.
C:\WorkSpace\AquaAPI\src\BuildingBlocks\BuildingBlocks.Infrastructure\BuildingBlocks.Infrastructure.csproj : warning NU1506: Duplicate 'PackageVersion' items found. Remove the duplicate items or use the Update functionality to ensure a consistent restore behavior. The duplicate 'PackageVersion' items are: Microsoft.Extensions.Configuration.Abstractions 10.0.10, Microsoft.Extensions.Configuration.Abstractions 10.0.0.
C:\WorkSpace\AquaAPI\src\Services\TelemetryService\Telemetry.Infrastructure\Telemetry.Infrastructure.csproj : warning NU1506: Duplicate 'PackageVersion' items found. Remove the duplicate items or use the Update functionality to ensure a consistent restore behavior. The duplicate 'PackageVersion' items are: Microsoft.Extensions.Configuration.Abstractions 10.0.10, Microsoft.Extensions.Configuration.Abstractions 10.0.0.
C:\WorkSpace\AquaAPI\src\BuildingBlocks\BuildingBlocks.Presentation\BuildingBlocks.Presentation.csproj : warning NU1506: Duplicate 'PackageVersion' items found. Remove the duplicate items or use the Update functionality to ensure a consistent restore behavior. The duplicate 'PackageVersion' items are: Microsoft.Extensions.Configuration.Abstractions 10.0.10, Microsoft.Extensions.Configuration.Abstractions 10.0.0.
C:\WorkSpace\AquaAPI\src\BuildingBlocks\BuildingBlocks.Domain\BuildingBlocks.Domain.csproj : warning NU1506: Duplicate 'PackageVersion' items found. Remove the duplicate items or use the Update functionality to ensure a consistent restore behavior. The duplicate 'PackageVersion' items are: Microsoft.Extensions.Configuration.Abstractions 10.0.10, Microsoft.Extensions.Configuration.Abstractions 10.0.0.
C:\WorkSpace\AquaAPI\src\BuildingBlocks\BuildingBlocks.Application\BuildingBlocks.Application.csproj : warning NU1506: Duplicate 'PackageVersion' items found. Remove the duplicate items or use the Update functionality to ensure a consistent restore behavior. The duplicate 'PackageVersion' items are: Microsoft.Extensions.Configuration.Abstractions 10.0.10, Microsoft.Extensions.Configuration.Abstractions 10.0.0.
C:\WorkSpace\AquaAPI\src\BuildingBlocks\BuildingBlocks.IntegrationEvents\BuildingBlocks.IntegrationEvents.csproj : warning NU1506: Duplicate 'PackageVersion' items found. Remove the duplicate items or use the Update functionality to ensure a consistent restore behavior. The duplicate 'PackageVersion' items are: Microsoft.Extensions.Configuration.Abstractions 10.0.10, Microsoft.Extensions.Configuration.Abstractions 10.0.0.
C:\WorkSpace\AquaAPI\src\BuildingBlocks\BuildingBlocks.GrpcContracts\BuildingBlocks.GrpcContracts.csproj : warning NU1506: Duplicate 'PackageVersion' items found. Remove the duplicate items or use the Update functionality to ensure a consistent restore behavior. The duplicate 'PackageVersion' items are: Microsoft.Extensions.Configuration.Abstractions 10.0.10, Microsoft.Extensions.Configuration.Abstractions 10.0.0.
C:\WorkSpace\AquaAPI\src\Services\TelemetryService\Telemetry.Infrastructure.IntegrationTests\Telemetry.Infrastructure.IntegrationTests.csproj : warning NU1506: Duplicate 'PackageVersion' items found. Remove the duplicate items or use the Update functionality to ensure a consistent restore behavior. The duplicate 'PackageVersion' items are: Microsoft.Extensions.Configuration.Abstractions 10.0.10, Microsoft.Extensions.Configuration.Abstractions 10.0.0.
C:\WorkSpace\AquaAPI\src\BuildingBlocks\BuildingBlocks.Application\BuildingBlocks.Application.csproj : warning NU1504: Duplicate 'PackageReference' items found. Remove the duplicate items or use the Update functionality to ensure a consistent restore behavior. The duplicate 'PackageReference' items are: MediatR , MediatR ; FluentValidation.DependencyInjectionExtensions , FluentValidation.DependencyInjectionExtensions .
    14 Warning(s)
    0 Error(s)

Time Elapsed 00:00:02.30
